04-10 19:17:56.492  1729  1729 I OVRMediaService: onStartCommand Received message type: set_package_name, caller package: no_app_identity
04-10 19:17:56.494  2072  2219 I ClientMgr: Non-overlay clients rendering status has changed: prev=69, curr=70, enabled=2
04-10 19:17:56.495  1785  1880 I VrApi   : OVR::Stats thread started
04-10 19:17:56.500   721  2170 D         : CPU_CLUSTER_0: Client 2072 sends freq request [21, 21]
04-10 19:17:56.500   721  2170 D         : CPU_CLUSTER_0: Next Perf Level = (21, 21)
04-10 19:17:56.501   721  2170 D         : CPU_CLUSTER_1: Client 2072 sends freq request [18, 18]
04-10 19:17:56.501   721  2170 D         : CPU_CLUSTER_1: Next Perf Level = (18, 18)
04-10 19:17:56.501   721  2170 D         : CPUBW: Client 2072 sends freq request [8, 11]
04-10 19:17:56.501   721  2170 D         : CPUBW: Next Perf Level = (8, 11)
04-10 19:17:56.502  2087  2134 I GuardianSystem: rsapi_PollEvent: rsEventPackageNameChange: com.oculus.vrshell
04-10 19:17:56.502  2087  2134 I GuardianSystem: SetCurrentPackageName: com.oculus.vrshell
04-10 19:17:56.502  1729  1729 I OVRMediaService: Got package name intent (com.oculus.vrshell)
04-10 19:17:56.502  1785  1880 I VrApi   : System brightness = 255
04-10 19:17:56.503  2072 11971 V Appshot : Appshot client set to com.YourCompany.VRProject
04-10 19:17:56.504  2072 11971 I CaptureSurfaceManager: Capture NativeWindow: 768 x 768 fmt 1
04-10 19:17:56.505  2072 11971 I CaptureSurfaceManager: Surface Size 768x768
04-10 19:17:56.508  2072 11971 I Distortion: SetLensPositions - iad=0.063, left offset=0.000250001,0, right offset=-0.000250001,0
04-10 19:17:56.508  2072 11971 I DistortionMesh: LoadDistortionMeshFromMemory
04-10 19:17:56.509   721  2170 D         : GPU: Client 2072 sends freq request [6, 6]
04-10 19:17:56.509   721  2170 D         : GPU: Next Perf Level = (6, 6)
04-10 19:17:56.515  2072 11970 I Clocks  : LockClocks( cpu=2, gpu=4 ) - end (25.2 ms)
04-10 19:17:56.516  1785 12372 D VrApi   : targetSDKVersion 27
04-10 19:17:56.522  1785 12372 I JniUtils: ovr_GetCurrentPackageSignature 
04-10 19:17:56.522  2072 12041 D Appshot : broadcastImageToShell intent_pkg: com.YourCompany.VRProject jpg_size: 26698
04-10 19:17:56.522  1785  1880 I VrApi   : Set brightness to 255
04-10 19:17:56.523  1785  1880 I VrApi   : Set DND mode to false
04-10 19:17:56.524  1785 12372 I Metrics : device name = Oculus Quest
04-10 19:17:56.533 11787 12134 D UE4     : *** JavaEnvDestructor: 12134
04-10 19:17:56.534  1785  1880 I VrApi   : System DND mode = false
04-10 19:17:56.534  1785  1880 I VrApi   : ---------- vrapi_EnterVrMode [end] ----------
04-10 19:17:56.534  1785  1880 I ClientInputSettings: SetInhibitHandleHomeKey = true
04-10 19:17:56.534  1785  1880 I ClientInputSettings: InhibitConfirmQuitMenu = true
04-10 19:17:56.534  1785  1880 I ClientInputSettings: ReorientHMDOnControllerRecenter = true
04-10 19:17:56.534  1785  1880 I [OAR] ShellApp: Setting clock levels to cpu=2, gpu=4
04-10 19:17:56.534  1785  1880 I [OAR] ShellApp: Setting perf thread tids to main=1880, render=unset
04-10 19:17:56.534  1785  1880 I [OAR] Compositor: Initializing Compositor: 1216x1344
04-10 19:17:56.534  1785  1880 I [OAR] ShellApp: FramebufferIsSrgb: true
04-10 19:17:56.534  1785  1880 I ScreenCaptureHelper: SetScreenCaptureInhibitFlag : inhibited
04-10 19:17:56.534  2072  2092 I ScreenCaptureBase: GlobalInhibitState=0
04-10 19:17:56.534  1785  1880 I [OAR] PlatformManager: Resuming live stream
04-10 19:17:56.537  1785  1880 I libOpenSLES: Emulating old channel mask behavior (ignoring positional mask 0x3, using default mask 0x3 based on channel count of 2)
04-10 19:17:56.538   553  3674 I AudioPolicyManagerCustom: offload disabled by audio.offload.disable=1
04-10 19:17:56.538   553  3674 I AudioPolicyManagerCustom: Direct PCM is disabled for this request
04-10 19:17:56.539   553   553 W AudioFlinger: createTrack_l(): mismatch between requested flags (00000104) and output flags (00000006)
04-10 19:17:56.541  1785  1880 D AudioTrack: Client defaulted notificationFrames to 192 for frameCount 384
04-10 19:17:56.551 11787 12135 D UE4     : *** JavaEnvDestructor: 12135
04-10 19:17:56.551  1883  1883 D [OAR] AnytimeUIBroadcastReceiver: action: com.oculus.vrshell.intent.action.UPDATE_APP_SCREENSHOT
04-10 19:17:56.551  1883  1883 D [OAR] HomeDialog: screenshot update package: com.YourCompany.VRProject size: 26698
04-10 19:17:56.552 11787 12133 D UE4     : *** JavaEnvDestructor: 12133
04-10 19:17:56.554  2072 12041 V Appshot : SendAppshotToShell
04-10 19:17:56.555  1785  1880 D AudioTrack: updateAppOpsPlayAudio: checkOp OP_PLAY_AUDIO for com.oculus.vrshell returns: 0 (ALLOWED)
04-10 19:17:56.557   553   592 W AudioFlinger: checkEffectCompatibility_l(): non HW effect Volume listener for Music on playback thread in fast mode
04-10 19:17:56.557   553   592 E AudioEffect: set(): AudioFlinger could not create effect, status: -22
04-10 19:17:56.557   553   592 E AudioPolicyEffects: addOutputSessionEffects(): failed to create Fx  music_helper on session 673
04-10 19:17:56.559  1785  1880 I [OAR] PanelAppHost: Panel app 16 (com.oculus.vrshell.home/com.oculus.vrshell.home.ExploreService) changing state from background to foreground
04-10 19:17:56.567  1785  1880 D [OAR] ShellApplication: notify OS to set com.oculus.vrshell.home/com.oculus.vrshell.home.ExploreService to FOREGROUND
04-10 19:17:56.567  1785  1880 I [OAR] VrShellDesktopBase: Foregrounding: com.oculus.vrshell.home/com.oculus.vrshell.home.ExploreService
04-10 19:17:56.568  1091  1118 I MediaFocusControl:  AudioFocus  requestAudioFocus() from uid/pid 10024/1785 clientId=android.media.AudioManager@fa9a90com.oculus.video.VideoPlayer_Android@12bdf89 req=1 flags=0x0
04-10 19:17:56.569  1785  1880 D VideoPlayer_Android: requestAudioFocus(): GRANTED audio focus
04-10 19:17:56.569  1785  1880 I [OAR] SystemUXController: Recentering for launch - SystemDialog, com.YourCompany.VRProject, com.YourCompany.VRProject/com.epicgames.ue4.GameActivity
04-10 19:17:56.569  1785  1880 I [OAR] LocalSpace: ResetNextFrame
04-10 19:17:56.570  1785  1880 I [OAR] InputManager: Adding controller deviceId = 536870914 type = 4
04-10 19:17:56.575  1785  1880 I [OAR] ModelFile: LoadModelFileFromMemory .gltf.ovrscene 695274
04-10 19:17:56.575  1785  1880 I [OAR] ModelFile: LoadModelFileFromMemory zfp = 0xbf27f500
04-10 19:17:56.576  1729  1741 I OVRPlatform: [CapturedAudioRenderer] Lazy create buffer trackID 673, size 48000
04-10 19:17:56.580  1785 12373 I [OAR] AudioEngine: PlayTimeOffset = 10999.657622
04-10 19:17:56.582  2055  2677 E Security-LocalReporter: UID '10041' is shared by multiple packages: [com.oculus.horizon, com.oculus.home]
04-10 19:17:56.586  1091  1522 E ActivityManager: Sending non-protected broadcast com.oculus.systemactivities.BEGIN_VIDEO_CAPTURE_WITH_SURFACE from system 1524:com.oculus.companion.server/1000 pkg com.oculus.companion.server
04-10 19:17:56.586  1091  1522 E ActivityManager: java.lang.Throwable
04-10 19:17:56.586  1091  1522 E ActivityManager: 	at com.android.server.am.ActivityManagerService.checkBroadcastFromSystem(ActivityManagerService.java:18311)
04-10 19:17:56.586  1091  1522 E ActivityManager: 	at com.android.server.am.ActivityManagerService.broadcastIntentLocked(ActivityManagerService.java:18792)
04-10 19:17:56.586  1091  1522 E ActivityManager: 	at com.android.server.am.ActivityManagerService.broadcastIntent(ActivityManagerService.java:18974)
04-10 19:17:56.586  1091  1522 E ActivityManager: 	at android.app.ActivityManagerNative.onTransact(ActivityManagerNative.java:500)
04-10 19:17:56.586  1091  1522 E ActivityManager: 	at com.android.server.am.ActivityManagerService.onTransact(ActivityManagerService.java:2843)
04-10 19:17:56.586  1091  1522 E ActivityManager: 	at android.os.Binder.execTransact(Binder.java:565)
04-10 19:17:56.594  1785  1880 I [OAR] ModelFile_glTF: LoadModelFile_glTF_Json parsing .gltf.ovrscene
04-10 19:17:56.597  1785  1880 I [OAR] InputManager: Adding controller deviceId = 536870915 type = 4
04-10 19:17:56.601  1785  1880 I [OAR] ModelFile: LoadModelFileFromMemory .gltf.ovrscene 694993
04-10 19:17:56.601  1785  1880 I [OAR] ModelFile: LoadModelFileFromMemory zfp = 0xc5effa00
04-10 19:17:56.610  1091  1522 E ActivityManager: Sending non-protected broadcast com.oculus.systemactivities.BEGIN_VIDEO_CAPTURE_WITH_SURFACE from system 1524:com.oculus.companion.server/1000 pkg com.oculus.companion.server
04-10 19:17:56.610  1091  1522 E ActivityManager: java.lang.Throwable
04-10 19:17:56.610  1091  1522 E ActivityManager: 	at com.android.server.am.ActivityManagerService.checkBroadcastFromSystem(ActivityManagerService.java:18311)
04-10 19:17:56.610  1091  1522 E ActivityManager: 	at com.android.server.am.ActivityManagerService.broadcastIntentLocked(ActivityManagerService.java:18883)
04-10 19:17:56.610  1091  1522 E ActivityManager: 	at com.android.server.am.ActivityManagerService.broadcastIntent(ActivityManagerService.java:18974)
04-10 19:17:56.610  1091  1522 E ActivityManager: 	at android.app.ActivityManagerNative.onTransact(ActivityManagerNative.java:500)
04-10 19:17:56.610  1091  1522 E ActivityManager: 	at com.android.server.am.ActivityManagerService.onTransact(ActivityManagerService.java:2843)
04-10 19:17:56.610  1091  1522 E ActivityManager: 	at android.os.Binder.execTransact(Binder.java:565)
04-10 19:17:56.620  1785  1880 I [OAR] ModelFile_glTF: LoadModelFile_glTF_Json parsing .gltf.ovrscene
04-10 19:17:56.622  1785  1880 I [OAR] InputManager: Switching Primary controller due to vrapi
04-10 19:17:56.622  1785  1880 I [OAR] InputManager: Secondary input source selection id=536870915
04-10 19:17:56.623  2087  2127 I GuardianSystem: Guardian: GuardianCmdWithParms 1, 0, 0.000000
04-10 19:17:56.623  2055  2677 I LibraryProvider: running queryApp(com.oculus.vrshell) for com.oculus.uid:10041
04-10 19:17:56.623  2055  2677 W LibraryProvider: Cannot find entitlement for com.oculus.vrshell
04-10 19:17:56.623  1785  1880 I [OAR] RouteInput: New inputState.cursorTraceSource: 1
04-10 19:17:56.623  1785  1880 I [OAR] LocalSpace: Reset - initialRawFromLocalPose
04-10 19:17:56.623  1785  1880 I [OAR] LocalSpace: 	rotX: 0.004587
04-10 19:17:56.623  1785  1880 I [OAR] LocalSpace: 	rotY: -0.197361
04-10 19:17:56.623  1785  1880 I [OAR] LocalSpace: 	rotZ: 0.022478
04-10 19:17:56.623  1785  1880 I [OAR] LocalSpace: 	rotW: 0.980062
04-10 19:17:56.623  1785  1880 I [OAR] LocalSpace: 	traX: 0.007093
04-10 19:17:56.623  1785  1880 I [OAR] LocalSpace: 	traY: -0.084733
04-10 19:17:56.623  1785  1880 I [OAR] LocalSpace: 	traZ: 0.031676
04-10 19:17:56.623  1785  1880 I [OAR] LocalSpace: Applying VRAPI Reorient
04-10 19:17:56.623  1785  1880 I [OAR] LocalSpace: Recentering local space
04-10 19:17:56.623  1729  1729 W OVRLibrary: null cursor received for query content://com.oculus.ocms.library/apps/com.oculus.vrshell
04-10 19:17:56.624  1729  1729 I PlatformPluginManager: onAppStart com.oculus.vrshell false
04-10 19:17:56.624  2072  2092 I VrRuntimeServer: UpdateLocalSpace: Src: 2, Version: 55, VersionUser: 1, RawFloorHeightOld: -1.257272, RawFloorHeightNew: -1.257272
04-10 19:17:56.624  1785  1880 I [OAR] LocalSpace: currentLocalPose
04-10 19:17:56.624  1785  1880 I [OAR] LocalSpace: 	rotX: -0.043525
04-10 19:17:56.624  1785  1880 I [OAR] LocalSpace: 	rotY: -0.000285
04-10 19:17:56.624  1785  1880 I [OAR] LocalSpace: 	rotZ: -0.006540
04-10 19:17:56.624  1785  1880 I [OAR] LocalSpace: 	rotW: 0.999031
04-10 19:17:56.624  1785  1880 I [OAR] LocalSpace: 	traX: 0.000000
04-10 19:17:56.624  1785  1880 I [OAR] LocalSpace: 	traY: 1.134998
04-10 19:17:56.624  1785  1880 I [OAR] LocalSpace: 	traZ: 0.000000
04-10 19:17:56.624  1785  1880 I [OAR] LocalSpace: localPose
04-10 19:17:56.624  1785  1880 I [OAR] LocalSpace: 	rotX: -0.110363
04-10 19:17:56.624  1785  1880 I [OAR] LocalSpace: 	rotY: -0.002521
04-10 19:17:56.624  1785  1880 I [OAR] LocalSpace: 	rotZ: -0.022699
04-10 19:17:56.624  1785  1880 I [OAR] LocalSpace: 	rotW: 0.993629
04-10 19:17:56.624  1785  1880 I [OAR] LocalSpace: 	traX: 0.000000
04-10 19:17:56.624  1785  1880 I [OAR] LocalSpace: 	traY: 1.119279
04-10 19:17:56.624  1785  1880 I [OAR] LocalSpace: 	traZ: 0.000000
04-10 19:17:56.624  1785  1880 I [OAR] DialogControllerManager: Hide Previous pending dialog: type: 0, uri "systemux://dialog/none", return component: "", return activity component: "" - reason process pending launch. launchType: SystemDialog
04-10 19:17:56.624  1785  1880 I [OAR] DialogControllerManager: ShowDialog
04-10 19:17:56.624  1785  1880 I [OAR] DialogControllerManager: Previous pending dialog: type: 0, uri "systemux://dialog/none", return component: "", return activity component: ""
04-10 19:17:56.625  1729  1729 I OVRPlatform: [PartiesAPI] ovr_Party_PluginGetSharedMemHandle: This function is deprecated, do not use
04-10 19:17:56.625  1785  1880 I [OAR] DialogControllerManager: New pending dialog: type: 10, uri "systemux://dialog/exit", return component: "com.YourCompany.VRProject", return activity component: "com.YourCompany.VRProject/com.epicgames.ue4.GameActivity"
04-10 19:17:56.625  1785  1880 I [OAR] DialogControllerManager: Dialog change detected; updating dialog UI.
04-10 19:17:56.625  1785  1880 I [OAR] DialogControllerManager: Old dialog: type: 2, uri "systemux://dialog/app_launch_blocked_controller_required?package_name=com.YourCompany.VRProject&launch_immediately_after=true", return component: "", return activity component: ""
04-10 19:17:56.625  1785  1880 I [OAR] DialogControllerManager: New dialog: type: 10, uri "systemux://dialog/exit", return component: "com.YourCompany.VRProject", return activity component: "com.YourCompany.VRProject/com.epicgames.ue4.GameActivity"
04-10 19:17:56.625  1785  1880 I [OAR] CommonSystemDialog: Unable to find common dialog for systemux route "EXIT_TO_HOME(systemux://dialog/exit)".
04-10 19:17:56.625  1785  1880 I [OAR] SystemDialogDefinition: Unable to find system dialog definition for dialog URI "systemux://dialog/exit".
04-10 19:17:56.625  1785  1880 I [OAR] SystemDialogController: HideVrShellDialog
04-10 19:17:56.625  1785  1880 I [OAR] DialogController: SetPendingDialog old: 0 systemux://dialog/none   new: 10 systemux://dialog/exit com.YourCompany.VRProject/com.epicgames.ue4.GameActivity
04-10 19:17:56.626  1785  1880 I [OAR] PlatformManager: Checking livestreaming allowed for:  com.YourCompany.VRProject
04-10 19:17:56.626  1785  1880 I [OAR] DialogController: Launching pending dialog: systemux://dialog/exit
04-10 19:17:56.626  1785  1880 I [OAR] DialogController: showDialog systemux://dialog/exit systemux://dialog/exit com.YourCompany.VRProject
04-10 19:17:56.626  1785  1880 I [OAR] PanelAppHost: Exiting panel application 19 on next frame with reason System Defined Closure.
04-10 19:17:56.626  1883  1883 I DialogPanel: Dialog panel foregrounded.
04-10 19:17:56.626  1785  1880 I [OAR] EnvironmentReconciler: Audio state is invalid, but headset is mounted. Marking all state as changed to trigger update
04-10 19:17:56.626  1785  1880 I [OAR] EnvironmentReconciler: Using the scene audio loop
04-10 19:17:56.626  1785  1880 I [OAR] Scene: SetBackgroundLoop: default scene selected, setting audio apk:///assets/system_environment.gltf.ovrscene
04-10 19:17:56.627  1785  1880 I [OAR] AudioMixer: PlayAmbisonicWavFile: 1335437 looping samples 4 channels at 10999.737622
04-10 19:17:56.627  1785  2350 I OVRPlatform: [CurlHttpClient] Executing HTTP request: https://graph.oculus.com//v1.20/me?fields=current_party{id,leader{id},join_policy,users{id,alias,can_viewer_message,display_name,profile_url,profile_url_small,presence,presence_status,presence_app{id,package_name},presence_deeplink_joinable,presence_deeplink_message,presence_destination_api_name,presence_scoped_user_id,avatar_v2{avatar_image{uri}}},invited_users{id,alias,can_viewer_message,display_name,profile_url,profile_url_small,presence,presence_status,presence_app{id,package_name},avatar_v2{avatar_image{uri}}}}&app_version=205956171
04-10 19:17:56.628  1785  1880 I [OAR] PanelAppAnalytics: Panel render last: 385210ms avg: 551667ms for com.oculus.systemux/com.oculus.panelapp.anytimeui.AnytimeUIAndroidPanelService
04-10 19:17:56.629  1883  1883 I [OAR] AnytimeUIAndroidPanelApp: updateActiveComponent - systemux://home, returnComponent = com.YourCompany.VRProject
04-10 19:17:56.629  1883  1883 I [OAR] AnytimeUIAndroidPanelAppBase: updateLiveStreamStatus - isLiveStreaming=false, allowed=false
04-10 19:17:56.630  1883  1883 I [OAR] AnytimeUIAndroidPanelAppBase: updateLocalStreamState - true
04-10 19:17:56.630  1883  1883 I [OAR] AnytimeUIAndroidPanelAppBase: configureDialog:  systemux://dialog/exit [systemux://dialog/exit] (com.YourCompany.VRProject)
04-10 19:17:56.630  1883  1883 I [OAR] AnytimeUIAndroidPanelAppBase: actionSetRoute - Route:  EXIT_TO_HOME(systemux://dialog/exit)
04-10 19:17:56.630  1883  1883 D [OAR] TaskBarViewV1: NUX Mode = false
04-10 19:17:56.630  1883  1883 D [OAR] TaskBarViewV1: Skipping NUX Mode for Quest
04-10 19:17:56.630  1883  1883 I AndroidPanelApp: Calling ensurePanelLayer on layer "dialog" with view ID 2131296306
04-10 19:17:56.630  1883  1883 I AndroidPanelLayer: Setting spec for layer "dialog"
04-10 19:17:56.630  1883  1883 I AndroidPanelLayer: Setting size of layer "dialog" to have width 540 and height 300
04-10 19:17:56.630  1883  1883 D [OAR] AnytimeUIAndroidPanelApp: Inflating view for layer: dialog, viewIdentifier = 2131296306
04-10 19:17:56.631  1883  1883 D [OAR] HomeDialog: Home Dialog constructed
04-10 19:17:56.632   553  2413 D audio_hw_primary: adev_open_input_stream: enter: sample_rate(48000) channel_mask(0x10) devices(0x80000004)        stream_handle(0xe970a280) io_handle(262) source(1) format 1
04-10 19:17:56.634  2087  2134 I GuardianSystem: UpdateSystem: Responding to local space version number change.
04-10 19:17:56.641   696   792 D GatekeeperNativeService: Using value 0 for gk oculus_bugreporter_v2_enabled, user=0
04-10 19:17:56.641  1883  1883 I [OAR] BugReporterUtils: Setting up bug reporter on button; using None
04-10 19:17:56.642  1883  1883 I [OAR] HomeDialog: Setting target package to com.YourCompany.VRProject
04-10 19:17:56.645   553  3674 W AudioFlinger::EffectModule: EffectModule 0xe974c180 destructor called with unreleased interface
04-10 19:17:56.645   553  3674 W AudioFlinger::EffectHandle: disconnect Effect handle 0xea54e540 disconnected after thread destruction
04-10 19:17:56.653  2055  2222 E Security-LocalReporter: UID '10041' is shared by multiple packages: [com.oculus.horizon, com.oculus.home]
04-10 19:17:56.658 11787 12139 D UE4     : *** JavaEnvDestructor: 12139
04-10 19:17:56.669   553 12377 I AudioFlinger: AudioFlinger's thread 0xe95032c0 ready to run
04-10 19:17:56.669   553  3674 D audio_hw_primary: adev_close_input_stream: enter:stream_handle(0xe970a280)
04-10 19:17:56.669   553  3674 D audio_hw_primary: in_standby: enter: stream (0xe970a280) usecase(16: audio-record)
04-10 19:17:56.669  2055  2222 I LibraryProvider: running queryApp(com.YourCompany.VRProject) for com.oculus.uid:10041
04-10 19:17:56.670  2055  2222 W LibraryProvider: Cannot find entitlement for com.YourCompany.VRProject
04-10 19:17:56.670  1729  4710 W OVRLibrary: null cursor received for query content://com.oculus.ocms.library/apps/com.YourCompany.VRProject
04-10 19:17:56.670  1785  2358 I OVRPlatform: [QueueAsyncResponseHandler] success: {"streaming_enabled":false}
04-10 19:17:56.680  2072  2072 D ScreenCaptureReceiver: onReceive com.oculus.systemactivities.BEGIN_VIDEO_CAPTURE_WITH_SURFACE package=com.oculus.systemdriver
04-10 19:17:56.690  1785  2355 I OVRPlatform: [QueueAsyncResponseHandler] success: {"livestreaming_enabled":false,"is_paused":false,"livestreaming_type":3,"comments_visible":false,"mic_enabled":false}
04-10 19:17:56.691  2072  2072 D TrustedSignatureVerifier: Checking app signature for com.oculus.horizon
04-10 19:17:56.691  2072  2072 D ScreenCaptureReceiver: App is trusted
04-10 19:17:56.691  2072  2072 D ScreenCaptureReceiver: Valid surface. Starting streaming
04-10 19:17:56.691  2072  2072 I ScreenCaptureBase: Screen Capture Command:1
04-10 19:17:56.698  2072 11971 I ScreenCaptureVideo: Start Video Capture
04-10 19:17:56.699  2072 12041 D Appshot : broadcastImageToShell intent_pkg: com.YourCompany.VRProject jpg_size: 26863
04-10 19:17:56.699  2072 11971 I CaptureSurfaceManager: Capture NativeWindow: 512 x 512 fmt 1
04-10 19:17:56.701  2072 11971 I CaptureSurfaceManager: Surface Size 512x512
04-10 19:17:56.702  2072 11971 I Distortion: SetLensPositions - iad=0.063, left offset=0.000250001,0, right offset=-0.000250001,0
04-10 19:17:56.703  2072 11971 I DistortionMesh: LoadDistortionMeshFromMemory
04-10 19:17:56.703  2072 11971 I TimeWarp: UpdateClockLevels: Apply pending clock request change: 2,4 -> 2,5
04-10 19:17:56.703  2072 11970 I Clocks  : ReleaseClocks - start
04-10 19:17:56.705   721  1268 D         : CPU_CLUSTER_0: No client requests exists, release clocks
04-10 19:17:56.706   721  1268 D         : CPU_CLUSTER_1: No client requests exists, release clocks
04-10 19:17:56.707   721  1268 D         : GPU: No client requests exists, release clocks
04-10 19:17:56.707   721  1268 D         : CPUBW: No client requests exists, release clocks
04-10 19:17:56.708  2072 11970 I Clocks  : ReleaseClocks - end (5.1 ms)
04-10 19:17:56.708  2072 11970 I Clocks  : LockClocks( cpu=2, gpu=5 ) - start
04-10 19:17:56.709  2072 11970 I Clocks  : CPU levels [0, 4]
04-10 19:17:56.709  2072 11970 I Clocks  : GPU levels [0, 5]
04-10 19:17:56.713   721   830 D         : CPU_CLUSTER_0: Client 2072 sends freq request [21, 21]
04-10 19:17:56.713   721   830 D         : CPU_CLUSTER_0: Next Perf Level = (21, 21)
04-10 19:17:56.713   721   830 D         : CPU_CLUSTER_1: Client 2072 sends freq request [18, 18]
04-10 19:17:56.713   721   830 D         : CPU_CLUSTER_1: Next Perf Level = (18, 18)
04-10 19:17:56.714   721   830 D         : CPUBW: Client 2072 sends freq request [8, 11]
04-10 19:17:56.714   721   830 D         : CPUBW: Next Perf Level = (8, 11)
04-10 19:17:56.717   721   830 D         : GPU: Client 2072 sends freq request [7, 7]
04-10 19:17:56.717   721   830 D         : GPU: Next Perf Level = (7, 7)
04-10 19:17:56.718  2072 11970 I Clocks  : LockClocks( cpu=2, gpu=5 ) - end (9.8 ms)
04-10 19:17:56.722  2055  2279 E Security-LocalReporter: UID '10041' is shared by multiple packages: [com.oculus.horizon, com.oculus.home]
04-10 19:17:56.731  2055  2071 I LibraryProvider: running queryApp(com.YourCompany.VRProject) for com.oculus.systemux
04-10 19:17:56.731  2055  2071 W LibraryProvider: Cannot find entitlement for com.YourCompany.VRProject
04-10 19:17:56.731  1883  1883 W OVRLibrary: null cursor received for query content://com.oculus.ocms.library/apps/com.YourCompany.VRProject
04-10 19:17:56.738  2055  2279 I LibraryProvider: running queryApp(com.oculus.vrshell) for com.oculus.uid:10041
04-10 19:17:56.739  2055  2279 W LibraryProvider: Cannot find entitlement for com.oculus.vrshell
04-10 19:17:56.739  1729  1729 W OVRLibrary: null cursor received for query content://com.oculus.ocms.library/apps/com.oculus.vrshell
04-10 19:17:56.739  1729 12012 I libjingle: [10971:277] [12012] (RenderFrameCapturerImpl.cpp:48): OVRPlatform - RenderFrameCapturer::GetCaptureSurface
04-10 19:17:56.739  1729 12012 I libjingle: [10971:277] [12012] (RenderFrameCapturerImpl.cpp:48): OVRPlatform - RenderFrameCapturer::GetCaptureSurface
04-10 19:17:56.744 11787 12127 I VrApi   : FPS=72,Prd=44ms,Tear=0,Early=0,Stale=0,VSnc=1,Lat=1,Fov=0,CPU4/GPU=2/5,1651/670MHz,OC=FF,TA=0/3/3,SP=N/N/N,Mem=1804MHz,Free=1622MB,PSM=0,PLS=0,Temp=29.0C/0.0C,TW=2.34ms,App=9.43ms,GD=0.00ms,CPU&GPU=14.63ms,LCnt=2,GPU%=0.68,CPU%=0.30(W0.43),DSF=1.00
04-10 19:17:56.748  1883  1883 I AndroidPanelApp: measureLayerView with initial width 540, initial height 300, resize behavior NONE.
04-10 19:17:56.748  1883  1883 I AndroidPanelApp: Measured width 540 and height 300.
04-10 19:17:56.748  1883  1883 I AndroidPanelLayer: Setting size of layer "dialog" to have width 540 and height 300
04-10 19:17:56.749  1883  1883 I AndroidPanelApp: layerTransform: Showing panel layer "dialog" in VrShell with width 540, height 300, position( 0.000000 , 0.000000 ), rotation (0.000000 , 0.000000 , 0.000000 )  hit-testable true, shape 2, and system-positioned true. Density: 4680.000000. Supersampled: false 
04-10 19:17:56.754  1785  1880 I OVRPlatform: [AndroidPlatformIntegration] Creating shared mic
04-10 19:17:56.755  2087  2100 I GuardianSystem: Guardian: GuardianCmdWithParms 7, 1, 0.000000
04-10 19:17:56.755  1785  1880 I [OAR] PanelAppHost: PanelAppHost destructor: id 19 com.oculus.systemux/com.oculus.panelapp.dialog.DialogPanelService
04-10 19:17:56.755  1785  1880 I [OAR] PanelAppHost: Panel app 19 (com.oculus.systemux/com.oculus.panelapp.dialog.DialogPanelService) changing state from foreground to shutdown
04-10 19:17:56.755  1785  1880 D [OAR] ShellApplication: notify OS to set com.oculus.systemux/com.oculus.panelapp.dialog.DialogPanelService to BACKGROUND
04-10 19:17:56.755  1729  1729 I VRLifecycleSessionManager: Stored session info.
04-10 19:17:56.763  1785  1880 D [OAR] ShellApplication: Unbinding service for panel app id 19
04-10 19:17:56.763  1883  1883 I AndroidPanelApp: layerSupersample no changes
04-10 19:17:56.765  1785  1785 D [OAR] ShellControlBroadcastReceiver: onReceive with MainActivity native pointer 4057011448, action com.oculus.systemactivities.LOCAL_STREAM_STATE_UPDATE
04-10 19:17:56.765  1883  1883 I AndroidPanelApp: measureLayerView with initial width 540, initial height 300, resize behavior NONE.
04-10 19:17:56.765  1883  1883 I AndroidPanelApp: Measured width 540 and height 300.
04-10 19:17:56.766  1883  1883 I AndroidPanelApp: Layout change has caused layer "dialog" to be resized from -1 X -1 to 540 X 300
04-10 19:17:56.766  1883  1883 I AndroidPanelLayer: Setting size of layer "dialog" to have width 540 and height 300
04-10 19:17:56.766  1883  1883 I AndroidPanelApp: layerTransform: Showing panel layer "dialog" in VrShell with width 540, height 300, position( 0.000000 , 0.000000 ), rotation (0.000000 , 0.000000 , 0.000000 )  hit-testable true, shape 2, and system-positioned true. Density: 4680.000000. Supersampled: false 
04-10 19:17:56.770  1785  1880 I [OAR] TelemetryProvider: aui_reorient system 0 0 0 com.YourCompany.VRProject
04-10 19:17:56.771  1785 12380 I VrRuntimeClient: FenceChecker::MainLoop - started
04-10 19:17:56.774  1785  1880 I [OAR] ShellApp: 0xd6d7c350 msg: broadcastIntent:
04-10 19:17:56.774  1785  1880 I [OAR] ShellApp: is_capture_running = 1
04-10 19:17:56.774  1785  1880 I [OAR] ShellApp: intent_action = com.oculus.systemactivities.LOCAL_STREAM_STATE_UPDATE
04-10 19:17:56.774  1785  1880 I [OAR] SystemUXController: OnLocalStreamChanged, enabled?=1
04-10 19:17:56.775  1785  1880 I [OAR] PanelAppHost: Resize layer dialog to size 540 x 300 shape:2 stereo:0
04-10 19:17:56.775  1785  1880 I [OAR] PanelRenderLayer: ResetSurface 540 x 300 - shape:2 stereo:0
04-10 19:17:56.775  1785  1880 I [OAR] PlatformManager: isLiveStreamingAllowed response:  0
04-10 19:17:56.775  1785  1880 I [OAR] PlatformManager: isLiveStreaming response:  0
04-10 19:17:56.775  1785  1880 I [OAR] PlatformManager: isLiveStreaming response:  0
04-10 19:17:56.781  1729  4710 I PlatformPluginManager: Adding client com.oculus.horizon.service.OVRService@8c840a1
04-10 19:17:56.782  1729  4710 I OVRPlatform: [MicrophoneServer] Adding connection 0xc0103000, has local client: no
04-10 19:17:56.782  1729  4710 I OVRPlatform: [PCMTransfer] Created socket pair, sender: 156, receiver: 157
04-10 19:17:56.784  2072 11971 I Clocks  : SetSchedFifo( tid=1880, pri=1 ) succeeded
04-10 19:17:56.785  2072 11971 I Clocks  : SetSchedFifo( tid=12380, pri=1 ) succeeded
04-10 19:17:56.786  2072 11971 I Clocks  : SetSchedFifo( tid=2352, pri=1 ) succeeded
04-10 19:17:56.786  2072 11971 I TimeWarp: UpdateClockLevels: Apply pending clock request change: 2,5 -> 4,5
04-10 19:17:56.787  2072  2219 I VrRuntimeServer: SetCompositorClientEnabled client(2): enabled(0) 0x0
04-10 19:17:56.787  2072 11970 I Clocks  : ReleaseClocks - start
04-10 19:17:56.788   721   830 D         : CPU_CLUSTER_0: No client requests exists, release clocks
04-10 19:17:56.788   721   830 D         : CPU_CLUSTER_1: No client requests exists, release clocks
04-10 19:17:56.790  2072 11971 I TimeWarpProgs: loaded binary layerProgram 2:0x20007:0x0 in 1.3 ms
04-10 19:17:56.790  1883  1883 I CppPanelService: VR Shell socket closed(ECONNRESET); shutting down fd: 54
04-10 19:17:56.790  1883  1883 I CppPanelService: Quitting application via hardExit flag due to unexpected socket closure on fd 54.
04-10 19:17:56.790  1883  1883 I DialogPanel: Destroyed
04-10 19:17:56.790  1883  1883 I DialogUI: Destroying dialog
04-10 19:17:56.791   721   830 D         : GPU: No client requests exists, release clocks
04-10 19:17:56.791   721   830 D         : CPUBW: No client requests exists, release clocks
04-10 19:17:56.792  1883  1883 I RequestManager: RequestManager::Shutdown start
04-10 19:17:56.792  2072 11970 I Clocks  : ReleaseClocks - end (5.3 ms)
04-10 19:17:56.792  2072 11970 I Clocks  : LockClocks( cpu=4, gpu=5 ) - start
04-10 19:17:56.792  1883  1883 I RequestManager: RequestManager::Shutdown done
04-10 19:17:56.795  2072 11970 I Clocks  : CPU levels [0, 4]
04-10 19:17:56.795  2072 11970 I Clocks  : GPU levels [0, 5]
04-10 19:17:56.795   721  3000 D         : CPU_CLUSTER_0: Client 2072 sends freq request [21, 21]
04-10 19:17:56.795   721  3000 D         : CPU_CLUSTER_0: Next Perf Level = (21, 21)
04-10 19:17:56.795   721  3000 D         : CPU_CLUSTER_1: Client 2072 sends freq request [26, 26]
04-10 19:17:56.795   721  3000 D         : CPU_CLUSTER_1: Next Perf Level = (26, 26)
04-10 19:17:56.796   721  3000 D         : CPUBW: Client 2072 sends freq request [8, 11]
04-10 19:17:56.796   721  3000 D         : CPUBW: Next Perf Level = (8, 11)
04-10 19:17:56.799  2087  2134 I GuardianSystem: rsapi_PollEvent: rsEventForceShowGuardian. ForceIndefinitely: 0, ForceTimeInSeconds: 0.00, ForceCamera: 0
04-10 19:17:56.799  2087  2134 I GuardianSystem: ForceShowGuardian: false, 0.00
04-10 19:17:56.799   721  3000 D         : GPU: Client 2072 sends freq request [7, 7]
04-10 19:17:56.800   721  3000 D         : GPU: Next Perf Level = (7, 7)
04-10 19:17:56.801  1883  1883 I AndroidPanelApp: Processing next frame action "layerShow" for layer "dialog"
04-10 19:17:56.801  1883  1883 I AndroidPanelApp: layerShow acknowledged for dialog
04-10 19:17:56.801  1883  1883 I AndroidPanelApp: Processing next frame action "layerResize" for layer "dialog"
04-10 19:17:56.802  1883  1883 I AndroidPanelApp: layerResize is waiting for next frame
04-10 19:17:56.802  1883  1883 I [OAR] AnytimeUIAndroidPanelAppBase: updateLocalStreamState - true
04-10 19:17:56.803  2072 11971 I TimeWarpProgs: loaded binary layerProgram 0:0x4085:0x0 in 0.7 ms
04-10 19:17:56.803  1883  1883 I AndroidPanelApp: layerSupersample no changes
04-10 19:17:56.803  1883  1883 D CppPanelService: onDestroy()
04-10 19:17:56.803  1883  1883 D [OAR] AnytimeUIBroadcastReceiver: action: com.oculus.vrshell.intent.action.UPDATE_APP_SCREENSHOT
04-10 19:17:56.803  2072 11971 I TimeWarpProgs: loaded binary layerProgram 2:0x4087:0x0 in 0.5 ms
04-10 19:17:56.804  1883  1883 D [OAR] HomeDialog: screenshot update package: com.YourCompany.VRProject size: 26863
04-10 19:17:56.804  2072 11970 I Clocks  : LockClocks( cpu=4, gpu=5 ) - end (8.6 ms)
04-10 19:17:56.804  2072 11971 I TimeWarpProgs: loaded binary layerProgram 0:0x4087:0x0 in 0.4 ms
04-10 19:17:56.806  1785  1880 I [OAR] PanelAppHost: Setting panel layer visibility of layer "dialog" to visible
04-10 19:17:56.806  1785  1880 I [OAR] PanelAppHost: Resize layer dialog to size 540 x 300 shape:2 stereo:0
04-10 19:17:56.806  1785  1880 I [OAR] PanelRenderLayer: ResetSurface 540 x 300 - shape:2 stereo:0
04-10 19:17:56.822  1883  1883 I AndroidPanelApp: Processing next frame action "layerShow" for layer "dialog"
04-10 19:17:56.822  1883  1883 I AndroidPanelApp: layerShow acknowledged for dialog
04-10 19:17:56.822  1883  1883 I AndroidPanelLayer: Showing layer dialog
04-10 19:17:56.822  1883  1883 I AndroidPanelLayer: Unhiding layer dialog
04-10 19:17:56.824  1785  1785 D [OAR] ShellControlBroadcastReceiver: onReceive with MainActivity native pointer 4057011448, action com.oculus.systemactivities.LOCAL_STREAM_STATE_UPDATE
04-10 19:17:56.830  1785  1880 I [OAR] ShellApp: 0xd6d7c350 msg: broadcastIntent:
04-10 19:17:56.830  1785  1880 I [OAR] ShellApp: is_capture_running = 1
04-10 19:17:56.830  1785  1880 I [OAR] ShellApp: intent_action = com.oculus.systemactivities.LOCAL_STREAM_STATE_UPDATE
04-10 19:17:56.830  1785  1880 I [OAR] SystemUXController: OnLocalStreamChanged, enabled?=1
04-10 19:17:56.831  1785  1880 I [OAR] PanelAppHost: Setting panel layer visibility of layer "dialog" to visible
04-10 19:17:56.834  1091  1482 E ActivityManager: Sending non-protected broadcast com.oculus.systemactivities.BEGIN_VIDEO_CAPTURE_WITH_SURFACE from system 1524:com.oculus.companion.server/1000 pkg com.oculus.companion.server
04-10 19:17:56.834  1091  1482 E ActivityManager: java.lang.Throwable
04-10 19:17:56.834  1091  1482 E ActivityManager: 	at com.android.server.am.ActivityManagerService.checkBroadcastFromSystem(ActivityManagerService.java:18311)
04-10 19:17:56.834  1091  1482 E ActivityManager: 	at com.android.server.am.ActivityManagerService.broadcastIntentLocked(ActivityManagerService.java:18792)
04-10 19:17:56.834  1091  1482 E ActivityManager: 	at com.android.server.am.ActivityManagerService.broadcastIntent(ActivityManagerService.java:18974)
04-10 19:17:56.834  1091  1482 E ActivityManager: 	at android.app.ActivityManagerNative.onTransact(ActivityManagerNative.java:500)
04-10 19:17:56.834  1091  1482 E ActivityManager: 	at com.android.server.am.ActivityManagerService.onTransact(ActivityManagerService.java:2843)
04-10 19:17:56.834  1091  1482 E ActivityManager: 	at android.os.Binder.execTransact(Binder.java:565)
04-10 19:17:56.844  1883  1883 I [OAR] AnytimeUIAndroidPanelAppBase: updateLocalStreamState - true
04-10 19:17:56.855  1785  2346 I OVRPlatform: [HttpRequest] Request `me?fields=current_party{id,leader{id},join_policy,users{id,alias,can_viewer_message,display_name,profile_url,profile_url_small,presence,presence_status,presence_app{id,package_name},presence_deeplink_joinable,presence_deeplink_message,presence_destination_api_name,presence_scoped_user_id,avatar_v2{avatar_image{uri}}},invited_users{id,alias,can_viewer_message,display_name,profile_url,profile_url_small,presence,presence_status,presence_app{id,package_name},avatar_v2{avatar_image{uri}}}}' (id: 11411) succeeded: {"id":"100922897865815"}
04-10 19:17:56.855  1785  2346 I OVRPlatform: [RequestStopwatch] HttpRequestAsync (me?fields=current_party{id,leader{id},join_policy,users{id,alias,can_viewer_message,display_name,profile_url,profile_url_small,presence,presence_status,presence_app{id,package_name},presence_deeplink_joinable,presence_deeplink_message,presence_destination_api_name,presence_scoped_user_id,avatar_v2{avatar_image{uri}}},invited_users{id,alias,can_viewer_message,display_name,profile_url,profile_url_small,presence,presence_status,presence_app{id,package_name},avatar_v2{avatar_image{uri}}}}) took 228.6730 milliseconds
04-10 19:17:56.855  1729 12190 D OVRPlatform-RenderFrameCapturer: still capturing frames
04-10 19:17:56.859  1785  1880 I [OAR] PartyManager: Party Response Parse Time: 0.075885ms
04-10 19:17:56.863  1091  1482 E ActivityManager: Sending non-protected broadcast com.oculus.systemactivities.BEGIN_VIDEO_CAPTURE_WITH_SURFACE from system 1524:com.oculus.companion.server/1000 pkg com.oculus.companion.server
04-10 19:17:56.863  1091  1482 E ActivityManager: java.lang.Throwable
04-10 19:17:56.863  1091  1482 E ActivityManager: 	at com.android.server.am.ActivityManagerService.checkBroadcastFromSystem(ActivityManagerService.java:18311)
04-10 19:17:56.863  1091  1482 E ActivityManager: 	at com.android.server.am.ActivityManagerService.broadcastIntentLocked(ActivityManagerService.java:18883)
04-10 19:17:56.863  1091  1482 E ActivityManager: 	at com.android.server.am.ActivityManagerService.broadcastIntent(ActivityManagerService.java:18974)
04-10 19:17:56.863  1091  1482 E ActivityManager: 	at android.app.ActivityManagerNative.onTransact(ActivityManagerNative.java:500)
04-10 19:17:56.863  1091  1482 E ActivityManager: 	at com.android.server.am.ActivityManagerService.onTransact(ActivityManagerService.java:2843)
04-10 19:17:56.863  1091  1482 E ActivityManager: 	at android.os.Binder.execTransact(Binder.java:565)
04-10 19:17:56.881  2072  2072 D ScreenCaptureReceiver: onReceive com.oculus.systemactivities.BEGIN_VIDEO_CAPTURE_WITH_SURFACE package=com.oculus.systemdriver
04-10 19:17:56.884  1729 12016 I libjingle: [10971:422] [12016] (network.cc:786): Connect failed with 101
04-10 19:17:56.885  2072  2072 D TrustedSignatureVerifier: Checking app signature for com.oculus.horizon
04-10 19:17:56.885  2072  2072 D ScreenCaptureReceiver: App is trusted
04-10 19:17:56.886  2072  2072 D ScreenCaptureReceiver: Valid surface. Starting streaming
04-10 19:17:56.886  2072  2072 I ScreenCaptureBase: Screen Capture Command:1
04-10 19:17:56.890  1245  1375 D BtGatt.GattService: onResponseSendCompleted() handle=42
04-10 19:17:56.891  1524 12386 D CompanionBLEReceiver: Received HMD_CAPABILITIES Request
04-10 19:17:56.900   696  9951 D GatekeeperNativeService: Using value 1 for gk oculus_horizon_chromecasting, user=0
04-10 19:17:56.908   696   696 D GatekeeperNativeService: Using value 0 for gk oculus_mobile_multi_user_enabled, user=0
04-10 19:17:56.911   718 12046 I [CT]    : VIPER:MAP_MANAGER: State: TRACKING_PERSISTENT, UUID=250ba7fd-8d3e-45ee-9911-5f39cd9b3c25, Num. Persistent maps = 4,  Persistent maps:9fe966d0-a5c8-4a86-97d4-ab48222989f7,96e793be-30e1-4fb3-ab36-9648e5d6d916,b327ec11-1d2b-4f13-9aad-47d47f025f0c,250ba7fd-8d3e-45ee-9911-5f39cd9b3c25,, Ser. Disabled = 00000000-0000-0000-0000-000000000000
04-10 19:17:56.916   718 12045 W [CT]    : CONSTELLATION: LED Mahalanobis distance p50 = 47.9388 too high. Fallback to pose update.
04-10 19:17:56.916  1729  1729 I PlatformPluginManager: enforcePartyChatStateConsistency - User not in a party.
04-10 19:17:56.916  1729  1729 I PlatformPluginManager: stopPartyChat
04-10 19:17:56.916  1729  1729 I PlatformPlugin: [PlatformPluginManager] Stopping party chat
04-10 19:17:56.916   718 12045 W [CT]    : CONSTELLATION: LED Mahalanobis distance p50 = 61.0547 too high. Fallback to pose update.
04-10 19:17:56.916  1729  1729 I OVRPlatform: [PartyChatInterchangeable] StopPartyChat
04-10 19:17:56.916   696  4622 D GatekeeperNativeService: Using value 1 for gk oculus_tour_guide, user=0
04-10 19:17:56.917  1524 12386 I CompanionServer: ====== HmdCapabilities ======
04-10 19:17:56.917  1524 12386 I CompanionServer: chromecast_available: true
04-10 19:17:56.917  1524 12386 I CompanionServer: multi_user_available: false
04-10 19:17:56.917  1524 12386 I CompanionServer: manual_ota_version: 1
04-10 19:17:56.917  1524 12386 I CompanionServer: chromecast_native_receiver_available: true
04-10 19:17:56.917  1524 12386 I CompanionServer: tour_guide_v2_available: true
04-10 19:17:56.917  1524 12386 I CompanionServer: =============================
04-10 19:17:56.944   718 12046 I [CT]    : VIPER: Status=6DoF,TRACKING,KF=48,Inl=372,Pts=207,Jit=0.1mm,Issues(Cam/min=0.0,IMU/min=0.0),Exp=(8.5ms,g=10.0,I=66)(7.9ms,g=10.0,I=69)(8.5ms,g=10.0,I=72)(7.1ms,g=8.0,I=69)
04-10 19:17:56.947  1245  1375 D BtGatt.GattService: onResponseSendCompleted() handle=42
04-10 19:17:56.980  1729 12388 I AuthLogger: Action succeeded: com.oculus.auth.ACTION_FETCH_DEVICE_SCOPED_CREDENTIALS, callingPackage: com.oculus.horizon, extras: {logged_in=true}, duration: 10ms
04-10 19:17:57.345   553   596 I AudioFlinger: BUFFER TIMEOUT: remove(4096) from active list on thread 0xea883980
04-10 19:17:57.357 11787 12140 D UE4     : *** JavaEnvDestructor: 12140
04-10 19:17:57.381  1729 12391 I FbnsPushNotificationHandler: {"persisted_id":"","ndid":"c01ff489-750c-44c0-970b-f59ecfce76c6G5a2f7a7fc48efG5bc9f17a1c57G1fc0","extra_data":"{\"user_with_updated_status\":\"100922897865815\",\"presence\":\"Home | Quest\",\"app_id\":1481000308606657,\"friend_display_name\":\"Laura Hill\"}","PushNotifID":"c01ff489-750c-44c0-970b-f59ecfce76c6"}
04-10 19:17:57.381  1729 12391 I NotificationReceiver: oculus_user_status
04-10 19:17:57.384  9519  9572 I RCTVR   : JavaScript[0xd4f14850], Avg 998.677416055320123, Max 997695.711740000173, MaxInLast 359018.668369000778
04-10 19:17:57.384  9519  9572 I RCTVR_HERMES: Hermes Mem: numCollections 78, allocatedBytes 10812224, heapSize 22980216, va 16777216
04-10 19:17:57.388  1729 12391 I NotificationReceiver: Notification cannot be toasted without a message. Hiding notif
04-10 19:17:57.720  1785 12372 I Telemetry: App memory usage: PSS=366MB
04-10 19:17:57.723  1785 12372 I VrApi   : FPS=6,Prd=38ms,Tear=0,Early=0,Stale=0,VSnc=1,Lat=1,Fov=0,CPU4/GPU=2/5,2304/710MHz,OC=FF,TA=0/E0/0,SP=N/F/N,Mem=1804MHz,Free=1621MB,PSM=0,PLS=0,Temp=29.0C/0.0C,TW=0.49ms,App=4.00ms,GD=0.00ms,CPU&GPU=36.50ms,LCnt=2,GPU%=0.04,CPU%=0.30(W0.43),DSF=1.00
04-10 19:17:57.726 11787 12127 I VrApi   : FPS=72,Prd=44ms,Tear=0,Early=0,Stale=0,VSnc=1,Lat=1,Fov=0,CPU4/GPU=2/5,2304/710MHz,OC=FF,TA=0/3/3,SP=N/N/N,Mem=1804MHz,Free=1620MB,PSM=0,PLS=0,Temp=29.0C/0.0C,TW=2.34ms,App=9.43ms,GD=0.00ms,CPU&GPU=14.63ms,LCnt=2,GPU%=0.68,CPU%=0.30(W0.43),DSF=1.00
04-10 19:17:57.889  1729  1739 I art     : Background partial concurrent mark sweep GC freed 21600(2MB) AllocSpace objects, 0(0B) LOS objects, 39% free, 4MB/7MB, paused 5.629ms total 67.060ms
04-10 19:17:57.891   553   553 W AudioFlinger::EffectModule: EffectModule 0xe974c000 destructor called with unreleased interface
04-10 19:17:57.893   553   553 W AudioFlinger::EffectHandle: disconnect Effect handle 0xea54e2c0 disconnected after thread destruction
04-10 19:17:57.897   553   553 D audio_hw_primary: adev_close_input_stream: enter:stream_handle(0xeb73ce80)
04-10 19:17:57.898   553   553 D audio_hw_primary: in_standby: enter: stream (0xeb73ce80) usecase(16: audio-record)
04-10 19:17:58.095 11787 12157 D UE4     : [2020.04.10-23.17.58:095][371]LogTcpMessaging: Lost node '2EE8A24C554A5D8B5D8F4CB3E58642E5' on connection '127.0.0.1:46060'...
04-10 19:17:58.095 11787 12157 D UE4     : *** JavaEnvDestructor: 12157
04-10 19:17:58.199 11787 11804 D UE4     : [2020.04.10-23.17.58:199][371]LogCore: Display: AppLifetime: Application will deactivate
04-10 19:17:58.199 11787 12145 D OVRPlugin: Leaving VR mode.
04-10 19:17:58.199 11787 12145 I GoCompatibility: GoCompatibility: vrapi_LeaveVrMode_Hooked()
04-10 19:17:58.199 11787 12145 I VrApi   : ---------- vrapi_LeaveVrMode [start] ----------
04-10 19:17:58.218 11787 12145 D VrApi   : targetSDKVersion 25
04-10 19:17:58.224 11787 12145 I VrRuntimeClient: DEVICE MODEL NUMBER = Quest
04-10 19:17:58.224 11787 12145 I VrRuntimeClient: DEVICE HARDWARE = monterey
04-10 19:17:58.224 11787 12145 I VrRuntimeClient: DEVICE BUILD NAME = user-555180.22570.0
04-10 19:17:58.224 11787 12145 I VrRuntimeClient: DEVICE BUILD TYPE = user
04-10 19:17:58.224 11787 12145 I VrRuntimeClient: DEVICE OS VERSION = 7.1.1
04-10 19:17:58.224 11787 12145 I VrRuntimeClient: VRRUNTIME VERSION = VRAPI_VERSION_BEGIN { 1.1.32.0-205953175-205953175 Mar 27 2020 00:35:50 Development } RELEASE
04-10 19:17:58.224 11787 12145 I VrRuntimeClient: API LOADER VERSION = 1.1.24.0
04-10 19:17:58.224 11787 12145 I VrRuntimeClient: VRDRIVER VERSION = 15.0.0.200.456
04-10 19:17:58.224 11787 12145 I VrRuntimeClient: APP NAME = VRProject
04-10 19:17:58.224 11787 12145 I VrRuntimeClient: APP VERSION = 1.0 versionCode 1 internalVersionName <none>
04-10 19:17:58.224 11787 12145 I VrRuntimeClient: APP VR TYPE = vr_only
04-10 19:17:58.224 11787 12145 I VrRuntimeClient: APP PACKAGE NAME = com.YourCompany.VRProject
04-10 19:17:58.224 11787 12145 I VrRuntimeClient: APP ACTIVITY CLASS = com.epicgames.ue4.GameActivity
04-10 19:17:58.226 11787 12145 D BatteryReceiver: Unregistering battery receiver
04-10 19:17:58.244   718 12046 I [CT]    : HealthReport: ==================================================
04-10 19:17:58.244   718 12046 I [CT]    : Health Report
04-10 19:17:58.244   718 12046 I [CT]    : -------------
04-10 19:17:58.244   718 12046 I [CT]    : 
04-10 19:17:58.244   718 12046 I [CT]    : Reporter #1 (InsideOutHealthMonitor) summary:
04-10 19:17:58.244   718 12046 I [CT]    : Camera: Total Dropped: 0.000000, Total Frame Count: 2470 (0.000000%), Camera Reset Count: 0
04-10 19:17:58.244   718 12046 I [CT]    : Camera: Total Single Camera Frame Dropped: 0, Total Frame Count: 2470 (0.000000%)
04-10 19:17:58.244   718 12046 I [CT]    : IMU: Total Dropped: 0.000000, Total Sample Count: 82543 (0.000000%)
04-10 19:17:58.244   718 12046 I [CT]    : Magnetometer: Total Dropped: 0.000000, Total Sample Count: 2476 (0.000000%)
04-10 19:17:58.244   718 12046 I [CT]    : 
04-10 19:17:58.244   718 12046 I [CT]    : Reporter #1 (InsideOutHealthMonitor) Passed
04-10 19:17:58.244   718 12046 I [CT]    : --------------------------------------------------
04-10 19:17:58.244   718 12046 I [CT]    : Reporter #2 (ConstellationHealthMonitor) summary:
04-10 19:17:58.244   718 12046 I [CT]    : Camera: Total Dropped: 0.000000, Total Frame Count: 2471 (0.000000%), Camera Reset Count: 1
04-10 19:17:58.244   718 12046 I [CT]    : Camera: Total Single Camera Frame Dropped: 0, Total Frame Count: 2471 (0.000000%)
04-10 19:17:58.244   718 12046 I [CT]    : Controller 6394927626409450688:
04-10 19:17:58.244   718 12046 I [CT]    : IMU: Capture period exceeded threshold.  Largest period: 1.116476 sec
04-10 19:17:58.244   718 12046 I [CT]    : Controllers may have been sleeping
04-10 19:17:58.244   718 12046 I [CT]    : IMU: Total Dropped: 0.000000, Total Sample Count: 40729.561500 (0.000000%)
04-10 19:17:58.244   718 12046 I [CT]    : Controller 9595495658424524695:
04-10 19:17:58.244   718 12046 I [CT]    : I
04-10 19:17:58.252 11787 12127 D VrApi   : targetSDKVersion 25
04-10 19:17:58.254 11787 12127 I VrApi   : FPS=72,Prd=44ms,Tear=0,Early=0,Stale=0,VSnc=1,Lat=1,Fov=0,CPU4/GPU=2/5,2304/710MHz,OC=FF,TA=0/3/3,SP=N/N/N,Mem=1804MHz,Free=1622MB,PSM=0,PLS=0,Temp=29.0C/0.0C,TW=2.34ms,App=9.43ms,GD=0.00ms,CPU&GPU=14.63ms,LCnt=2,GPU%=0.68,CPU%=0.30(W0.43),DSF=1.00
04-10 19:17:58.257  2087 12075 I Telemetry: App memory usage: PSS=56MB
04-10 19:17:58.283  1484  1998 I UploadManager: Scheduling jobbId 2131165248 within interval (0, 1800000)
04-10 19:17:58.355 11787 12145 I VrApi   : OVR::Stats thread stopped
04-10 19:17:58.355 11787 12145 I InputDeviceManager: ovrInputDeviceManager::Shutdown
04-10 19:17:58.357  1729 12016 I libjingle: [10972:894] [12016] (videoadapter.cc:313): VAdapt Frame: scaled 0 / out 2250 / in 2250 Changes: 0 Input: 512x512 i33333333 Scale: 1 Output: 512x512 i33333333 Changed: false
04-10 19:17:58.357 11787 12126 I InputHooks_Internal: InputHooksThreadRun ShutdownRequest received
04-10 19:17:58.359 11787 12145 I InputHooks_Internal: Disabling Native Input Hooks
04-10 19:17:58.415  2072  2922 D VrRuntimeService: this client: 11787:com.YourCompany.VRProject
04-10 19:17:58.415  2072  2922 D VrRuntimeService: enableRendering: clientWindow: null enable: false
04-10 19:17:58.415  2072  2922 I ClientMgr: ClientMgr::EnableRendering 11787:com.YourCompany.VRProject : disable
04-10 19:17:58.416 11787 12129 I VrRuntimeClient: FenceChecker::MainLoop - ended
04-10 19:17:58.416 11787 12145 I BufferObject: ovrBufferObjectFactory::Unimport deleting GL buffer=113
04-10 19:17:58.418 11787 12145 I BufferObject: ovrBufferObjectFactory::Unimport deleting GL memory object=1
04-10 19:17:58.419 11787 12145 I TrackingServiceClient: OVR::TrackingService::ClientSetInterface
04-10 19:17:58.423 11787 12145 D TrackingServiceClient: onClientDisconnect
04-10 19:17:58.423 11787 12145 D TrackingServiceConnectionNative: onClientDisconnect
04-10 19:17:58.425   718   718 I TrackingService: Unregistering client by ITrackingService.unregisterClient
04-10 19:17:58.425   718   718 I TrackingService: TrackingServiceHost Unregistering client: pid 11787
04-10 19:17:58.429  2072  2219 I ClientMgr: Non-overlay clients rendering status has changed: prev=70, curr=71, enabled=1
04-10 19:17:58.431 11787 12145 D BinderConnection: Disconnecting from TrackingService service
04-10 19:17:58.431 11787 12145 D TrackingServiceConnectionNative: onDisconnected
04-10 19:17:58.434 11787 12145 D TrackingServiceClient: TrackingServiceConnection mConnectedRemotes.clear()
04-10 19:17:58.434 11787 12145 I TrackingServiceClient: OVR::TrackingService::ClientSetInterface
04-10 19:17:58.434 11787 12145 I VrApi   : ---------- vrapi_LeaveVrMode [end] ----------
04-10 19:17:58.435 11787 11804 D UE4     : [GameActivity] Unregistering volume receiver
04-10 19:17:58.437 11787 11804 D UE4     : [GameActivity] Unregistering battery receiver
04-10 19:17:58.438 11787 11804 D UE4     : [GameActivity] Unregistering headset receiver
04-10 19:17:58.441 11787 11804 D UE4     : [2020.04.10-23.17.58:441][371]LogCore: Display: AppLifetime: Application will enter background
04-10 19:17:58.441 11787 11804 D UE4     : [2020.04.10-23.17.58:441][371]LogTemp: Android pause audio
04-10 19:17:58.445 11787 11804 D UE4     : [2020.04.10-23.17.58:445][371]LogAudioMixerAndroid: Display: Suspending android audio renderer
04-10 19:17:58.446 11787 11805 D UE4     : [2020.04.10-23.17.58:446][371]LogAndroid: Blocking renderer on invalid window.
04-10 19:17:58.446 11787 11805 D UE4     : [2020.04.10-23.17.58:446][371]LogAndroid: Waiting for renderer to encounter blocking command.
04-10 19:17:58.448 11787 12145 D UE4     : [2020.04.10-23.17.58:448][371]LogAndroid: Blocking renderer
