04-10 19:16:55.222  1729 12205 I OVRPlatform-OVRMicrophone: NoiseSuppressor available
04-10 19:16:55.225  1729 12205 I OVRPlatform-OVRMicrophone: NoiseSuppressor created, enabling
04-10 19:16:55.225  1729 12205 I OVRPlatform-OVRMicrophone: NoiseSuppressor enable: 0
04-10 19:16:55.226  1729 12205 D OVRPlatform-OVRMicrophone: State changed to Initialized
04-10 19:16:55.236  1091  1611 E ActivityManager: Sending non-protected broadcast com.oculus.systemactivities.BEGIN_VIDEO_CAPTURE_WITH_SURFACE from system 1524:com.oculus.companion.server/1000 pkg com.oculus.companion.server
04-10 19:16:55.236  1091  1611 E ActivityManager: java.lang.Throwable
04-10 19:16:55.236  1091  1611 E ActivityManager: 	at com.android.server.am.ActivityManagerService.checkBroadcastFromSystem(ActivityManagerService.java:18311)
04-10 19:16:55.236  1091  1611 E ActivityManager: 	at com.android.server.am.ActivityManagerService.broadcastIntentLocked(ActivityManagerService.java:18883)
04-10 19:16:55.236  1091  1611 E ActivityManager: 	at com.android.server.am.ActivityManagerService.broadcastIntent(ActivityManagerService.java:18974)
04-10 19:16:55.236  1091  1611 E ActivityManager: 	at android.app.ActivityManagerNative.onTransact(ActivityManagerNative.java:500)
04-10 19:16:55.236  1091  1611 E ActivityManager: 	at com.android.server.am.ActivityManagerService.onTransact(ActivityManagerService.java:2843)
04-10 19:16:55.236  1091  1611 E ActivityManager: 	at android.os.Binder.execTransact(Binder.java:565)
04-10 19:16:55.236  1729 12205 D AudioRecord: updateAppOpsRecordAudio: checkOp OP_RECORD_AUDIO for com.oculus.horizon returns: 0 (ALLOWED)
04-10 19:16:55.238   553   601 I SoundTriggerHwService::Module: void android::SoundTriggerHwService::Module::onCallbackEvent(const sp<android::SoundTriggerHwService::CallbackEvent> &) no clients
04-10 19:16:55.238   699 12203 E OMX-VENC: async_venc_message_thread interrupted to be exited
04-10 19:16:55.238   553 12208 D audio_hw_primary: in_set_parameters: enter: kvpairs=input_source=1;routing=-2147483644
04-10 19:16:55.239   553 12208 D audio_hw_primary: start_input_stream: enter: stream(0xeb73cd40)usecase(16: audio-record)
04-10 19:16:55.239   553 12208 E audio_hw_extn: audio_extn_perf_lock_acquire: Incorrect params, Failed to acquire perf lock, err 
04-10 19:16:55.239   553 12208 D audio_hw_primary: select_devices for use case (audio-record)
04-10 19:16:55.239   553 12208 D audio_hw_primary: select_devices: out_snd_device(0: ) in_snd_device(62: handset-mic-aec)
04-10 19:16:55.240   553 12208 I msm8974_platform: platform_check_and_set_capture_codec_backend_cfg:txbecf: afe: bitwidth 16, samplerate 48000, channel 1, backend_idx 7 usecase = 16 device (handset-mic-aec)
04-10 19:16:55.240   553 12208 I msm8974_platform: platform_check_capture_codec_backend_cfg:txbecf: afe: Codec selected backend: 7 current bit width: 16 and sample rate: 48000, channels 1
04-10 19:16:55.240   553 12208 W msm8974_platform: platform_get_backend_index:napb: Invalid device - 0 
04-10 19:16:55.240   553 12208 I msm8974_platform: platform_check_capture_codec_backend_cfg:txbecf: afe: Codec selected backend: 7 updated bit width: 16 and sample rate: 48000
04-10 19:16:55.240   553 12208 D audio_hw_primary: check_usecases_capture_codec_backend:becf: force routing 0
04-10 19:16:55.240   553 12208 D hardware_info: hw_info_append_hw_type : device_name = handset-mic-aec
04-10 19:16:55.240   553 12208 D msm8974_platform: platform_split_snd_device: snd_device(62) new_snd_devices (handset-mic-aec)
04-10 19:16:55.240   553 12208 D audio_hw_primary: enable_snd_device: snd_device(62: handset-mic-aec)
04-10 19:16:55.240  1729 12205 I OVRPlatform-OVRMicrophone: start - recorder.startRecording 8.066823ms
04-10 19:16:55.241  1729 12205 I OVRPlatform-OVRMicrophone: start - AudioThread startup 0.272187ms
04-10 19:16:55.241  1729 12205 D OVRPlatform-OVRMicrophone: State changed to Recording
04-10 19:16:55.242  1729 12205 I OVRPlatform: [MicrophoneServer] Adding connection 0xcebec480, has local client: yes
04-10 19:16:55.242  1729 12205 I OVRPlatform: [SharedMicrophoneAudioRecord] Recording thread running
04-10 19:16:55.245   699  1408 I OMX-VENC: Component Deinit
04-10 19:16:55.247  2072  2072 D ScreenCaptureReceiver: onReceive com.oculus.systemactivities.BEGIN_VIDEO_CAPTURE_WITH_SURFACE package=com.oculus.systemdriver
04-10 19:16:55.251  2072  2072 D TrustedSignatureVerifier: Checking app signature for com.oculus.horizon
04-10 19:16:55.252  1729 12209 I org.webrtc.Logging: MediaCodecVideoEncoder: Java releaseEncoder on release thread done
04-10 19:16:55.252  1729 12199 I org.webrtc.Logging: MediaCodecVideoEncoder: Java releaseEncoder done
04-10 19:16:55.253  1729 12199 I MediaCodecVideoEncoder: [10909:790] [12199] MediaCodecVideoEncoder: EncoderReleaseOnCodecThread done.
04-10 19:16:55.253  2072  2072 D ScreenCaptureReceiver: App is trusted
04-10 19:16:55.254  1729 12016 I MediaCodecVideoEncoder: [10909:792] [12016] MediaCodecVideoEncoder: Create HW video encoder for type 0 (VP8).
04-10 19:16:55.254  2072  2072 D ScreenCaptureReceiver: Valid surface. Starting streaming
04-10 19:16:55.254  2072  2072 I ScreenCaptureBase: Screen Capture Command:1
04-10 19:16:55.255  1729 12016 I MediaCodecVideoEncoder: [10909:793] [12016] MediaCodecVideoEncoder: InitEncode request: 512 x 512
04-10 19:16:55.255  1729 12016 I MediaCodecVideoEncoder: [10909:793] [12016] MediaCodecVideoEncoder: Encoder automatic resize disabled
04-10 19:16:55.256  1729 12212 I MediaCodecVideoEncoder: [10909:794] [12212] MediaCodecVideoEncoder: InitEncodeOnCodecThread Type: 0, 512 x 512. Bitrate: 2000 kbps. Fps: 60
04-10 19:16:55.256  1729 12212 I org.webrtc.Logging: MediaCodecVideoEncoder: Java initEncode: VIDEO_CODEC_VP8 : 512 x 512. @ 2000 kbps. Fps: 60. Encode from texture : false
04-10 19:16:55.257  1729 12212 I org.webrtc.Logging: MediaCodecVideoEncoder: Found target encoder for mime video/x-vnd.on2.vp8 : OMX.qcom.video.encoder.vp8. Color: 0x15
04-10 19:16:55.258  1729 12212 I org.webrtc.Logging: MediaCodecVideoEncoder: Color format: 21
04-10 19:16:55.258  1729 12212 I org.webrtc.Logging: MediaCodecVideoEncoder:   Format: {width=512, height=512, bitrate=2000000, mime=video/x-vnd.on2.vp8, frame-rate=60, i-frame-interval=100, bitrate-mode=2, color-format=21} Bitrate: 2000000 Fps: 60 keyFrameInterval: 100
04-10 19:16:55.260   553 12208 D audio_hw_utils: audio_extn_utils_send_app_type_cfg: usecase->in_snd_device handset-mic-aec
04-10 19:16:55.261   553 12208 D msm8974_platform: platform_split_snd_device: snd_device(62) new_snd_devices (handset-mic-aec)
04-10 19:16:55.262   553 12208 I audio_hw_utils: send_app_type_cfg_for_device CAPTURE app_type 69938, acdb_dev_id 106, sample_rate 48000, snd_device_be_idx 3
04-10 19:16:55.262   553 12208 D msm8974_platform: platform_split_snd_device: snd_device(62) new_snd_devices (handset-mic-aec)
04-10 19:16:55.262   553 12208 D ACDB-LOADER: ACDB -> send_audio_cal, acdb_id = 106, path = 1, app id = 0x11132, sample rate = 48000
04-10 19:16:55.262   553 12208 D ACDB-LOADER: ACDB -> send_asm_topology
04-10 19:16:55.262   553 12208 D ACDB-LOADER: ACDB -> ACDB_CMD_GET_AUDPROC_STREAM_TOPOLOGY_ID
04-10 19:16:55.262   553 12208 D ACDB-LOADER: ACDB -> send_adm_topology
04-10 19:16:55.262   553 12208 D ACDB-LOADER: ACDB -> ACDB_CMD_GET_AUDPROC_COMMON_TOPOLOGY_ID
04-10 19:16:55.262   553 12208 D ACDB-LOADER: ACDB -> send_audtable
04-10 19:16:55.263   553 12208 D ACDB-LOADER: ACDB -> ACDB_CMD_GET_AUDPROC_COMMON_TABLE_SIZE
04-10 19:16:55.263   553 12208 D ACDB-LOADER: ACDB -> ACDB_CMD_GET_AUDPROC_COMMON_TABLE
04-10 19:16:55.263   553 12208 D ACDB-LOADER: ACDB -> AUDIO_SET_AUDPROC_CAL
04-10 19:16:55.263   553 12208 D ACDB-LOADER: ACDB -> send_audvoltable
04-10 19:16:55.263   553 12208 D ACDB-LOADER: ACDB -> ACDB_CMD_GET_AUDPROC_GAIN_DEP_STEP_TABLE, vol index 0
04-10 19:16:55.263   553 12208 D         : Failed to fetch the lookup information of the device 0000006A 
04-10 19:16:55.263   553 12208 E ACDB-LOADER: Error: ACDB AudProc vol returned = -19
04-10 19:16:55.263   553 12208 D ACDB-LOADER: ACDB -> AUDIO_SET_VOL_CAL cal type = 12
04-10 19:16:55.263   553 12208 D ACDB-LOADER: ACDB -> send_audstrmtable
04-10 19:16:55.263   553 12208 D ACDB-LOADER: ACDB -> ACDB_CMD_GET_AUDPROC_STREAM_TABLE_V2
04-10 19:16:55.263   553 12208 D ACDB-LOADER: ACDB -> audstrm_cal->cal_type.cal_data.cal_size = 16
04-10 19:16:55.263   553 12208 D ACDB-LOADER: ACDB -> send_afe_topology
04-10 19:16:55.263   553 12208 D ACDB-LOADER: ACDB -> ACDB_CMD_GET_AFE_TOPOLOGY_ID
04-10 19:16:55.263   553 12208 D ACDB-LOADER: ACDB -> GET_AFE_TOPOLOGY_ID for adcd_id 106, Topology Id 112fb
04-10 19:16:55.263   553 12208 D ACDB-LOADER: ACDB -> send_afe_cal
04-10 19:16:55.263   553 12208 D ACDB-LOADER: ACDB -> ACDB_CMD_GET_AFE_COMMON_TABLE
04-10 19:16:55.263   553 12208 D         : Failed to fetch the lookup information of the device 0000006A 
04-10 19:16:55.263   553 12208 E ACDB-LOADER: Error: ACDB AFE returned = -19
04-10 19:16:55.263   553 12208 D ACDB-LOADER: ACDB -> AUDIO_SET_AFE_CAL
04-10 19:16:55.263   553 12208 D ACDB-LOADER: ACDB -> send_hw_delay : acdb_id = 106 path = 1
04-10 19:16:55.263   553 12208 D ACDB-LOADER: ACDB -> ACDB_AVSYNC_INFO: ACDB_CMD_GET_DEVICE_PROPERTY
04-10 19:16:55.263   553 12208 D audio_hw_primary: enable_audio_route: apply mixer and update path: audio-record
04-10 19:16:55.264   553 12208 D audio_hw_primary: select_devices: done
04-10 19:16:55.265   702  1313 I MediaPlayerService: MediaPlayerService::getOMX
04-10 19:16:55.266  1729 12214 I OMXClient: MuxOMX ctor
04-10 19:16:55.277   699   897 I OMXMaster: makeComponentInstance(OMX.qcom.video.encoder.vp8) in mediacodec process
04-10 19:16:55.280   553 12208 E audio_hw_extn: audio_extn_perf_lock_release: Perf lock release error 
04-10 19:16:55.280   553 12208 D audio_hw_primary: start_input_stream: exit
04-10 19:16:55.288   699   897 I OMX-VENC: Component_init : OMX.qcom.video.encoder.vp8 : return = 0x0
04-10 19:16:55.291   699  8904 E OMX-VENC: set_parameter: metamode is valid for input port only
04-10 19:16:55.291   699  8904 W OMXNodeInstance: [2bb0060:qcom.encoder.vp8] component does not support metadata mode; using fallback
04-10 19:16:55.291  1729 12214 E ACodec  : [OMX.qcom.video.encoder.vp8] storeMetaDataInBuffers (output) failed w/ err -1010
04-10 19:16:55.291  1729 12214 I ExtendedACodec: setupVideoEncoder()
04-10 19:16:55.294  1729 12214 W ACodec  : do not know color format 0x7fa30c06 = 2141391878
04-10 19:16:55.296  1729 12214 W ACodec  : do not know color format 0x7fa30c04 = 2141391876
04-10 19:16:55.297  1729 12214 W ACodec  : do not know color format 0x7fa30c00 = 2141391872
04-10 19:16:55.297  1729 12214 W ACodec  : do not know color format 0x7fa30c08 = 2141391880
04-10 19:16:55.298  1729 12205 I libjingle: [10909:836] [12205] (bitrate_prober.cc:43): Initial bandwidth probing enabled
04-10 19:16:55.298  1729 12214 W ACodec  : do not know color format 0x7fa30c07 = 2141391879
04-10 19:16:55.305  1729 12214 W ACodec  : do not know color format 0x7f000789 = 2130708361
04-10 19:16:55.319   699  1408 E OMXNodeInstance: getParameter(2bb0060:qcom.encoder.vp8, ParamVideoAndroidVp8Encoder(0x6f600007)) ERROR: UnsupportedIndex(0x8000101a)
04-10 19:16:55.322  1729 12214 I ACodec  : [OMX.qcom.video.encoder.vp8] cannot encode HDR static metadata. Ignoring.
04-10 19:16:55.322  1729 12214 I ACodec  : setupVideoEncoder succeeded
04-10 19:16:55.322  1729 12214 I ExtendedACodec: [OMX.qcom.video.encoder.vp8] configure, AMessage : AMessage(what = 'conf', target = 25) = {
04-10 19:16:55.322  1729 12214 I ExtendedACodec:   int32_t width = 512
04-10 19:16:55.322  1729 12214 I ExtendedACodec:   int32_t height = 512
04-10 19:16:55.322  1729 12214 I ExtendedACodec:   int32_t bitrate = 2000000
04-10 19:16:55.322  1729 12214 I ExtendedACodec:   string mime = "video/x-vnd.on2.vp8"
04-10 19:16:55.322  1729 12214 I ExtendedACodec:   int32_t frame-rate = 60
04-10 19:16:55.322  1729 12214 I ExtendedACodec:   int32_t i-frame-interval = 100
04-10 19:16:55.322  1729 12214 I ExtendedACodec:   int32_t bitrate-mode = 2
04-10 19:16:55.322  1729 12214 I ExtendedACodec:   int32_t color-format = 21
04-10 19:16:55.322  1729 12214 I ExtendedACodec:   int32_t encoder = 1
04-10 19:16:55.322  1729 12214 I ExtendedACodec: }
04-10 19:16:55.332   699  1694 E OMXNodeInstance: getParameter(2bb0060:qcom.encoder.vp8, ParamVideoAndroidVp8Encoder(0x6f600007)) ERROR: UnsupportedIndex(0x8000101a)
04-10 19:16:55.352  1729 12212 I org.webrtc.Logging: MediaCodecVideoEncoder: Output buffers: 4
04-10 19:16:55.352  1729 12212 I org.webrtc.Logging: MediaCodecVideoEncoder: Input buffers: 4
04-10 19:16:55.354  1729 12212 I MediaCodecVideoEncoder: [10909:892] [12212] MediaCodecVideoEncoder: Encoder frame in # 0. TS: 0. Q: 0. Fps: 30. Kbps: 2000
04-10 19:16:55.354  1729 12212 I MediaCodecVideoEncoder: [10909:892] [12212] MediaCodecVideoEncoder: Reconfigure encoder due to format change. Reconfiguring to encode from texture.
04-10 19:16:55.354  1729 12212 I MediaCodecVideoEncoder: [10909:892] [12212] MediaCodecVideoEncoder: EncoderReleaseOnCodecThread: Frames received: 1. Encoded: 0. Dropped: 0
04-10 19:16:55.354  1729 12212 I org.webrtc.Logging: MediaCodecVideoEncoder: Java releaseEncoder
04-10 19:16:55.355  1729 12218 I org.webrtc.Logging: MediaCodecVideoEncoder: Java releaseEncoder on release thread
04-10 19:16:55.367   699 12216 E OMX-VENC: async_venc_message_thread interrupted to be exited
04-10 19:16:55.369   699  1694 I OMX-VENC: Component Deinit
04-10 19:16:55.375  1729 12218 I org.webrtc.Logging: MediaCodecVideoEncoder: Java releaseEncoder on release thread done
04-10 19:16:55.376  1729 12212 I org.webrtc.Logging: MediaCodecVideoEncoder: Java releaseEncoder done
04-10 19:16:55.376  1729 12212 I MediaCodecVideoEncoder: [10909:914] [12212] MediaCodecVideoEncoder: EncoderReleaseOnCodecThread done.
04-10 19:16:55.376  1729 12212 I MediaCodecVideoEncoder: [10909:914] [12212] MediaCodecVideoEncoder: InitEncodeOnCodecThread Type: 0, 512 x 512. Bitrate: 0 kbps. Fps: 0
04-10 19:16:55.376  1729 12212 I org.webrtc.Logging: MediaCodecVideoEncoder: Java initEncode: VIDEO_CODEC_VP8 : 512 x 512. @ 2000 kbps. Fps: 30. Encode from texture : true
04-10 19:16:55.378  1729 12212 I org.webrtc.Logging: MediaCodecVideoEncoder: Found target encoder for mime video/x-vnd.on2.vp8 : OMX.qcom.video.encoder.vp8. Color: 0x7f000789
04-10 19:16:55.378  1729 12212 I org.webrtc.Logging: MediaCodecVideoEncoder: Color format: 2130708361
04-10 19:16:55.378  1729 12212 I org.webrtc.Logging: MediaCodecVideoEncoder:   Format: {width=512, height=512, bitrate=2000000, mime=video/x-vnd.on2.vp8, frame-rate=30, i-frame-interval=100, bitrate-mode=2, color-format=2130708361} Bitrate: 2000000 Fps: 30 keyFrameInterval: 100
04-10 19:16:55.385   702  1387 I MediaPlayerService: MediaPlayerService::getOMX
04-10 19:16:55.386  1729 12220 I OMXClient: MuxOMX ctor
04-10 19:16:55.387   699  8904 I OMXMaster: makeComponentInstance(OMX.qcom.video.encoder.vp8) in mediacodec process
04-10 19:16:55.398   699  8904 I OMX-VENC: Component_init : OMX.qcom.video.encoder.vp8 : return = 0x0
04-10 19:16:55.401   699   897 E OMX-VENC: set_parameter: metamode is valid for input port only
04-10 19:16:55.401   699   897 W OMXNodeInstance: [2bb0061:qcom.encoder.vp8] component does not support metadata mode; using fallback
04-10 19:16:55.402  1729 12220 E ACodec  : [OMX.qcom.video.encoder.vp8] storeMetaDataInBuffers (output) failed w/ err -1010
04-10 19:16:55.402  1729 12220 I ExtendedACodec: setupVideoEncoder()
04-10 19:16:55.406  1729 12220 W ACodec  : do not know color format 0x7fa30c06 = 2141391878
04-10 19:16:55.413  1729 12220 W ACodec  : do not know color format 0x7fa30c04 = 2141391876
04-10 19:16:55.414  1729 12220 W ACodec  : do not know color format 0x7fa30c00 = 2141391872
04-10 19:16:55.414  1729 12220 W ACodec  : do not know color format 0x7fa30c08 = 2141391880
04-10 19:16:55.415  1729 12220 W ACodec  : do not know color format 0x7fa30c07 = 2141391879
04-10 19:16:55.416  1729 12220 W ACodec  : do not know color format 0x7f000789 = 2130708361
04-10 19:16:55.432   699   897 E OMXNodeInstance: getParameter(2bb0061:qcom.encoder.vp8, ParamVideoAndroidVp8Encoder(0x6f600007)) ERROR: UnsupportedIndex(0x8000101a)
04-10 19:16:55.437  1729 12220 I ACodec  : [OMX.qcom.video.encoder.vp8] cannot encode HDR static metadata. Ignoring.
04-10 19:16:55.437  1729 12220 I ACodec  : setupVideoEncoder succeeded
04-10 19:16:55.438  1729 12220 I ExtendedACodec: [OMX.qcom.video.encoder.vp8] configure, AMessage : AMessage(what = 'conf', target = 28) = {
04-10 19:16:55.438  1729 12220 I ExtendedACodec:   int32_t width = 512
04-10 19:16:55.438  1729 12220 I ExtendedACodec:   int32_t height = 512
04-10 19:16:55.438  1729 12220 I ExtendedACodec:   int32_t bitrate = 2000000
04-10 19:16:55.438  1729 12220 I ExtendedACodec:   string mime = "video/x-vnd.on2.vp8"
04-10 19:16:55.438  1729 12220 I ExtendedACodec:   int32_t frame-rate = 30
04-10 19:16:55.438  1729 12220 I ExtendedACodec:   int32_t i-frame-interval = 100
04-10 19:16:55.438  1729 12220 I ExtendedACodec:   int32_t bitrate-mode = 2
04-10 19:16:55.438  1729 12220 I ExtendedACodec:   int32_t color-format = 2130708361
04-10 19:16:55.438  1729 12220 I ExtendedACodec:   int32_t encoder = 1
04-10 19:16:55.438  1729 12220 I ExtendedACodec: }
04-10 19:16:55.443  1729 12220 W ACodec  : do not know color format 0x7f000789 = 2130708361
04-10 19:16:55.448   699  1408 E OMXNodeInstance: getParameter(2bb0061:qcom.encoder.vp8, ParamVideoAndroidVp8Encoder(0x6f600007)) ERROR: UnsupportedIndex(0x8000101a)
04-10 19:16:55.454   699  6679 E OMX-VENC: Does not handle dataspace request
04-10 19:16:55.454   699  6679 E OMXNodeInstance: getConfig(2bb0061:qcom.encoder.vp8, ??(0x7f000062)) ERROR: UnsupportedSetting(0x80001019)
04-10 19:16:55.457   699   699 D GraphicBufferSource: setting dataspace: 0x102
04-10 19:16:55.458   699   897 E OMXNodeInstance: getParameter(2bb0061:qcom.encoder.vp8, ParamConsumerUsageBits(0x6f800004)) ERROR: UnsupportedIndex(0x8000101a)
04-10 19:16:55.459   699   897 D GraphicBufferSource: requesting color aspects (R:2(Limited), P:3(BT601_6_625), M:3(BT601_6), T:3(SMPTE170M))
04-10 19:16:55.491  1729 12212 I org.webrtc.Logging: MediaCodecVideoEncoder: Output buffers: 4
04-10 19:16:55.491  1729 12212 I org.webrtc.Logging: MediaCodecVideoEncoder: Sync frame request
04-10 19:16:55.502   699  1408 D GraphicBufferSource: got buffer with new dataSpace #102
04-10 19:16:55.502   699  1408 I OMX-VENC: get_config (dataspace changed): ColorSpace: Recommend 601-limited for RGBA8888
04-10 19:16:55.503   699  1408 D GraphicBufferSource: Codec resolved it to (R:2(Limited), P:3(BT601_6_625), M:3(BT601_6), T:3(SMPTE170M)) err=0(NO_ERROR)
04-10 19:16:55.504  1729 12220 D ACodec  : dataspace changed to 0x10c20000 (R:2(Limited), P:3(BT601_6_625), M:3(BT601_6), T:3(SMPTE170M)) (R:2(Limited), S:2(BT601_625), T:3(SMPTE_170M))
04-10 19:16:55.504   699 12221 I OMX-VENC: ENC_CONFIG: gralloc ColorSpace = 0 (601=0 601_FR=1 709=2)
04-10 19:16:55.504   699 12221 I OMX-VENC: ENC_CONFIG: Input Color = RGBA8888 UBWC
04-10 19:16:55.504   699 12221 I OMX-VENC: ENC_CONFIG: selected ColorSpace = 0 (601=0 601_FR=1 709=2)
04-10 19:16:55.511  1729 12212 I MediaCodecVideoEncoder: [10910:048] [12212] MediaCodecVideoEncoder: Encoder frame in # 0. TS: 33. Q: 1. Fps: 30. Kbps: 2000
04-10 19:16:55.520  1729 12212 I org.webrtc.Logging: MediaCodecVideoEncoder: Sync frame generated
04-10 19:16:55.521  1729 12212 I MediaCodecVideoEncoder: [10910:059] [12212] MediaCodecVideoEncoder: Encoder frame out # 0. Key: 1. Size: 7601. TS: 0. Latency: 33. EncTime: 30
04-10 19:16:55.521  1729 12212 I libjingle: [10910:059] [12212] (bitrate_prober.cc:82): Start probing for bandwidth, bitrates: 900000 1800000, num packets: 11
04-10 19:16:55.522  1729 12212 I MediaCodecVideoEncoder: [10910:059] [12212] MediaCodecVideoEncoder: Encoder frame in # 1. TS: 66. Q: 1. Fps: 30. Kbps: 2000
04-10 19:16:55.540  1729 12212 I MediaCodecVideoEncoder: [10910:078] [12212] MediaCodecVideoEncoder: Encoder frame out # 1. Key: 0. Size: 2282. TS: 33. Latency: 33. EncTime: 29
04-10 19:16:55.543  1729 12212 I MediaCodecVideoEncoder: [10910:081] [12212] MediaCodecVideoEncoder: Encoder frame out # 2. Key: 0. Size: 1474. TS: 66. Latency: 0. EncTime: 21
04-10 19:16:55.548  1729 12212 I MediaCodecVideoEncoder: [10910:086] [12212] MediaCodecVideoEncoder: Encoder frame in # 2. TS: 99. Q: 0. Fps: 30. Kbps: 2000
04-10 19:16:55.563  1729 12212 I MediaCodecVideoEncoder: [10910:101] [12212] MediaCodecVideoEncoder: Encoder frame out # 3. Key: 0. Size: 1491. TS: 99. Latency: 0. EncTime: 15
04-10 19:16:55.580  1729 12212 I MediaCodecVideoEncoder: [10910:118] [12212] MediaCodecVideoEncoder: Encoder frame in # 3. TS: 133. Q: 0. Fps: 15. Kbps: 2000
04-10 19:16:55.599  1729 12212 I MediaCodecVideoEncoder: [10910:137] [12212] MediaCodecVideoEncoder: Encoder frame out # 4. Key: 0. Size: 1885. TS: 133. Latency: 0. EncTime: 19
04-10 19:16:55.605  1729 12212 I MediaCodecVideoEncoder: [10910:143] [12212] MediaCodecVideoEncoder: Encoder frame in # 4. TS: 199. Q: 0. Fps: 18. Kbps: 780
04-10 19:16:55.618  1729 12212 I MediaCodecVideoEncoder: [10910:156] [12212] MediaCodecVideoEncoder: Encoder frame out # 5. Key: 0. Size: 2159. TS: 199. Latency: 0. EncTime: 13
04-10 19:16:55.634  1729 12212 I MediaCodecVideoEncoder: [10910:172] [12212] MediaCodecVideoEncoder: Encoder frame in # 5. TS: 255. Q: 0. Fps: 20. Kbps: 780
04-10 19:16:55.648  1729 12212 I MediaCodecVideoEncoder: [10910:186] [12212] MediaCodecVideoEncoder: Encoder frame out # 6. Key: 0. Size: 2656. TS: 255. Latency: 0. EncTime: 12
04-10 19:16:55.664  1729 12212 I MediaCodecVideoEncoder: [10910:202] [12212] MediaCodecVideoEncoder: Encoder frame in # 6. TS: 305. Q: 0. Fps: 21. Kbps: 780
04-10 19:16:55.684  1729 12212 I MediaCodecVideoEncoder: [10910:222] [12212] MediaCodecVideoEncoder: Encoder frame out # 7. Key: 0. Size: 2957. TS: 305. Latency: 0. EncTime: 20
04-10 19:16:55.691  1729 12212 I MediaCodecVideoEncoder: [10910:229] [12212] MediaCodecVideoEncoder: Encoder frame in # 7. TS: 353. Q: 0. Fps: 23. Kbps: 780
04-10 19:16:55.693 11787 12127 I VrApi   : FPS=72,Prd=45ms,Tear=0,Early=0,Stale=0,VSnc=1,Lat=1,Fov=0,CPU4/GPU=2/4,1651/710MHz,OC=FF,TA=0/E0/E0,SP=N/F/F,Mem=1804MHz,Free=1640MB,PSM=0,PLS=0,Temp=28.0C/0.0C,TW=2.10ms,App=9.43ms,GD=0.00ms,CPU&GPU=15.66ms,LCnt=2,GPU%=0.67,CPU%=0.44(W0.48),DSF=1.00
04-10 19:16:55.705  1729 12212 I MediaCodecVideoEncoder: [10910:243] [12212] MediaCodecVideoEncoder: Encoder frame out # 8. Key: 0. Size: 4051. TS: 353. Latency: 0. EncTime: 14
04-10 19:16:55.719  1729 12212 I MediaCodecVideoEncoder: [10910:257] [12212] MediaCodecVideoEncoder: Encoder frame in # 8. TS: 396. Q: 0. Fps: 24. Kbps: 780
04-10 19:16:55.731  1729 12212 I MediaCodecVideoEncoder: [10910:269] [12212] MediaCodecVideoEncoder: Encoder frame out # 9. Key: 0. Size: 2792. TS: 396. Latency: 0. EncTime: 12
04-10 19:16:56.132  1524 12226 D CompanionBLEReceiver: Received HMD_CAPABILITIES Request
04-10 19:16:56.133  1245  1375 D BtGatt.GattService: onResponseSendCompleted() handle=42
04-10 19:16:56.134   696  9951 D GatekeeperNativeService: Using value 1 for gk oculus_horizon_chromecasting, user=0
04-10 19:16:56.138   696   696 D GatekeeperNativeService: Using value 0 for gk oculus_mobile_multi_user_enabled, user=0
04-10 19:16:56.146   696  4622 D GatekeeperNativeService: Using value 1 for gk oculus_tour_guide, user=0
04-10 19:16:56.146  1524 12226 I CompanionServer: ====== HmdCapabilities ======
04-10 19:16:56.146  1524 12226 I CompanionServer: chromecast_available: true
04-10 19:16:56.146  1524 12226 I CompanionServer: multi_user_available: false
04-10 19:16:56.146  1524 12226 I CompanionServer: manual_ota_version: 1
04-10 19:16:56.146  1524 12226 I CompanionServer: chromecast_native_receiver_available: true
04-10 19:16:56.146  1524 12226 I CompanionServer: tour_guide_v2_available: true
04-10 19:16:56.146  1524 12226 I CompanionServer: =============================
04-10 19:16:56.190  1245  1375 D BtGatt.GattService: onResponseSendCompleted() handle=42
04-10 19:16:56.416   718 12045 I [CT]    : MANAGEMENT:CONSTELLATION: Status=GREEN,, Obj=6394927626409450688,6DOF=1 (estimated),Issues(Cam/min=  0,IMU/min=0), Obj=9595495658424524695,6DOF=1 (estimated),Issues(Cam/min=  0,IMU/min=0)
04-10 19:16:56.440 11787 11806 D UE4     : [GameActivity] Used memory: 350103
04-10 19:16:56.691 11787 12127 I VrApi   : FPS=71,Prd=44ms,Tear=1,Early=1,Stale=1,VSnc=1,Lat=1,Fov=0,CPU4/GPU=2/5,1651/710MHz,OC=FF,TA=0/E0/E0,SP=N/F/F,Mem=1804MHz,Free=1638MB,PSM=0,PLS=0,Temp=28.0C/0.0C,TW=2.40ms,App=8.87ms,GD=0.00ms,CPU&GPU=15.71ms,LCnt=2,GPU%=0.68,CPU%=0.45(W0.50),DSF=1.00
04-10 19:16:56.721  1729 12016 I libjingle: [10911:259] [12016] (network.cc:786): Connect failed with 101
04-10 19:16:56.905   718 12046 I [CT]    : VIPER:MAP_MANAGER: State: TRACKING_PERSISTENT, UUID=250ba7fd-8d3e-45ee-9911-5f39cd9b3c25, Num. Persistent maps = 4,  Persistent maps:9fe966d0-a5c8-4a86-97d4-ab48222989f7,96e793be-30e1-4fb3-ab36-9648e5d6d916,b327ec11-1d2b-4f13-9aad-47d47f025f0c,250ba7fd-8d3e-45ee-9911-5f39cd9b3c25,, Ser. Disabled = 00000000-0000-0000-0000-000000000000
04-10 19:16:56.911  1729 12190 D OVRPlatform-RenderFrameCapturer: still capturing frames
04-10 19:16:56.938   718 12046 I [CT]    : VIPER: Status=6DoF,TRACKING,KF=47,Inl=186,Pts=160,Jit=0.1mm,Issues(Cam/min=0.0,IMU/min=0.0),Exp=(8.6ms,g=11.0,I=63)(8.1ms,g=9.0,I=72)(8.6ms,g=11.0,I=75)(7.0ms,g=8.0,I=67)
04-10 19:16:57.150   718 12076 W [CT]    : VIPER: WARNING!! No fixed cameras!! 
04-10 19:16:57.220   718 12076 I [CT]    : floorplane: Failed detection of groundplane. Took 0.067 ms
04-10 19:16:57.691 11787 12127 I VrApi   : FPS=72,Prd=44ms,Tear=0,Early=0,Stale=0,VSnc=1,Lat=1,Fov=0,CPU4/GPU=2/5,1651/710MHz,OC=FF,TA=0/E0/E0,SP=N/F/F,Mem=1804MHz,Free=1637MB,PSM=0,PLS=0,Temp=28.0C/0.0C,TW=2.29ms,App=8.61ms,GD=0.00ms,CPU&GPU=15.41ms,LCnt=2,GPU%=0.65,CPU%=0.34(W0.37),DSF=1.00
04-10 19:16:57.718  1729 12016 I libjingle: [10912:256] [12016] (videoadapter.cc:313): VAdapt Frame: scaled 0 / out 90 / in 90 Changes: 0 Input: 512x512 i33333333 Scale: 1 Output: 512x512 i33333333 Changed: false
04-10 19:16:57.903   718 12039 I [CT]    : L:Behavior:AtRest: deactivated
04-10 19:16:57.903   718 12039 I [CT]    : AdHocPatch: [Left] t = 22.234s, behavior transition: AtRest -> None at 22.283s
04-10 19:16:57.903   718 12039 I [CT]    : L:Behavior:AtRest: deactivated
04-10 19:16:57.903   718 12039 I [CT]    : AdHocPatch: [Right] t = 22.235s, behavior transition: AtRest -> None at 22.284s
04-10 19:16:57.907  2087  2134 I GuardianSystem: UpdateGuardianSystemState: Flags changed: 524288, 532480
04-10 19:16:57.938  2087  2352 W VrApi   : ovr_SubmitFrameInternal: FrameIndex discontinuity: Expected 139990, Received 140495
04-10 19:16:58.157   718 12039 I [CT]    : L:Behavior:AtRest: activated
04-10 19:16:58.157   718 12039 I [CT]    : AdHocPatch: [Left] t = 22.483s, behavior transition: None -> AtRest at 22.532s
04-10 19:16:58.233  2087 12075 I Telemetry: App memory usage: PSS=56MB
04-10 19:16:58.239   718 12046 I [CT]    : HealthReport: ==================================================
04-10 19:16:58.239   718 12046 I [CT]    : Health Report
04-10 19:16:58.239   718 12046 I [CT]    : -------------
04-10 19:16:58.239   718 12046 I [CT]    : 
04-10 19:16:58.239   718 12046 I [CT]    : Reporter #1 (InsideOutHealthMonitor) summary:
04-10 19:16:58.239   718 12046 I [CT]    : Camera: Total Dropped: 0.000000, Total Frame Count: 670 (0.000000%), Camera Reset Count: 0
04-10 19:16:58.239   718 12046 I [CT]    : Camera: Total Single Camera Frame Dropped: 0, Total Frame Count: 670 (0.000000%)
04-10 19:16:58.239   718 12046 I [CT]    : IMU: Total Dropped: 0.000000, Total Sample Count: 22540 (0.000000%)
04-10 19:16:58.239   718 12046 I [CT]    : Magnetometer: Total Dropped: 0.000000, Total Sample Count: 676 (0.000000%)
04-10 19:16:58.239   718 12046 I [CT]    : 
04-10 19:16:58.239   718 12046 I [CT]    : Reporter #1 (InsideOutHealthMonitor) Passed
04-10 19:16:58.239   718 12046 I [CT]    : --------------------------------------------------
04-10 19:16:58.239   718 12046 I [CT]    : Reporter #2 (ConstellationHealthMonitor) summary:
04-10 19:16:58.239   718 12046 I [CT]    : Camera: Total Dropped: 0.000000, Total Frame Count: 670 (0.000000%), Camera Reset Count: 1
04-10 19:16:58.239   718 12046 I [CT]    : Camera: Total Single Camera Frame Dropped: 0, Total Frame Count: 670 (0.000000%)
04-10 19:16:58.239   718 12046 I [CT]    : Controller 6394927626409450688:
04-10 19:16:58.239   718 12046 I [CT]    : IMU: Capture period exceeded threshold.  Largest period: 1.116476 sec
04-10 19:16:58.239   718 12046 I [CT]    : Controllers may have been sleeping
04-10 19:16:58.239   718 12046 I [CT]    : IMU: Total Dropped: 0.000000, Total Sample Count: 10729.780500 (0.000000%)
04-10 19:16:58.239   718 12046 I [CT]    : Controller 9595495658424524695:
04-10 19:16:58.239   718 12046 I [CT]    : IMU: C
04-10 19:16:58.290  2072 11971 I TimeWarp: UpdateClockLevels: Apply pending clock request change: 2,5 -> 2,6
04-10 19:16:58.290  2072 11970 I Clocks  : ReleaseClocks - start
04-10 19:16:58.291   721   721 D         : CPU_CLUSTER_0: No client requests exists, release clocks
04-10 19:16:58.291   721   721 D         : CPU_CLUSTER_1: No client requests exists, release clocks
04-10 19:16:58.291   721   721 D         : GPU: No client requests exists, release clocks
04-10 19:16:58.291   721   721 D         : CPUBW: No client requests exists, release clocks
04-10 19:16:58.292  2072 11970 I Clocks  : ReleaseClocks - end (1.9 ms)
04-10 19:16:58.292  2072 11970 I Clocks  : LockClocks( cpu=2, gpu=6 ) - start
04-10 19:16:58.296  2072 11970 I Clocks  : CPU levels [0, 4]
04-10 19:16:58.296  2072 11970 I Clocks  : GPU levels [0, 5]
04-10 19:16:58.297   721   721 D         : CPU_CLUSTER_0: Client 2072 sends freq request [21, 21]
04-10 19:16:58.297   721   721 D         : CPU_CLUSTER_0: Next Perf Level = (21, 21)
04-10 19:16:58.297   721   721 D         : CPU_CLUSTER_1: Client 2072 sends freq request [18, 18]
04-10 19:16:58.297   721   721 D         : CPU_CLUSTER_1: Next Perf Level = (18, 18)
04-10 19:16:58.298   721   721 D         : CPUBW: Client 2072 sends freq request [8, 11]
04-10 19:16:58.298   721   721 D         : CPUBW: Next Perf Level = (8, 11)
04-10 19:16:58.298  1524 12231 D CompanionBLEReceiver: Received HMD_CAPABILITIES Request
04-10 19:16:58.298   721   721 D         : GPU: Client 2072 sends freq request [7, 7]
04-10 19:16:58.298  1245  1375 D BtGatt.GattService: onResponseSendCompleted() handle=42
04-10 19:16:58.298   721   721 D         : GPU: Next Perf Level = (7, 7)
04-10 19:16:58.298  2072 11970 I Clocks  : LockClocks( cpu=2, gpu=6 ) - end (6.7 ms)
04-10 19:16:58.299   696   792 D GatekeeperNativeService: Using value 1 for gk oculus_horizon_chromecasting, user=0
04-10 19:16:58.302   696  9951 D GatekeeperNativeService: Using value 0 for gk oculus_mobile_multi_user_enabled, user=0
04-10 19:16:58.305   696   696 D GatekeeperNativeService: Using value 1 for gk oculus_tour_guide, user=0
04-10 19:16:58.305  1524 12231 I CompanionServer: ====== HmdCapabilities ======
04-10 19:16:58.305  1524 12231 I CompanionServer: chromecast_available: true
04-10 19:16:58.305  1524 12231 I CompanionServer: multi_user_available: false
04-10 19:16:58.305  1524 12231 I CompanionServer: manual_ota_version: 1
04-10 19:16:58.305  1524 12231 I CompanionServer: chromecast_native_receiver_available: true
04-10 19:16:58.305  1524 12231 I CompanionServer: tour_guide_v2_available: true
04-10 19:16:58.305  1524 12231 I CompanionServer: =============================
04-10 19:16:58.311   718 12039 I [CT]    : L:Behavior:AtRest: activated
04-10 19:16:58.311   718 12039 I [CT]    : AdHocPatch: [Right] t = 22.638s, behavior transition: None -> AtRest at 22.689s
04-10 19:16:58.324  2087  2134 I GuardianSystem: UpdateGuardianSystemState: Flags changed: 532480, 524288
04-10 19:16:58.335   718 12039 I [CT]    : L:Behavior:AtRest: deactivated
04-10 19:16:58.336   718 12039 I [CT]    : AdHocPatch: [Right] t = 22.666s, behavior transition: AtRest -> None at 22.717s
04-10 19:16:58.341  2087  2134 I GuardianSystem: UpdateGuardianSystemState: Flags changed: 524288, 532480
04-10 19:16:58.349   718 12039 I [CT]    : L:Behavior:AtRest: activated
04-10 19:16:58.350   718 12039 I [CT]    : AdHocPatch: [Right] t = 22.680s, behavior transition: None -> AtRest at 22.731s
04-10 19:16:58.350  1245  1375 D BtGatt.GattService: onResponseSendCompleted() handle=42
04-10 19:16:58.357  2087  2134 I GuardianSystem: UpdateGuardianSystemState: Flags changed: 532480, 524288
04-10 19:16:58.365   718 12039 I [CT]    : L:Behavior:AtRest: deactivated
04-10 19:16:58.365   718 12039 I [CT]    : AdHocPatch: [Right] t = 22.696s, behavior transition: AtRest -> None at 22.747s
04-10 19:16:58.377  1729 12212 I MediaCodecVideoEncoder: [10912:915] [12212] MediaCodecVideoEncoder: Encoded frames: 105. Bitrate: 891, target: 953 kbps, fps: 35, encTime: 19. QP: 0 for last 3001 ms.
04-10 19:16:58.382  2087  2134 I GuardianSystem: UpdateGuardianSystemState: Flags changed: 524288, 532480
04-10 19:16:58.403   718 12039 I [CT]    : L:Behavior:AtRest: deactivated
04-10 19:16:58.403   718 12039 I [CT]    : AdHocPatch: [Left] t = 22.735s, behavior transition: AtRest -> None at 22.782s
04-10 19:16:58.405  2087  2352 W VrApi   : ovr_SubmitFrameInternal: FrameIndex discontinuity: Expected 140525, Received 140527
04-10 19:16:58.509   718 12039 D TrackingService: [HANDTRACKING] Controller 58bf58cb60779cc0 in hand: Y, valid: Y
04-10 19:16:58.611  1729 12190 D OVRPlatform-RenderFrameCapturer: still capturing frames
04-10 19:16:58.698 11787 12127 I VrApi   : FPS=72,Prd=44ms,Tear=0,Early=2,Stale=0,VSnc=1,Lat=1,Fov=0,CPU4/GPU=2/5,1651/710MHz,OC=FF,TA=0/E0/E0,SP=N/F/F,Mem=1804MHz,Free=1640MB,PSM=0,PLS=0,Temp=28.0C/0.0C,TW=2.38ms,App=7.77ms,GD=0.00ms,CPU&GPU=15.49ms,LCnt=2,GPU%=0.64,CPU%=0.33(W0.37),DSF=1.00
04-10 19:16:58.715   718 12039 I [CT]    : L:Behavior:AtRest: activated
04-10 19:16:58.716   718 12039 I [CT]    : AdHocPatch: [Right] t = 23.046s, behavior transition: None -> AtRest at 23.096s
04-10 19:16:58.730  1729 12016 I libjingle: [10913:268] [12016] (network.cc:786): Connect failed with 101
04-10 19:16:58.731  2087  2134 I GuardianSystem: UpdateGuardianSystemState: Flags changed: 532480, 524288
04-10 19:16:58.749   718 12039 I [CT]    : L:Behavior:AtRest: activated
04-10 19:16:58.749   718 12039 I [CT]    : AdHocPatch: [Left] t = 23.080s, behavior transition: None -> AtRest at 23.128s
04-10 19:16:58.774   718 12046 W [CT]    : VIPER: StereoEpipolarSearch: No search points in epipolar search.
04-10 19:16:58.787   718 12076 W [CT]    : VIPER: WARNING!! No fixed cameras!! 
04-10 19:16:58.870   718 12076 I [CT]    : floorplane: Failed detection of groundplane. Took 0.209 ms
04-10 19:16:58.948   718 12045 I [CT]    : CONSTELLATION: L: Detected static motion, applying constant pose priors.
04-10 19:16:59.083   718 12076 W [CT]    : VIPER: WARNING!! No fixed cameras!! 
04-10 19:16:59.135   718 12039 I [CT]    : L:Behavior:AtRest: deactivated
04-10 19:16:59.135   718 12039 I [CT]    : AdHocPatch: [Left] t = 23.466s, behavior transition: AtRest -> None at 23.513s
04-10 19:16:59.153  2072 11971 I TimeWarp: UpdateClockLevels: Apply pending clock request change: 2,6 -> 2,5
04-10 19:16:59.153  2072 11970 I Clocks  : ReleaseClocks - start
04-10 19:16:59.154   721  3000 D         : CPU_CLUSTER_0: No client requests exists, release clocks
04-10 19:16:59.154   721  3000 D         : CPU_CLUSTER_1: No client requests exists, release clocks
04-10 19:16:59.154   721  3000 D         : GPU: No client requests exists, release clocks
04-10 19:16:59.154   721  3000 D         : CPUBW: No client requests exists, release clocks
04-10 19:16:59.156  2072 11970 I Clocks  : ReleaseClocks - end (2.5 ms)
04-10 19:16:59.156  2072 11970 I Clocks  : LockClocks( cpu=2, gpu=5 ) - start
04-10 19:16:59.157  2072 11970 I Clocks  : CPU levels [0, 4]
04-10 19:16:59.157  2072 11970 I Clocks  : GPU levels [0, 5]
04-10 19:16:59.158   718 12076 I [CT]    : floorplane: Floor height has been initialized to 0.629 meters.
04-10 19:16:59.158   721   830 D         : CPU_CLUSTER_0: Client 2072 sends freq request [21, 21]
04-10 19:16:59.158   721   830 D         : CPU_CLUSTER_0: Next Perf Level = (21, 21)
04-10 19:16:59.159   721   830 D         : CPU_CLUSTER_1: Client 2072 sends freq request [18, 18]
04-10 19:16:59.159   721   830 D         : CPU_CLUSTER_1: Next Perf Level = (18, 18)
04-10 19:16:59.160   721   830 D         : CPUBW: Client 2072 sends freq request [8, 11]
04-10 19:16:59.160   721   830 D         : CPUBW: Next Perf Level = (8, 11)
04-10 19:16:59.165   721   830 D         : GPU: Client 2072 sends freq request [7, 7]
04-10 19:16:59.165   721   830 D         : GPU: Next Perf Level = (7, 7)
04-10 19:16:59.165  2072 11970 I Clocks  : LockClocks( cpu=2, gpu=5 ) - end (9.3 ms)
04-10 19:16:59.340  2102 11937 I GoogleCastDiscoveryHelper: Stopping discovery
04-10 19:16:59.384   718 12039 I [CT]    : L:Behavior:AtRest: deactivated
04-10 19:16:59.384   718 12039 I [CT]    : AdHocPatch: [Right] t = 23.713s, behavior transition: AtRest -> None at 23.763s
04-10 19:16:59.387  2087  2134 I GuardianSystem: UpdateGuardianSystemState: Flags changed: 524288, 532480
04-10 19:16:59.390  2087  2352 W VrApi   : ovr_SubmitFrameInternal: FrameIndex discontinuity: Expected 140553, Received 140572
04-10 19:16:59.415   718 12045 I [CT]    : MANAGEMENT:CONSTELLATION: Status=GREEN,, Obj=6394927626409450688,6DOF=1,FusJit=0.0002mm,Issues(Cam/min=  0,IMU/min=0), Obj=9595495658424524695,6DOF=1,Issues(Cam/min=  0,IMU/min=0)
04-10 19:16:59.442   718 12039 D TrackingService: [HANDTRACKING] Controller 58bf58cb60779cc0 in hand: N, valid: Y
04-10 19:16:59.496   718 11974 I [CT]    : boltlib: DSP utilization(%): 15
04-10 19:16:59.545   718 12039 D TrackingService: [HANDTRACKING] Controller 852a0c7654325f97 in hand: Y, valid: Y
04-10 19:16:59.575   718 12039 D TrackingService: [HANDTRACKING] Controller 58bf58cb60779cc0 in hand: Y, valid: Y
04-10 19:16:59.766  2072 11971 I TimeWarp: UpdateClockLevels: Apply pending clock request change: 2,5 -> 2,6
04-10 19:16:59.766  2072 11970 I Clocks  : ReleaseClocks - start
04-10 19:16:59.768   721   721 D         : CPU_CLUSTER_0: No client requests exists, release clocks
04-10 19:16:59.768   721   721 D         : CPU_CLUSTER_1: No client requests exists, release clocks
04-10 19:16:59.774   721   721 D         : GPU: No client requests exists, release clocks
04-10 19:16:59.774   721   721 D         : CPUBW: No client requests exists, release clocks
04-10 19:16:59.774  2072 11970 I Clocks  : ReleaseClocks - end (8.3 ms)
04-10 19:16:59.775  2072 11970 I Clocks  : LockClocks( cpu=2, gpu=6 ) - start
04-10 19:16:59.775  2072 11970 I Clocks  : CPU levels [0, 4]
04-10 19:16:59.775  2072 11970 I Clocks  : GPU levels [0, 5]
04-10 19:16:59.775   721  3000 D         : CPU_CLUSTER_0: Client 2072 sends freq request [21, 21]
04-10 19:16:59.776   721  3000 D         : CPU_CLUSTER_0: Next Perf Level = (21, 21)
04-10 19:16:59.776   721  3000 D         : CPU_CLUSTER_1: Client 2072 sends freq request [18, 18]
04-10 19:16:59.776   721  3000 D         : CPU_CLUSTER_1: Next Perf Level = (18, 18)
04-10 19:16:59.776   721  3000 D         : CPUBW: Client 2072 sends freq request [8, 11]
04-10 19:16:59.776   721  3000 D         : CPUBW: Next Perf Level = (8, 11)
04-10 19:16:59.776   721  3000 D         : GPU: Client 2072 sends freq request [7, 7]
04-10 19:16:59.776   721  3000 D         : GPU: Next Perf Level = (7, 7)
04-10 19:16:59.776  2072 11970 I Clocks  : LockClocks( cpu=2, gpu=6 ) - end (1.6 ms)
04-10 19:16:59.906   718 12046 I [CT]    : VIPER:MAP_MANAGER: State: TRACKING_PERSISTENT, UUID=250ba7fd-8d3e-45ee-9911-5f39cd9b3c25, Num. Persistent maps = 4,  Persistent maps:9fe966d0-a5c8-4a86-97d4-ab48222989f7,96e793be-30e1-4fb3-ab36-9648e5d6d916,b327ec11-1d2b-4f13-9aad-47d47f025f0c,250ba7fd-8d3e-45ee-9911-5f39cd9b3c25,, Ser. Disabled = 00000000-0000-0000-0000-000000000000
04-10 19:16:59.939   718 12046 I [CT]    : VIPER: Status=6DoF,TRACKING,KF=46,Inl=211,Pts=172,Jit=0.6mm,Issues(Cam/min=0.0,IMU/min=0.0),Exp=(8.7ms,g=10.0,I=62)(7.7ms,g=10.0,I=68)(8.7ms,g=10.0,I=76)(6.3ms,g=8.0,I=65)
04-10 19:16:59.987  2072 11971 I Vsync   : Vsync 1795:  2 x 13.92 ms (71.82 Hz, at 10943.064)
04-10 19:16:59.987  2072 11971 I TimeWarp: Adjusting 1795.04 > 1794 to 1795
04-10 19:16:59.990 11787 12127 I Telemetry: App memory usage: PSS=341MB
04-10 19:16:59.994 11787 12127 I VrApi   : FPS=72,Prd=44ms,Tear=0,Early=0,Stale=7,VSnc=1,Lat=1,Fov=0,CPU4/GPU=2/6,1651/710MHz,OC=FF,TA=0/E0/E0,SP=N/F/F,Mem=1804MHz,Free=1639MB,PSM=0,PLS=0,Temp=28.0C/0.0C,TW=2.65ms,App=11.75ms,GD=3.03ms,CPU&GPU=13.76ms,LCnt=2,GPU%=0.74,CPU%=0.41(W0.48),DSF=1.00
04-10 19:17:00.251  1729 12016 I libjingle: [10914:789] [12016] (videoadapter.cc:313): VAdapt Frame: scaled 0 / out 180 / in 180 Changes: 0 Input: 512x512 i33333333 Scale: 1 Output: 512x512 i33333333 Changed: false
04-10 19:17:00.307 11787 12145 I TrackingServiceClient: setting simple haptics, but not yet connected to socket, open connection...
04-10 19:17:00.308   718  2761 I TrackingService: virtual android::binder::Status OVR::OS::Tracking::TrackingService::getTrackingSocketFileDescriptor(android::os::ParcelFileDescriptor *)
04-10 19:17:00.308   718  2761 D TrackingService: haptic socket already exists
04-10 19:17:00.322  1729 12190 D OVRPlatform-RenderFrameCapturer: still capturing frames
04-10 19:17:00.453  1245  1375 D BtGatt.GattService: onResponseSendCompleted() handle=42
04-10 19:17:00.456  1524 12236 D CompanionBLEReceiver: Received HMD_CAPABILITIES Request
04-10 19:17:00.458   696  4622 D GatekeeperNativeService: Using value 1 for gk oculus_horizon_chromecasting, user=0
04-10 19:17:00.461   696   792 D GatekeeperNativeService: Using value 0 for gk oculus_mobile_multi_user_enabled, user=0
04-10 19:17:00.464   696  9951 D GatekeeperNativeService: Using value 1 for gk oculus_tour_guide, user=0
04-10 19:17:00.465  1524 12236 I CompanionServer: ====== HmdCapabilities ======
04-10 19:17:00.465  1524 12236 I CompanionServer: chromecast_available: true
04-10 19:17:00.465  1524 12236 I CompanionServer: multi_user_available: false
04-10 19:17:00.465  1524 12236 I CompanionServer: manual_ota_version: 1
04-10 19:17:00.465  1524 12236 I CompanionServer: chromecast_native_receiver_available: true
04-10 19:17:00.465  1524 12236 I CompanionServer: tour_guide_v2_available: true
04-10 19:17:00.465  1524 12236 I CompanionServer: =============================
04-10 19:17:00.510  1245  1375 D BtGatt.GattService: onResponseSendCompleted() handle=42
04-10 19:17:00.694 11787 12127 I VrApi   : FPS=69,Prd=45ms,Tear=0,Early=0,Stale=3,VSnc=1,Lat=1,Fov=0,CPU4/GPU=2/6,1651/710MHz,OC=FF,TA=0/E0/E0,SP=N/F/F,Mem=1804MHz,Free=1641MB,PSM=0,PLS=0,Temp=28.0C/0.0C,TW=2.91ms,App=12.66ms,GD=4.28ms,CPU&GPU=20.95ms,LCnt=2,GPU%=0.98,CPU%=0.41(W0.46),DSF=1.00
04-10 19:17:00.734  1729 12016 I libjingle: [10915:272] [12016] (network.cc:786): Connect failed with 101
04-10 19:17:00.889  2087  2134 I GuardianSystem: UpdateGuardianSystemState: Flags changed: 532480, 524288
04-10 19:17:01.229  2072 11971 I TimeWarp: UpdateClockLevels: Apply pending clock request change: 2,6 -> 2,5
04-10 19:17:01.229  2072 11970 I Clocks  : ReleaseClocks - start
04-10 19:17:01.230   721  3000 D         : CPU_CLUSTER_0: No client requests exists, release clocks
04-10 19:17:01.230   721  3000 D         : CPU_CLUSTER_1: No client requests exists, release clocks
04-10 19:17:01.230   721  3000 D         : GPU: No client requests exists, release clocks
04-10 19:17:01.230   721  3000 D         : CPUBW: No client requests exists, release clocks
04-10 19:17:01.230  2072 11970 I Clocks  : ReleaseClocks - end (1.3 ms)
04-10 19:17:01.230  2072 11970 I Clocks  : LockClocks( cpu=2, gpu=5 ) - start
04-10 19:17:01.231  2072 11970 I Clocks  : CPU levels [0, 4]
04-10 19:17:01.232  2072 11970 I Clocks  : GPU levels [0, 5]
04-10 19:17:01.232   721   830 D         : CPU_CLUSTER_0: Client 2072 sends freq request [21, 21]
04-10 19:17:01.232   721   830 D         : CPU_CLUSTER_0: Next Perf Level = (21, 21)
04-10 19:17:01.232   721   830 D         : CPU_CLUSTER_1: Client 2072 sends freq request [18, 18]
04-10 19:17:01.232   721   830 D         : CPU_CLUSTER_1: Next Perf Level = (18, 18)
04-10 19:17:01.232   721   830 D         : CPUBW: Client 2072 sends freq request [8, 11]
04-10 19:17:01.232   721   830 D         : CPUBW: Next Perf Level = (8, 11)
04-10 19:17:01.233   721   830 D         : GPU: Client 2072 sends freq request [7, 7]
04-10 19:17:01.233   721   830 D         : GPU: Next Perf Level = (7, 7)
04-10 19:17:01.234  2072 11970 I Clocks  : LockClocks( cpu=2, gpu=5 ) - end (3.0 ms)
04-10 19:17:01.401  1729 12212 I MediaCodecVideoEncoder: [10915:939] [12212] MediaCodecVideoEncoder: Encoded frames: 213. Bitrate: 1051, target: 1204 kbps, fps: 36, encTime: 22. QP: 0 for last 3024 ms.
04-10 19:17:01.451   718 12045 W [CT]    : CONSTELLATION: LED Mahalanobis distance p50 = 17.86 too high. Fallback to pose update.
04-10 19:17:01.452   718 12045 W [CT]    : CONSTELLATION: LED Mahalanobis distance p50 = 17.9028 too high. Fallback to pose update.
04-10 19:17:01.692 11787 12127 I VrApi   : FPS=71,Prd=44ms,Tear=0,Early=0,Stale=6,VSnc=1,Lat=1,Fov=0,CPU4/GPU=2/6,1651/710MHz,OC=FF,TA=0/E0/E0,SP=N/F/F,Mem=1804MHz,Free=1641MB,PSM=0,PLS=0,Temp=28.0C/0.0C,TW=2.93ms,App=14.72ms,GD=4.26ms,CPU&GPU=19.97ms,LCnt=2,GPU%=0.98,CPU%=0.36(W0.43),DSF=1.00
04-10 19:17:02.025  1729 12190 D OVRPlatform-RenderFrameCapturer: still capturing frames
04-10 19:17:02.063  2072 11971 I TimeWarp: UpdateClockLevels: Apply pending clock request change: 2,5 -> 3,5
04-10 19:17:02.063  2072 11970 I Clocks  : ReleaseClocks - start
04-10 19:17:02.064   721  1268 D         : CPU_CLUSTER_0: No client requests exists, release clocks
04-10 19:17:02.064   721  1268 D         : CPU_CLUSTER_1: No client requests exists, release clocks
04-10 19:17:02.064   721  1268 D         : GPU: No client requests exists, release clocks
04-10 19:17:02.064   721  1268 D         : CPUBW: No client requests exists, release clocks
04-10 19:17:02.065  2072 11970 I Clocks  : ReleaseClocks - end (1.4 ms)
04-10 19:17:02.065  2072 11970 I Clocks  : LockClocks( cpu=3, gpu=5 ) - start
04-10 19:17:02.069  2072 11970 I Clocks  : CPU levels [0, 4]
04-10 19:17:02.069  2072 11970 I Clocks  : GPU levels [0, 5]
04-10 19:17:02.070   721  2170 D         : CPU_CLUSTER_0: Client 2072 sends freq request [21, 21]
04-10 19:17:02.070   721  2170 D         : CPU_CLUSTER_0: Next Perf Level = (21, 21)
04-10 19:17:02.070   721  2170 D         : CPU_CLUSTER_1: Client 2072 sends freq request [22, 22]
04-10 19:17:02.070   721  2170 D         : CPU_CLUSTER_1: Next Perf Level = (22, 22)
04-10 19:17:02.070   721  2170 D         : CPUBW: Client 2072 sends freq request [8, 11]
04-10 19:17:02.070   721  2170 D         : CPUBW: Next Perf Level = (8, 11)
04-10 19:17:02.071   721  2170 D         : GPU: Client 2072 sends freq request [7, 7]
04-10 19:17:02.071   721  2170 D         : GPU: Next Perf Level = (7, 7)
04-10 19:17:02.075  2072 11970 I Clocks  : LockClocks( cpu=3, gpu=5 ) - end (10.3 ms)
04-10 19:17:02.416   718 12045 I [CT]    : MANAGEMENT:CONSTELLATION: Status=GREEN,, Obj=6394927626409450688,6DOF=1,FusJit=0.02mm,Issues(Cam/min=  0,IMU/min=0), Obj=9595495658424524695,6DOF=1,FusJit=0.0mm,Issues(Cam/min=  0,IMU/min=0)
04-10 19:17:02.618  1524 12242 D CompanionBLEReceiver: Received HMD_CAPABILITIES Request
04-10 19:17:02.619  1245  1375 D BtGatt.GattService: onResponseSendCompleted() handle=42
04-10 19:17:02.619   696   696 D GatekeeperNativeService: Using value 1 for gk oculus_horizon_chromecasting, user=0
04-10 19:17:02.621   696  4622 D GatekeeperNativeService: Using value 0 for gk oculus_mobile_multi_user_enabled, user=0
04-10 19:17:02.622   696   792 D GatekeeperNativeService: Using value 1 for gk oculus_tour_guide, user=0
04-10 19:17:02.622  1524 12242 I CompanionServer: ====== HmdCapabilities ======
04-10 19:17:02.622  1524 12242 I CompanionServer: chromecast_available: true
04-10 19:17:02.622  1524 12242 I CompanionServer: multi_user_available: false
04-10 19:17:02.622  1524 12242 I CompanionServer: manual_ota_version: 1
04-10 19:17:02.622  1524 12242 I CompanionServer: chromecast_native_receiver_available: true
04-10 19:17:02.622  1524 12242 I CompanionServer: tour_guide_v2_available: true
04-10 19:17:02.622  1524 12242 I CompanionServer: =============================
04-10 19:17:02.670  1245  1375 D BtGatt.GattService: onResponseSendCompleted() handle=42
04-10 19:17:02.693 11787 12127 I VrApi   : FPS=69,Prd=44ms,Tear=0,Early=0,Stale=0,VSnc=1,Lat=1,Fov=0,CPU4/GPU=2/5,1958/710MHz,OC=FF,TA=0/E0/E0,SP=N/F/F,Mem=1804MHz,Free=1637MB,PSM=0,PLS=0,Temp=28.0C/0.0C,TW=2.37ms,App=9.51ms,GD=0.00ms,CPU&GPU=23.72ms,LCnt=2,GPU%=0.68,CPU%=0.39(W0.45),DSF=1.00
04-10 19:17:02.742  1729 12016 I libjingle: [10917:280] [12016] (network.cc:786): Connect failed with 101
04-10 19:17:02.746  1729 12016 I libjingle: [10917:284] [12016] (videoadapter.cc:313): VAdapt Frame: scaled 0 / out 270 / in 270 Changes: 0 Input: 512x512 i33333333 Scale: 1 Output: 512x512 i33333333 Changed: false
04-10 19:17:02.907   718 12046 I [CT]    : VIPER:MAP_MANAGER: State: TRACKING_PERSISTENT, UUID=250ba7fd-8d3e-45ee-9911-5f39cd9b3c25, Num. Persistent maps = 4,  Persistent maps:9fe966d0-a5c8-4a86-97d4-ab48222989f7,96e793be-30e1-4fb3-ab36-9648e5d6d916,b327ec11-1d2b-4f13-9aad-47d47f025f0c,250ba7fd-8d3e-45ee-9911-5f39cd9b3c25,, Ser. Disabled = 00000000-0000-0000-0000-000000000000
04-10 19:17:02.941   718 12046 I [CT]    : VIPER: Status=6DoF,TRACKING,KF=46,Inl=279,Pts=172,Jit=0.3mm,Issues(Cam/min=0.0,IMU/min=0.0),Exp=(8.4ms,g=11.0,I=64)(9.1ms,g=12.0,I=68)(8.4ms,g=11.0,I=74)(7.7ms,g=9.0,I=68)
