04-10 19:17:58.450 11787 11805 D UE4     : LogAndroidEvents::EnqueueAppEvent : 13, [width=-1, height=-1], tid = 11805, APP_EVENT_STATE_APP_SUSPENDED
04-10 19:17:58.450 11787 11805 D UE4     : Case APP_CMD_TERM_WINDOW, tid = 11805
04-10 19:17:58.450 11787 11805 D UE4     : [2020.04.10-23.17.58:450][371]LogAndroid: Case APP_CMD_TERM_WINDOW
04-10 19:17:58.450 11787 11805 D UE4     : LogAndroidEvents::EnqueueAppEvent : 3, [width=-1, height=-1], tid = 11805, APP_EVENT_STATE_WINDOW_DESTROYED
04-10 19:17:58.451 11787 11804 D UE4     : [2020.04.10-23.17.58:451][371]LogHMD: Error: ovrp_WaitToBeginFrame 5371 failed (-1003)
04-10 19:17:58.451 11787 11804 W VrApi   : vrapi_WaitFrame: ovr->Destroyed
04-10 19:17:58.451 11787 11804 W VrApi   : vrapi_GetPredictedDisplayTime: ovr->Destroyed
04-10 19:17:58.451 11787 11804 W VrApi   : vrapi_GetPredictedTracking2: ovr->Destroyed
04-10 19:17:58.451 11787 11804 W VrApi   : vrapi_GetPredictedTracking2: ovr->Destroyed
04-10 19:17:58.491 11787 11804 D UE4     : [2020.04.10-23.17.58:490][372]LogAndroidEvents: Display: LogAndroidEvents::DequeueAppEvent : 13, [width=-1, height=-1], APP_EVENT_STATE_APP_SUSPENDED
04-10 19:17:58.491 11787 11804 D UE4     : FAppEventManager::Tick processing, 13
04-10 19:17:58.491 11787 11804 D UE4     : Execution will be paused...
04-10 19:17:58.491 11787 11804 D UE4     : [2020.04.10-23.17.58:491][372]LogAndroidEvents: Display: LogAndroidEvents::DequeueAppEvent : 3, [width=-1, height=-1], APP_EVENT_STATE_WINDOW_DESTROYED
04-10 19:17:58.491 11787 11804 D UE4     : FAppEventManager::Tick processing, 3
04-10 19:17:58.491 11787 11804 D UE4     : APP_EVENT_STATE_WINDOW_DESTROYED, 0, 0, 0
04-10 19:17:58.491 11787 11804 D UE4     : FAppEventManager::Tick EventHandlerEvent Wait 
04-10 19:17:58.491 11787 11804 D UE4     : FAppEventManager::Tick EventHandlerEvent DONE Wait 
04-10 19:17:58.504 11787 11805 D UE4     : [2020.04.10-23.17.58:504][372]LogAndroid: Case APP_CMD_SAVE_STATE
04-10 19:17:58.504 11787 11805 D UE4     : LogAndroidEvents::EnqueueAppEvent : 12, [width=-1, height=-1], tid = 11805, APP_EVENT_STATE_SAVE_STATE
04-10 19:17:58.518 11787 11805 D UE4     : [2020.04.10-23.17.58:518][372]LogAndroid: Case APP_CMD_STOP
04-10 19:17:58.518 11787 11805 D UE4     : LogAndroidEvents::EnqueueAppEvent : 8, [width=-1, height=-1], tid = 11805, APP_EVENT_STATE_ON_STOP
04-10 19:17:58.519 11787 11787 D UE4     : [GameActivity] ==============> GameActive.onStop complete!
04-10 19:17:58.519 11787 11787 D UE4     : [GameActivity] ==============> GameActive.onTrimMemory(TRIM_MEMORY_UI_HIDDEN) called!
04-10 19:17:58.520 11787 11787 V UE4     : [GameApp] App in background
04-10 19:17:58.531  1785 12372 I VrApi   : FPS=73,Prd=45ms,Tear=0,Early=7,Stale=31,VSnc=1,Lat=1,Fov=0,CPU4/GPU=4/5,2304/710MHz,OC=FF,TA=0/E0/0,SP=N/F/N,Mem=1804MHz,Free=1622MB,PSM=0,PLS=0,Temp=29.0C/0.0C,TW=2.03ms,App=4.48ms,GD=0.00ms,CPU&GPU=9.45ms,LCnt=3,GPU%=0.43,CPU%=0.08(W0.11),DSF=1.00
04-10 19:17:58.539  1729 12190 D OVRPlatform-RenderFrameCapturer: still capturing frames
04-10 19:17:58.594 11787 11804 D UE4     : [2020.04.10-23.17.58:592][372]LogAndroidEvents: Display: LogAndroidEvents::DequeueAppEvent : 12, [width=-1, height=-1], APP_EVENT_STATE_SAVE_STATE
04-10 19:17:58.594 11787 11804 D UE4     : FAppEventManager::Tick processing, 12
04-10 19:17:58.594 11787 11804 D UE4     : [2020.04.10-23.17.58:594][372]LogAndroidEvents: Display: LogAndroidEvents::DequeueAppEvent : 8, [width=-1, height=-1], APP_EVENT_STATE_ON_STOP
04-10 19:17:58.594 11787 11804 D UE4     : FAppEventManager::Tick processing, 8
04-10 19:17:58.594 11787 11804 D UE4     : FAppEventManager::Tick EventHandlerEvent Wait 
04-10 19:17:58.594 11787 11804 D UE4     : FAppEventManager::Tick EventHandlerEvent DONE Wait 
04-10 19:17:58.617  1729 12212 I MediaCodecVideoEncoder: [10973:154] [12212] MediaCodecVideoEncoder: Encoded frames: 2251. Bitrate: 2927, target: 3000 kbps, fps: 30, encTime: 20. QP: 0 for last 3018 ms.
04-10 19:17:58.698 11787 11804 D UE4     : FAppEventManager::Tick EventHandlerEvent Wait 
04-10 19:17:58.766  1785  1880 I [OAR] InputManager: Switching Primary controller due to vrapi
04-10 19:17:58.766  1785  1880 I [OAR] InputManager: Secondary input source selection id=536870914
04-10 19:17:58.766  2087  9871 I GuardianSystem: Guardian: GuardianCmdWithParms 1, 1, 0.000000
04-10 19:17:58.773  2087  2101 I GuardianSystem: Guardian: GuardianCmdWithParms 7, 0, 0.000000
04-10 19:17:58.785  1785  1880 I TrackingServiceClient: setting complex haptics, but not yet connected to socket, open connection...
04-10 19:17:58.786   718   807 I TrackingService: virtual android::binder::Status OVR::OS::Tracking::TrackingService::getTrackingSocketFileDescriptor(android::os::ParcelFileDescriptor *)
04-10 19:17:58.786   718   807 D TrackingService: haptic socket already exists
04-10 19:17:58.890  1729 12016 I libjingle: [10973:428] [12016] (network.cc:786): Connect failed with 101
04-10 19:17:58.981  1883  1883 D [OAR] HomeDialog: Quit Pressed
04-10 19:17:58.981  1883  1883 I [OAR] AnytimeUIAndroidPanelAppBase: actionHideDialog - quit
04-10 19:17:58.981  1883  1883 D [OAR] HomeDialog: Releasing old screenshot, jpg_size: 26863
04-10 19:17:59.003  1785  1880 I [OAR] ShellDialogControllerHost: DialogResult: quit
04-10 19:17:59.021  1785  1880 I [OAR] ShellApplication: Sent exit broadcast to SystemActivities for:  com.YourCompany.VRProject
04-10 19:17:59.021  2087  2100 I GuardianSystem: GuardianSystem::GuardianCmd 14
04-10 19:17:59.021 11787 11787 D SystemActivitiesReceiver: SystemActivityReceiver.onReceive intent:Intent { act=com.oculus.system_activity flg=0x10 pkg=com.YourCompany.VRProject (has extras) }
04-10 19:17:59.022  1785  1880 I [OAR] DialogControllerManager: Hide Previous pending dialog: type: 10, uri "systemux://dialog/exit", return component: "com.YourCompany.VRProject", return activity component: "com.YourCompany.VRProject/com.epicgames.ue4.GameActivity" - reason quit of exittohome
04-10 19:17:59.026  1785  1880 I [OAR] DialogControllerManager: Dialog change detected; updating dialog UI.
04-10 19:17:59.026  1785  1880 I [OAR] DialogControllerManager: Old dialog: type: 10, uri "systemux://dialog/exit", return component: "com.YourCompany.VRProject", return activity component: "com.YourCompany.VRProject/com.epicgames.ue4.GameActivity"
04-10 19:17:59.026  1785  1880 I [OAR] DialogControllerManager: New dialog: type: 0, uri "systemux://dialog/none", return component: "", return activity component: ""
04-10 19:17:59.026  1785  1880 I [OAR] DialogController: CloseDialogs() old: 10, pendingUri: systemux://dialog/exit, pendingComponent: com.YourCompany.VRProject
04-10 19:17:59.026  1785  1880 I [OAR] SystemDialogController: HideVrShellDialog
04-10 19:17:59.026  1785  1880 I [OAR] PlatformManager: Checking livestreaming allowed for:  com.oculus.vrshell
04-10 19:17:59.026  1785  1880 I [OAR] DialogController: Clearing existing dialog systemux://dialog/exit to None while in transition to pending dialog systemux://dialog/none
04-10 19:17:59.027 11787 11787 D SystemActivitiesReceiver: fromPackageName: 'com.oculus.vrshell'
04-10 19:17:59.027 11787 11787 D SystemActivitiesReceiver: command: '{"Command":"exitToHome","PlatformUIVersion":4,"ToPackage":"com.YourCompany.VRProject"}'
04-10 19:17:59.030 11787 11787 D SystemActivitiesReceiver: uri: ''
04-10 19:17:59.030  1883  1883 I [OAR] AnytimeUIAndroidPanelApp: updateActiveComponent - systemux://home, returnComponent = 
04-10 19:17:59.030  1883  1883 I [OAR] AnytimeUIAndroidPanelAppBase: configureDialog:  systemux://dialog/none [] ()
04-10 19:17:59.030  1883  1883 I [OAR] AnytimeUIAndroidPanelAppBase: actionSetRoute - Route:  NONE(systemux://dialog/none)
04-10 19:17:59.030  1883  1883 D [OAR] TaskBarViewV1: NUX Mode = false
04-10 19:17:59.030  1883  1883 D [OAR] TaskBarViewV1: Skipping NUX Mode for Quest
04-10 19:17:59.031  1883  1883 I AndroidPanelLayer: Hiding layer dialog
04-10 19:17:59.032  1785  1880 I [OAR] PanelAppHost: Setting panel layer visibility of layer "dialog" to invisible
04-10 19:17:59.034  1785  2440 I OVRPlatform: [QueueAsyncResponseHandler] success: {"streaming_enabled":true}
04-10 19:17:59.034  9519  9549 I RCTVR   : AppState foreground
04-10 19:17:59.034  1785  1880 I [OAR] PanelRenderLayer: New SurfaceLayer 1328 x 528 (shape: 2)
04-10 19:17:59.035  2072  2086 I VrRuntimeService: nativeCreateTextureSwapChain api:gles 0 0x8c43 1328 528 11 3 1 0 0
04-10 19:17:59.035  9519  9572 I RCTVR   : JavaScript[0xd4f14850], Avg 998.907083749911521, Max 997695.711740000173, MaxInLast 1650.70400100015104
04-10 19:17:59.035  9519  9572 I RCTVR_HERMES: Hermes Mem: numCollections 78, allocatedBytes 10813240, heapSize 22980216, va 16777216
04-10 19:17:59.038  9519  9549 I RCTVRMEM: Total Allocated Space: 20911016, Total Free Space: 8973400, JavaScript Heap Size: 10813240
04-10 19:17:59.038  9519  9549 I RvrPnl  : FPS=0.0284673/92.1805/0.00258899, MSPF=35.1281/10.8483/386251, MEMALLOC=19.9423
04-10 19:17:59.039  2072 11971 I TimeWarp: UpdateClockLevels: Apply pending clock request change: 4,5 -> 3,5
04-10 19:17:59.039  2072 11970 I Clocks  : ReleaseClocks - start
04-10 19:17:59.044   721  1268 D         : CPU_CLUSTER_0: No client requests exists, release clocks
04-10 19:17:59.044   721  1268 D         : CPU_CLUSTER_1: No client requests exists, release clocks
04-10 19:17:59.045   721  1268 D         : GPU: No client requests exists, release clocks
04-10 19:17:59.046   721  1268 D         : CPUBW: No client requests exists, release clocks
04-10 19:17:59.047  1245  1375 D BtGatt.GattService: onResponseSendCompleted() handle=42
04-10 19:17:59.048 11787 11787 D TrustedSignatureVerifier: Checking app signature for com.oculus.vrshell
04-10 19:17:59.049  1524 12396 D CompanionBLEReceiver: Received HMD_CAPABILITIES Request
04-10 19:17:59.051  2072 11970 I Clocks  : ReleaseClocks - end (12.3 ms)
04-10 19:17:59.051  2072 11970 I Clocks  : LockClocks( cpu=3, gpu=5 ) - start
04-10 19:17:59.055  2072  2086 I VrRuntimeServer: CreateTextureSwapChain: result importswapchaingles 1
04-10 19:17:59.055   696   792 D GatekeeperNativeService: Using value 1 for gk oculus_horizon_chromecasting, user=0
04-10 19:17:59.055  2072 11970 I Clocks  : CPU levels [0, 4]
04-10 19:17:59.055  2072 11970 I Clocks  : GPU levels [0, 5]
04-10 19:17:59.057  2087  9871 I GuardianSystem: Guardian: GuardianCmdWithParms 7, 1, 0.000000
04-10 19:17:59.059 11787 11787 D SystemActivitiesReceiver: App is trusted
04-10 19:17:59.061  1785  1880 I [OAR] PlatformManager: isLiveStreamingAllowed response:  1
04-10 19:17:59.062   696  9951 D GatekeeperNativeService: Using value 0 for gk oculus_mobile_multi_user_enabled, user=0
04-10 19:17:59.062   721  2170 D         : CPU_CLUSTER_0: Client 2072 sends freq request [21, 21]
04-10 19:17:59.063   721  2170 D         : CPU_CLUSTER_0: Next Perf Level = (21, 21)
04-10 19:17:59.063   721  2170 D         : CPU_CLUSTER_1: Client 2072 sends freq request [22, 22]
04-10 19:17:59.063   721  2170 D         : CPU_CLUSTER_1: Next Perf Level = (22, 22)
04-10 19:17:59.063   721  2170 D         : CPUBW: Client 2072 sends freq request [8, 11]
04-10 19:17:59.063   721  2170 D         : CPUBW: Next Perf Level = (8, 11)
04-10 19:17:59.064 11787 11787 I SystemUtils_Internal: nativeSystemActivityIntent in 'com.YourCompany.VRProject': 'com.oculus.vrshell' '{"Command":"exitToHome","PlatformUIVersion":4,"ToPackage":"com.YourCompany.VRProject"}' ''
04-10 19:17:59.064 11787 11787 I SystemUtils_Internal: finish() - exit to Home
04-10 19:17:59.065 11787 11787 W art     : Attempt to remove non-JNI local reference, dumping thread
04-10 19:17:59.065 11787 11787 W art     : Attempt to remove non-JNI local reference, dumping thread
04-10 19:17:59.065 11787 11787 W art     : Attempt to remove non-JNI local reference, dumping thread
04-10 19:17:59.065 11787 11787 D SystemActivitiesReceiver: SystemActivityReceiver.onReceive intent:Intent { act=com.oculus.system_activity flg=0x10 pkg=com.YourCompany.VRProject (has extras) }
04-10 19:17:59.065   721  2170 D         : GPU: Client 2072 sends freq request [7, 7]
04-10 19:17:59.066   721  2170 D         : GPU: Next Perf Level = (7, 7)
04-10 19:17:59.066  2072 11970 I Clocks  : LockClocks( cpu=3, gpu=5 ) - end (14.4 ms)
04-10 19:17:59.067 11787 11787 D SystemActivitiesReceiver: fromPackageName: 'com.oculus.vrshell'
04-10 19:17:59.067 11787 11787 D SystemActivitiesReceiver: command: '{"Command":"returnToLauncher","PlatformUIVersion":4,"ToPackage":"com.YourCompany.VRProject"}'
04-10 19:17:59.067 11787 11787 D SystemActivitiesReceiver: uri: ''
04-10 19:17:59.068 11787 11787 I SystemUtils_Internal: nativeSystemActivityIntent in 'com.YourCompany.VRProject': 'com.oculus.vrshell' '{"Command":"returnToLauncher","PlatformUIVersion":4,"ToPackage":"com.YourCompany.VRProject"}' ''
04-10 19:17:59.068 11787 11787 I SystemUtils_Internal: ovrSystemUtils::AddEvent: queued event '{"Command":"returnToLauncher","PlatformUIVersion":4,"ToPackage":"com.YourCompany.VRProject"}'
04-10 19:17:59.068 11787 11787 W art     : Attempt to remove non-JNI local reference, dumping thread
04-10 19:17:59.068 11787 11787 W art     : Attempt to remove non-JNI local reference, dumping thread
04-10 19:17:59.068 11787 11787 W art     : Attempt to remove non-JNI local reference, dumping thread
04-10 19:17:59.069 11787 11787 D ContextHelper: shouldSkipFinish: activity=com.epicgames.ue4.GameActivity@ae6aaf2
04-10 19:17:59.076  9519  9549 I ReactPlayerCommon: getPerformanceStats: {}
04-10 19:17:59.078  1883  1883 I [OAR] AnytimeUIAndroidPanelAppBase: updateLiveStreamStatus - isLiveStreaming=false, allowed=true
04-10 19:17:59.089   696   696 D GatekeeperNativeService: Using value 1 for gk oculus_tour_guide, user=0
04-10 19:17:59.089  1524 12396 I CompanionServer: ====== HmdCapabilities ======
04-10 19:17:59.089  1524 12396 I CompanionServer: chromecast_available: true
04-10 19:17:59.089  1524 12396 I CompanionServer: multi_user_available: false
04-10 19:17:59.089  1524 12396 I CompanionServer: manual_ota_version: 1
04-10 19:17:59.089  1524 12396 I CompanionServer: chromecast_native_receiver_available: true
04-10 19:17:59.089  1524 12396 I CompanionServer: tour_guide_v2_available: true
04-10 19:17:59.089  1524 12396 I CompanionServer: =============================
04-10 19:17:59.104 11787 11787 D ContextHelper: activity=com.epicgames.ue4.GameActivity@ae6aaf2, resumed=false
04-10 19:17:59.104 11787 11787 D ContextHelper: Calling finish() on com.epicgames.ue4.GameActivity@ae6aaf2
04-10 19:17:59.132 11787 11787 D UE4     : [GameActivity] onDestroy: destroy memoryHandlerThread
04-10 19:17:59.134 11787 11805 D UE4     : [2020.04.10-23.17.59:133][372]LogAndroid: Case APP_CMD_INPUT_CHANGED
04-10 19:17:59.134 11787 11805 D UE4     : [2020.04.10-23.17.59:134][372]LogAndroid: Case APP_CMD_DESTROY
04-10 19:17:59.135 11787 11805 D UE4     : LogAndroidEvents::EnqueueAppEvent : 15, [width=-1, height=-1], tid = 11805, APP_EVENT_RUN_CALLBACK
04-10 19:17:59.135 11787 11805 D UE4     : LogAndroidEvents::EnqueueAppEvent : 5, [width=-1, height=-1], tid = 11805, APP_EVENT_STATE_ON_DESTROY
04-10 19:17:59.147  1245  1375 D BtGatt.GattService: onResponseSendCompleted() handle=42
04-10 19:17:59.152 11787 11805 I art     : System.exit called, status: 0
04-10 19:17:59.152 11787 11805 I AndroidRuntime: VM exiting with result code 0, cleanup skipped.
04-10 19:17:59.165  9519  9519 I HomeApplication: onUserId
04-10 19:17:59.171  9519 12399 D APIInterceptor: intercept original headers:
04-10 19:17:59.171  9519 12399 D APIInterceptor: Host: graph.oculus.com
04-10 19:17:59.171  9519 12399 D APIInterceptor: Connection: Keep-Alive
04-10 19:17:59.171  9519 12399 D APIInterceptor: Accept-Encoding: gzip
04-10 19:17:59.171  9519 12399 D APIInterceptor: User-Agent: okhttp/3.6.0
04-10 19:17:59.172  9519 12401 D APIInterceptor: intercept original headers:
04-10 19:17:59.172  9519 12401 D APIInterceptor: Host: graph.oculus.com
04-10 19:17:59.172  9519 12401 D APIInterceptor: Connection: Keep-Alive
04-10 19:17:59.172  9519 12401 D APIInterceptor: Accept-Encoding: gzip
04-10 19:17:59.172  9519 12401 D APIInterceptor: User-Agent: okhttp/3.6.0
04-10 19:17:59.173  1785  1880 I [OAR] PanelAppAnalytics: Panel render last: 386787ms avg: 79821ms for com.oculus.vrshell.home/com.oculus.vrshell.home.ExploreService
04-10 19:17:59.176  9519 12401 D APIInterceptor: intercept modified headers:
04-10 19:17:59.176  9519 12401 D APIInterceptor: Host: graph.oculus.com
04-10 19:17:59.176  9519 12401 D APIInterceptor: Connection: Keep-Alive
04-10 19:17:59.176  9519 12401 D APIInterceptor: Accept-Encoding: gzip
04-10 19:17:59.176  9519 12401 D APIInterceptor: X-Build-Model: Oculus Quest
04-10 19:17:59.176  9519 12401 D APIInterceptor: X-Build-Number: 205956116
04-10 19:17:59.176  9519 12401 D APIInterceptor: X-ANDROID-ID: 1b8afa56e3416772
04-10 19:17:59.176  9519 12401 D APIInterceptor: X-OC-Selected-Headset-Serial: 1PASH9AQ4Q9253
04-10 19:17:59.176  9519 12401 D APIInterceptor: X-OC-VrShell-Build-Name: 15.0.0.200.456
04-10 19:17:59.176  9519 12401 D APIInterceptor: User-Agent: Dalvik/2.1.0 (Linux; U; Android 7.1.1; Quest Build/NGI77B) [FBAN/OculusHomeShell;FBAV/15.0.0.200.456;FBDV/Quest;FBCR/null;FBLC/en_US;FBSV/7.1.1;FBBD/oculus;FBBV/205956116;FBCA/armeabi-v7a:armeabi;FBMF/Oculus;FBPN/com.oculus.vrshell.home;]
04-10 19:17:59.176  9519 12401 D APIInterceptor: Accept-Language: en_US
04-10 19:17:59.177  9519 12399 D APIInterceptor: intercept modified headers:
04-10 19:17:59.177  9519 12399 D APIInterceptor: Host: graph.oculus.com
04-10 19:17:59.177  9519 12399 D APIInterceptor: Connection: Keep-Alive
04-10 19:17:59.177  9519 12399 D APIInterceptor: Accept-Encoding: gzip
04-10 19:17:59.177  9519 12399 D APIInterceptor: X-Build-Model: Oculus Quest
04-10 19:17:59.177  9519 12399 D APIInterceptor: X-Build-Number: 205956116
04-10 19:17:59.177  9519 12399 D APIInterceptor: X-ANDROID-ID: 1b8afa56e3416772
04-10 19:17:59.177  9519 12399 D APIInterceptor: X-OC-Selected-Headset-Serial: 1PASH9AQ4Q9253
04-10 19:17:59.177  9519 12399 D APIInterceptor: X-OC-VrShell-Build-Name: 15.0.0.200.456
04-10 19:17:59.177  9519 12399 D APIInterceptor: User-Agent: Dalvik/2.1.0 (Linux; U; Android 7.1.1; Quest Build/NGI77B) [FBAN/OculusHomeShell;FBAV/15.0.0.200.456;FBDV/Quest;FBCR/null;FBLC/en_US;FBSV/7.1.1;FBBD/oculus;FBBV/205956116;FBCA/armeabi-v7a:armeabi;FBMF/Oculus;FBPN/com.oculus.vrshell.home;]
04-10 19:17:59.177  9519 12399 D APIInterceptor: Accept-Language: en_US
04-10 19:17:59.179  9519 12402 D APIInterceptor: intercept original headers:
04-10 19:17:59.179  9519 12402 D APIInterceptor: Host: graph.oculus.com
04-10 19:17:59.179  9519 12402 D APIInterceptor: Connection: Keep-Alive
04-10 19:17:59.179  9519 12402 D APIInterceptor: Accept-Encoding: gzip
04-10 19:17:59.179  9519 12402 D APIInterceptor: User-Agent: okhttp/3.6.0
04-10 19:17:59.183  9519 12402 D APIInterceptor: intercept modified headers:
04-10 19:17:59.183  9519 12402 D APIInterceptor: Host: graph.oculus.com
04-10 19:17:59.183  9519 12402 D APIInterceptor: Connection: Keep-Alive
04-10 19:17:59.183  9519 12402 D APIInterceptor: Accept-Encoding: gzip
04-10 19:17:59.183  9519 12402 D APIInterceptor: X-Build-Model: Oculus Quest
04-10 19:17:59.183  9519 12402 D APIInterceptor: X-Build-Number: 205956116
04-10 19:17:59.183  9519 12402 D APIInterceptor: X-ANDROID-ID: 1b8afa56e3416772
04-10 19:17:59.183  9519 12402 D APIInterceptor: X-OC-Selected-Headset-Serial: 1PASH9AQ4Q9253
04-10 19:17:59.183  9519 12402 D APIInterceptor: X-OC-VrShell-Build-Name: 15.0.0.200.456
04-10 19:17:59.183  9519 12402 D APIInterceptor: User-Agent: Dalvik/2.1.0 (Linux; U; Android 7.1.1; Quest Build/NGI77B) [FBAN/OculusHomeShell;FBAV/15.0.0.200.456;FBDV/Quest;FBCR/null;FBLC/en_US;FBSV/7.1.1;FBBD/oculus;FBBV/205956116;FBCA/armeabi-v7a:armeabi;FBMF/Oculus;FBPN/com.oculus.vrshell.home;]
04-10 19:17:59.183  9519 12402 D APIInterceptor: Accept-Language: en_US
04-10 19:17:59.190  9519 12397 D APIInterceptor: intercept original headers:
04-10 19:17:59.190  9519 12397 D APIInterceptor: Host: graph.oculus.com
04-10 19:17:59.190  9519 12397 D APIInterceptor: Connection: Keep-Alive
04-10 19:17:59.191  9519 12397 D APIInterceptor: Accept-Encoding: gzip
04-10 19:17:59.191  9519 12397 D APIInterceptor: User-Agent: okhttp/3.6.0
04-10 19:17:59.196  9519 12397 D APIInterceptor: intercept modified headers:
04-10 19:17:59.196  9519 12397 D APIInterceptor: Host: graph.oculus.com
04-10 19:17:59.196  9519 12397 D APIInterceptor: Connection: Keep-Alive
04-10 19:17:59.196  9519 12397 D APIInterceptor: Accept-Encoding: gzip
04-10 19:17:59.196  9519 12397 D APIInterceptor: X-Build-Model: Oculus Quest
04-10 19:17:59.196  9519 12397 D APIInterceptor: X-Build-Number: 205956116
04-10 19:17:59.196  9519 12397 D APIInterceptor: X-ANDROID-ID: 1b8afa56e3416772
04-10 19:17:59.196  9519 12397 D APIInterceptor: X-OC-Selected-Headset-Serial: 1PASH9AQ4Q9253
04-10 19:17:59.196  9519 12397 D APIInterceptor: X-OC-VrShell-Build-Name: 15.0.0.200.456
04-10 19:17:59.196  9519 12397 D APIInterceptor: User-Agent: Dalvik/2.1.0 (Linux; U; Android 7.1.1; Quest Build/NGI77B) [FBAN/OculusHomeShell;FBAV/15.0.0.200.456;FBDV/Quest;FBCR/null;FBLC/en_US;FBSV/7.1.1;FBBD/oculus;FBBV/205956116;FBCA/armeabi-v7a:armeabi;FBMF/Oculus;FBPN/com.oculus.vrshell.home;]
04-10 19:17:59.196  9519 12397 D APIInterceptor: Accept-Language: en_US
04-10 19:17:59.235  2055  2133 I LibraryProvider: running refetch() for com.oculus.vrshell.home
04-10 19:17:59.242  9519  9582 I RCTVRNET: Request complete: time=200 name=unknown docid= traceid=B2V0EvpmZdN code=400
04-10 19:17:59.253  2055  2077 I LibraryProvider: running queryAllApps() for com.oculus.vrshell.home
04-10 19:17:59.262  9519  9582 I RCTVRNET: Request complete: time=225 name=unknown docid= traceid=HXk/gkEMxT/ code=200
04-10 19:17:59.315  9519  9549 D QuickPromotionModule: Signal trigger 'app_foreground'.
04-10 19:17:59.327  2087  2127 I GuardianSystem: Guardian: GuardianCmdWithParms 7, 0, 0.000000
04-10 19:17:59.417   718 12045 I [CT]    : MANAGEMENT:CONSTELLATION: Status=GREEN,, Obj=6394927626409450688,6DOF=1,FusJit=0.003mm,Issues(Cam/min=  0,IMU/min=0), Obj=9595495658424524695,6DOF=1,FusJit=0.0mm,Issues(Cam/min=  0,IMU/min=0)
04-10 19:17:59.531  1785 12372 I VrApi   : FPS=70,Prd=45ms,Tear=0,Early=70,Stale=0,VSnc=1,Lat=1,Fov=0,CPU4/GPU=4/5,1958/710MHz,OC=FF,TA=0/E0/0,SP=N/F/N,Mem=1804MHz,Free=1701MB,PSM=0,PLS=0,Temp=29.0C/0.0C,TW=2.08ms,App=4.52ms,GD=0.00ms,CPU&GPU=10.05ms,LCnt=3,GPU%=0.45,CPU%=0.08(W0.14),DSF=1.00
04-10 19:17:59.600   718 11974 I [CT]    : boltlib: DSP utilization(%): 18
04-10 19:17:59.909   718 12046 I [CT]    : VIPER:MAP_MANAGER: State: TRACKING_PERSISTENT, UUID=250ba7fd-8d3e-45ee-9911-5f39cd9b3c25, Num. Persistent maps = 4,  Persistent maps:9fe966d0-a5c8-4a86-97d4-ab48222989f7,96e793be-30e1-4fb3-ab36-9648e5d6d916,b327ec11-1d2b-4f13-9aad-47d47f025f0c,250ba7fd-8d3e-45ee-9911-5f39cd9b3c25,, Ser. Disabled = 00000000-0000-0000-0000-000000000000
04-10 19:17:59.944   718 12046 I [CT]    : VIPER: Status=6DoF,TRACKING,KF=48,Inl=344,Pts=207,Jit=0.1mm,Issues(Cam/min=0.0,IMU/min=0.0),Exp=(8.7ms,g=10.0,I=65)(8.4ms,g=10.0,I=69)(8.7ms,g=10.0,I=73)(7.1ms,g=8.0,I=68)
04-10 19:17:59.966  1785  2345 I OVRPlatform: [CurlHttpClient] Executing HTTP request: https://graph.oculus.com//v1.20/me?fields=current_party{id,leader{id},join_policy,users{id,alias,can_viewer_message,display_name,profile_url,profile_url_small,presence,presence_status,presence_app{id,package_name},presence_deeplink_joinable,presence_deeplink_message,presence_destination_api_name,presence_scoped_user_id,avatar_v2{avatar_image{uri}}},invited_users{id,alias,can_viewer_message,display_name,profile_url,profile_url_small,presence,presence_status,presence_app{id,package_name},avatar_v2{avatar_image{uri}}}}&app_version=205956171
04-10 19:18:00.036  9519  9549 I RvrPnl  : FPS=67.92/104.12/32.8249, MSPF=0.0147232/9.60427/30.4647, MEMALLOC=19.9423
04-10 19:18:00.042  1785  2347 I OVRPlatform: [HttpRequest] Request `me?fields=current_party{id,leader{id},join_policy,users{id,alias,can_viewer_message,display_name,profile_url,profile_url_small,presence,presence_status,presence_app{id,package_name},presence_deeplink_joinable,presence_deeplink_message,presence_destination_api_name,presence_scoped_user_id,avatar_v2{avatar_image{uri}}},invited_users{id,alias,can_viewer_message,display_name,profile_url,profile_url_small,presence,presence_status,presence_app{id,package_name},avatar_v2{avatar_image{uri}}}}' (id: 11419) succeeded: {"id":"100922897865815"}
04-10 19:18:00.042  1785  2347 I OVRPlatform: [RequestStopwatch] HttpRequestAsync (me?fields=current_party{id,leader{id},join_policy,users{id,alias,can_viewer_message,display_name,profile_url,profile_url_small,presence,presence_status,presence_app{id,package_name},presence_deeplink_joinable,presence_deeplink_message,presence_destination_api_name,presence_scoped_user_id,avatar_v2{avatar_image{uri}}},invited_users{id,alias,can_viewer_message,display_name,profile_url,profile_url_small,presence,presence_status,presence_app{id,package_name},avatar_v2{avatar_image{uri}}}}) took 76.2540 milliseconds
04-10 19:18:00.048  1785  1880 I [OAR] PartyManager: Party Response Parse Time: 0.063958ms
04-10 19:18:00.090  1091  1148 W InputDispatcher: channel '3bece1d com.YourCompany.VRProject/com.epicgames.ue4.GameActivity (server)' ~ Consumer closed input channel or an error occurred.  events=0x9
04-10 19:18:00.090  1091  1148 E InputDispatcher: channel '3bece1d com.YourCompany.VRProject/com.epicgames.ue4.GameActivity (server)' ~ Channel is unrecoverably broken and will be disposed!
04-10 19:18:00.096  2087  2101 D VrGuardianService: VrGuardianService: binderDied: com.YourCompany.VRProject
04-10 19:18:00.097  2072  2922 D VrRuntimeService: VrRuntimeService: binderDied: com.YourCompany.VRProject
04-10 19:18:00.097  2072  2922 D VrRuntimeService: VrRuntimeService: destroyClientInternal: com.YourCompany.VRProject, pid: 11787, window: null
04-10 19:18:00.097  2072  2922 I ClientMgr: ClientMgr::DestroyClient: 11787:com.YourCompany.VRProject
04-10 19:18:00.097  2072  2922 I ClientMgr: ClientMgr::DestroyClient Destroying 3 swapchains for 11787:com.YourCompany.VRProject
04-10 19:18:00.097  2072  2922 I ClientMgr: ClientMgr::DestroyClient: non-deferred ShutdownResources: 5365 == 5365 
04-10 19:18:00.097  2072  2922 I BufferObject: ovrBufferObjectFactory::Shutdown
04-10 19:18:00.097  2072  2922 I BufferObject: ovrBufferObjectFactory: closing fd=90
04-10 19:18:00.097  2072  2922 I BufferObject: ovrBufferObjectFactory: unmapping Vulkan memory
04-10 19:18:00.097  2072  2922 I BufferObject: ovrBufferObjectFactory: destroying Vulkan buffer=547146635008
04-10 19:18:00.097  2072  2922 I BufferObject: ovrBufferObjectFactory: freeing Vulkan memory=547142676480
04-10 19:18:00.099  1091  1482 I WindowManager: WIN DEATH: Window{51a7755 u0 SurfaceView - com.YourCompany.VRProject/com.epicgames.ue4.GameActivity}
04-10 19:18:00.101  1091  4884 D GraphicsStats: Buffer count: 3
04-10 19:18:00.103  1091  1610 I ActivityManager: Process com.YourCompany.VRProject (pid 11787) has died
04-10 19:18:00.103  1091  1610 D ActivityManager: cleanUpApplicationRecord -- 11787
04-10 19:18:00.109  1091  1564 D ConnectivityService: ConnectivityService NetworkRequestInfo binderDied(NetworkRequest [ LISTEN id=19, [ Capabilities: NOT_RESTRICTED&TRUSTED&NOT_VPN&FOREGROUND] ], android.os.BinderProxy@d5ee56a)
04-10 19:18:00.114  2087  2100 I GuardianSystem: Guardian: GuardianCmdWithParms 7, 1, 0.000000
04-10 19:18:00.114  1091  1523 I WindowManager: WIN DEATH: Window{3bece1d u0 com.YourCompany.VRProject/com.epicgames.ue4.GameActivity}
04-10 19:18:00.115  1091  1172 E ConnectivityService: RemoteException caught trying to send a callback msg for NetworkRequest [ LISTEN id=19, [ Capabilities: NOT_RESTRICTED&TRUSTED&NOT_VPN&FOREGROUND] ]
04-10 19:18:00.116  1091  1523 W InputDispatcher: Attempted to unregister already unregistered input channel '3bece1d com.YourCompany.VRProject/com.epicgames.ue4.GameActivity (server)'
04-10 19:18:00.152  2087  2101 I GuardianSystem: Guardian: GuardianCmdWithParms 7, 0, 0.000000
04-10 19:18:00.245  2087  2100 I GuardianSystem: Guardian: GuardianCmdWithParms 7, 1, 0.000000
04-10 19:18:00.297  1729 12190 D OVRPlatform-RenderFrameCapturer: still capturing frames
04-10 19:18:00.533  1785 12372 I VrApi   : FPS=72,Prd=45ms,Tear=0,Early=66,Stale=4,VSnc=1,Lat=1,Fov=0,CPU4/GPU=4/5,1958/710MHz,OC=FF,TA=0/E0/0,SP=N/F/N,Mem=1804MHz,Free=1726MB,PSM=0,PLS=0,Temp=29.0C/0.0C,TW=2.37ms,App=5.91ms,GD=0.00ms,CPU&GPU=11.11ms,LCnt=3,GPU%=0.53,CPU%=0.13(W0.19),DSF=1.00
04-10 19:18:00.901  1729 12016 I libjingle: [10975:438] [12016] (network.cc:786): Connect failed with 101
04-10 19:18:00.915  1729 12016 I libjingle: [10975:453] [12016] (videoadapter.cc:313): VAdapt Frame: scaled 0 / out 2340 / in 2340 Changes: 0 Input: 512x512 i33333333 Scale: 1 Output: 512x512 i33333333 Changed: false
04-10 19:18:01.040  9519  9549 I RvrPnl  : FPS=71.7632/130.391/45.7184, MSPF=0.0139347/7.66927/21.873, MEMALLOC=19.9423
04-10 19:18:01.045  2072 11971 I TimeWarp: UpdateClockLevels: Apply pending clock request change: 3,5 -> 2,5
04-10 19:18:01.045  2072 11970 I Clocks  : ReleaseClocks - start
04-10 19:18:01.047   721   830 D         : CPU_CLUSTER_0: No client requests exists, release clocks
04-10 19:18:01.047   721   830 D         : CPU_CLUSTER_1: No client requests exists, release clocks
04-10 19:18:01.047   721   830 D         : GPU: No client requests exists, release clocks
04-10 19:18:01.047   721   830 D         : CPUBW: No client requests exists, release clocks
04-10 19:18:01.048  2072 11970 I Clocks  : ReleaseClocks - end (3.0 ms)
04-10 19:18:01.048  2072 11970 I Clocks  : LockClocks( cpu=2, gpu=5 ) - start
04-10 19:18:01.052  2072 11970 I Clocks  : CPU levels [0, 4]
04-10 19:18:01.052  2072 11970 I Clocks  : GPU levels [0, 5]
04-10 19:18:01.053   721  3000 D         : CPU_CLUSTER_0: Client 2072 sends freq request [21, 21]
04-10 19:18:01.053   721  3000 D         : CPU_CLUSTER_0: Next Perf Level = (21, 21)
04-10 19:18:01.053   721  3000 D         : CPU_CLUSTER_1: Client 2072 sends freq request [18, 18]
04-10 19:18:01.053   721  3000 D         : CPU_CLUSTER_1: Next Perf Level = (18, 18)
04-10 19:18:01.053   721  3000 D         : CPUBW: Client 2072 sends freq request [8, 11]
04-10 19:18:01.053   721  3000 D         : CPUBW: Next Perf Level = (8, 11)
04-10 19:18:01.054   721  3000 D         : GPU: Client 2072 sends freq request [7, 7]
04-10 19:18:01.054   721  3000 D         : GPU: Next Perf Level = (7, 7)
04-10 19:18:01.054  2072 11970 I Clocks  : LockClocks( cpu=2, gpu=5 ) - end (5.5 ms)
