04-10 19:17:25.699 11787 12127 I VrApi   : FPS=71,Prd=43ms,Tear=0,Early=0,Stale=2,VSnc=1,Lat=1,Fov=0,CPU4/GPU=2/5,1651/710MHz,OC=FF,TA=0/E0/E0,SP=N/F/F,Mem=1804MHz,Free=1618MB,PSM=0,PLS=0,Temp=28.0C/0.0C,TW=2.44ms,App=10.03ms,GD=0.00ms,CPU&GPU=20.13ms,LCnt=2,GPU%=0.82,CPU%=0.65(W0.75),DSF=1.00
04-10 19:17:25.804  1729 12190 D OVRPlatform-RenderFrameCapturer: still capturing frames
04-10 19:17:26.417   718 12045 I [CT]    : MANAGEMENT:CONSTELLATION: Status=GREEN,, Obj=6394927626409450688,6DOF=1,FusJit=0.002mm,Issues(Cam/min=  0,IMU/min=0), Obj=9595495658424524695,6DOF=1,FusJit=0.0mm,Issues(Cam/min=  0,IMU/min=0)
04-10 19:17:26.495  1245  1375 D BtGatt.GattService: onResponseSendCompleted() handle=42
04-10 19:17:26.497  1524 12295 D CompanionBLEReceiver: Received HMD_CAPABILITIES Request
04-10 19:17:26.499   696  4622 D GatekeeperNativeService: Using value 1 for gk oculus_horizon_chromecasting, user=0
04-10 19:17:26.501   696   792 D GatekeeperNativeService: Using value 0 for gk oculus_mobile_multi_user_enabled, user=0
04-10 19:17:26.503   696  9951 D GatekeeperNativeService: Using value 1 for gk oculus_tour_guide, user=0
04-10 19:17:26.503  1524 12295 I CompanionServer: ====== HmdCapabilities ======
04-10 19:17:26.503  1524 12295 I CompanionServer: chromecast_available: true
04-10 19:17:26.503  1524 12295 I CompanionServer: multi_user_available: false
04-10 19:17:26.503  1524 12295 I CompanionServer: manual_ota_version: 1
04-10 19:17:26.503  1524 12295 I CompanionServer: chromecast_native_receiver_available: true
04-10 19:17:26.503  1524 12295 I CompanionServer: tour_guide_v2_available: true
04-10 19:17:26.503  1524 12295 I CompanionServer: =============================
04-10 19:17:26.551  1245  1375 D BtGatt.GattService: onResponseSendCompleted() handle=42
04-10 19:17:26.699 11787 12127 I VrApi   : FPS=72,Prd=43ms,Tear=0,Early=0,Stale=0,VSnc=1,Lat=1,Fov=0,CPU4/GPU=2/5,1651/710MHz,OC=FF,TA=0/E0/E0,SP=N/F/F,Mem=1804MHz,Free=1619MB,PSM=0,PLS=0,Temp=28.0C/0.0C,TW=2.42ms,App=10.49ms,GD=0.00ms,CPU&GPU=18.83ms,LCnt=2,GPU%=0.86,CPU%=0.53(W0.60),DSF=1.00
04-10 19:17:26.794  1729 12016 I libjingle: [10941:332] [12016] (network.cc:786): Connect failed with 101
04-10 19:17:26.909   718 12046 I [CT]    : VIPER:MAP_MANAGER: State: TRACKING_PERSISTENT, UUID=250ba7fd-8d3e-45ee-9911-5f39cd9b3c25, Num. Persistent maps = 4,  Persistent maps:9fe966d0-a5c8-4a86-97d4-ab48222989f7,96e793be-30e1-4fb3-ab36-9648e5d6d916,b327ec11-1d2b-4f13-9aad-47d47f025f0c,250ba7fd-8d3e-45ee-9911-5f39cd9b3c25,, Ser. Disabled = 00000000-0000-0000-0000-000000000000
04-10 19:17:26.943   718 12046 I [CT]    : VIPER: Status=6DoF,TRACKING,KF=46,Inl=354,Pts=176,Jit=0.2mm,Issues(Cam/min=0.0,IMU/min=0.0),Exp=(8.6ms,g=10.0,I=64)(8.2ms,g=11.0,I=69)(8.6ms,g=10.0,I=75)(7.3ms,g=8.0,I=68)
04-10 19:17:27.049   718 12045 W [CT]    : CONSTELLATION: LED Mahalanobis distance p50 = 38.2448 too high. Fallback to pose update.
04-10 19:17:27.050   718 12045 W [CT]    : CONSTELLATION: LED Mahalanobis distance p50 = 50.1119 too high. Fallback to pose update.
04-10 19:17:27.503  1729 12190 D OVRPlatform-RenderFrameCapturer: still capturing frames
04-10 19:17:27.512 11787 11806 D UE4     : [GameActivity] Used memory: 376552
04-10 19:17:27.700 11787 12127 I VrApi   : FPS=72,Prd=44ms,Tear=0,Early=0,Stale=0,VSnc=1,Lat=1,Fov=0,CPU4/GPU=2/5,1651/710MHz,OC=FF,TA=0/E0/E0,SP=N/F/F,Mem=1804MHz,Free=1622MB,PSM=0,PLS=0,Temp=28.0C/0.0C,TW=2.27ms,App=9.53ms,GD=0.00ms,CPU&GPU=17.94ms,LCnt=2,GPU%=0.69,CPU%=0.35(W0.40),DSF=1.00
04-10 19:17:27.810  1729 12016 I libjingle: [10942:348] [12016] (videoadapter.cc:313): VAdapt Frame: scaled 0 / out 1170 / in 1170 Changes: 0 Input: 512x512 i33333333 Scale: 1 Output: 512x512 i33333333 Changed: false
04-10 19:17:28.242   718 12046 I [CT]    : HealthReport: ==================================================
04-10 19:17:28.242   718 12046 I [CT]    : Health Report
04-10 19:17:28.242   718 12046 I [CT]    : -------------
04-10 19:17:28.242   718 12046 I [CT]    : 
04-10 19:17:28.242   718 12046 I [CT]    : Reporter #1 (InsideOutHealthMonitor) summary:
04-10 19:17:28.242   718 12046 I [CT]    : Camera: Total Dropped: 0.000000, Total Frame Count: 1570 (0.000000%), Camera Reset Count: 0
04-10 19:17:28.242   718 12046 I [CT]    : Camera: Total Single Camera Frame Dropped: 0, Total Frame Count: 1570 (0.000000%)
04-10 19:17:28.242   718 12046 I [CT]    : IMU: Total Dropped: 0.000000, Total Sample Count: 52542 (0.000000%)
04-10 19:17:28.242   718 12046 I [CT]    : Magnetometer: Total Dropped: 0.000000, Total Sample Count: 1576 (0.000000%)
04-10 19:17:28.242   718 12046 I [CT]    : 
04-10 19:17:28.242   718 12046 I [CT]    : Reporter #1 (InsideOutHealthMonitor) Passed
04-10 19:17:28.242   718 12046 I [CT]    : --------------------------------------------------
04-10 19:17:28.242   718 12046 I [CT]    : Reporter #2 (ConstellationHealthMonitor) summary:
04-10 19:17:28.242   718 12046 I [CT]    : Camera: Total Dropped: 0.000000, Total Frame Count: 1571 (0.000000%), Camera Reset Count: 1
04-10 19:17:28.242   718 12046 I [CT]    : Camera: Total Single Camera Frame Dropped: 0, Total Frame Count: 1571 (0.000000%)
04-10 19:17:28.242   718 12046 I [CT]    : Controller 6394927626409450688:
04-10 19:17:28.242   718 12046 I [CT]    : IMU: Capture period exceeded threshold.  Largest period: 1.116476 sec
04-10 19:17:28.242   718 12046 I [CT]    : Controllers may have been sleeping
04-10 19:17:28.242   718 12046 I [CT]    : IMU: Total Dropped: 0.000000, Total Sample Count: 25729.628000 (0.000000%)
04-10 19:17:28.242   718 12046 I [CT]    : Controller 9595495658424524695:
04-10 19:17:28.242   718 12046 I [CT]    : I
04-10 19:17:28.508  1729 12212 I MediaCodecVideoEncoder: [10943:046] [12212] MediaCodecVideoEncoder: Encoded frames: 1186. Bitrate: 2829, target: 3000 kbps, fps: 36, encTime: 21. QP: 0 for last 3011 ms.
04-10 19:17:28.653  1245  1375 D BtGatt.GattService: onResponseSendCompleted() handle=42
04-10 19:17:28.654  1524 12301 D CompanionBLEReceiver: Received HMD_CAPABILITIES Request
04-10 19:17:28.655   696   696 D GatekeeperNativeService: Using value 1 for gk oculus_horizon_chromecasting, user=0
04-10 19:17:28.657   696  4622 D GatekeeperNativeService: Using value 0 for gk oculus_mobile_multi_user_enabled, user=0
04-10 19:17:28.661   696   792 D GatekeeperNativeService: Using value 1 for gk oculus_tour_guide, user=0
04-10 19:17:28.663  1524 12301 I CompanionServer: ====== HmdCapabilities ======
04-10 19:17:28.663  1524 12301 I CompanionServer: chromecast_available: true
04-10 19:17:28.663  1524 12301 I CompanionServer: multi_user_available: false
04-10 19:17:28.663  1524 12301 I CompanionServer: manual_ota_version: 1
04-10 19:17:28.663  1524 12301 I CompanionServer: chromecast_native_receiver_available: true
04-10 19:17:28.663  1524 12301 I CompanionServer: tour_guide_v2_available: true
04-10 19:17:28.663  1524 12301 I CompanionServer: =============================
04-10 19:17:28.702 11787 12127 I VrApi   : FPS=73,Prd=44ms,Tear=0,Early=0,Stale=0,VSnc=1,Lat=1,Fov=0,CPU4/GPU=2/5,1651/710MHz,OC=FF,TA=0/E0/E0,SP=N/F/F,Mem=1804MHz,Free=1620MB,PSM=0,PLS=0,Temp=28.0C/0.0C,TW=2.32ms,App=9.80ms,GD=0.00ms,CPU&GPU=16.95ms,LCnt=2,GPU%=0.74,CPU%=0.48(W0.50),DSF=1.00
04-10 19:17:28.710  1245  1375 D BtGatt.GattService: onResponseSendCompleted() handle=42
04-10 19:17:28.803  1729 12016 I libjingle: [10943:341] [12016] (network.cc:786): Connect failed with 101
04-10 19:17:28.949  2072 11971 I TimeWarp: UpdateClockLevels: Apply pending clock request change: 2,5 -> 3,5
04-10 19:17:28.949  2072 11970 I Clocks  : ReleaseClocks - start
04-10 19:17:28.950   721  1268 D         : CPU_CLUSTER_0: No client requests exists, release clocks
04-10 19:17:28.950   721  1268 D         : CPU_CLUSTER_1: No client requests exists, release clocks
04-10 19:17:28.950   721  1268 D         : GPU: No client requests exists, release clocks
04-10 19:17:28.951   721  1268 D         : CPUBW: No client requests exists, release clocks
04-10 19:17:28.952  2072 11970 I Clocks  : ReleaseClocks - end (2.1 ms)
04-10 19:17:28.952  2072 11970 I Clocks  : LockClocks( cpu=3, gpu=5 ) - start
04-10 19:17:28.953  2072 11970 I Clocks  : CPU levels [0, 4]
04-10 19:17:28.953  2072 11970 I Clocks  : GPU levels [0, 5]
04-10 19:17:28.954   721  1268 D         : CPU_CLUSTER_0: Client 2072 sends freq request [21, 21]
04-10 19:17:28.954   721  1268 D         : CPU_CLUSTER_0: Next Perf Level = (21, 21)
04-10 19:17:28.954   721  1268 D         : CPU_CLUSTER_1: Client 2072 sends freq request [22, 22]
04-10 19:17:28.954   721  1268 D         : CPU_CLUSTER_1: Next Perf Level = (22, 22)
04-10 19:17:28.954   721  1268 D         : CPUBW: Client 2072 sends freq request [8, 11]
04-10 19:17:28.954   721  1268 D         : CPUBW: Next Perf Level = (8, 11)
04-10 19:17:28.955   721  1268 D         : GPU: Client 2072 sends freq request [7, 7]
04-10 19:17:28.955   721  1268 D         : GPU: Next Perf Level = (7, 7)
04-10 19:17:28.955  2072 11970 I Clocks  : LockClocks( cpu=3, gpu=5 ) - end (3.7 ms)
04-10 19:17:29.200  1729 12190 D OVRPlatform-RenderFrameCapturer: still capturing frames
04-10 19:17:29.417   718 12045 I [CT]    : MANAGEMENT:CONSTELLATION: Status=GREEN,, Obj=6394927626409450688,6DOF=1,FusJit=0.003mm,Issues(Cam/min=  0,IMU/min=0), Obj=9595495658424524695,6DOF=1,FusJit=0.0mm,Issues(Cam/min=  0,IMU/min=0)
04-10 19:17:29.563   718 11974 I [CT]    : boltlib: DSP utilization(%): 18
04-10 19:17:29.618  2072 11971 I TimeWarp: UpdateClockLevels: Apply pending clock request change: 3,5 -> 4,5
04-10 19:17:29.618  2072 11970 I Clocks  : ReleaseClocks - start
04-10 19:17:29.618   721  2170 D         : CPU_CLUSTER_0: No client requests exists, release clocks
04-10 19:17:29.618   721  2170 D         : CPU_CLUSTER_1: No client requests exists, release clocks
04-10 19:17:29.619   721  2170 D         : GPU: No client requests exists, release clocks
04-10 19:17:29.619   721  2170 D         : CPUBW: No client requests exists, release clocks
04-10 19:17:29.619  2072 11970 I Clocks  : ReleaseClocks - end (1.3 ms)
04-10 19:17:29.619  2072 11970 I Clocks  : LockClocks( cpu=4, gpu=5 ) - start
04-10 19:17:29.621  2072 11970 I Clocks  : CPU levels [0, 4]
04-10 19:17:29.621  2072 11970 I Clocks  : GPU levels [0, 5]
04-10 19:17:29.621   721  2170 D         : CPU_CLUSTER_0: Client 2072 sends freq request [21, 21]
04-10 19:17:29.621   721  2170 D         : CPU_CLUSTER_0: Next Perf Level = (21, 21)
04-10 19:17:29.621   721  2170 D         : CPU_CLUSTER_1: Client 2072 sends freq request [26, 26]
04-10 19:17:29.621   721  2170 D         : CPU_CLUSTER_1: Next Perf Level = (26, 26)
04-10 19:17:29.621   721  2170 D         : CPUBW: Client 2072 sends freq request [8, 11]
04-10 19:17:29.621   721  2170 D         : CPUBW: Next Perf Level = (8, 11)
04-10 19:17:29.622   721  2170 D         : GPU: Client 2072 sends freq request [7, 7]
04-10 19:17:29.622   721  2170 D         : GPU: Next Perf Level = (7, 7)
04-10 19:17:29.623  2072 11970 I Clocks  : LockClocks( cpu=4, gpu=5 ) - end (3.0 ms)
04-10 19:17:29.699 11787 12127 I VrApi   : FPS=72,Prd=44ms,Tear=0,Early=0,Stale=2,VSnc=1,Lat=1,Fov=0,CPU4/GPU=2/5,2304/710MHz,OC=FF,TA=0/E0/E0,SP=N/F/F,Mem=1804MHz,Free=1623MB,PSM=0,PLS=0,Temp=28.0C/0.0C,TW=2.49ms,App=10.47ms,GD=0.00ms,CPU&GPU=18.32ms,LCnt=2,GPU%=0.81,CPU%=0.61(W0.70),DSF=1.00
04-10 19:17:29.908   718 12046 I [CT]    : VIPER:MAP_MANAGER: State: TRACKING_PERSISTENT, UUID=250ba7fd-8d3e-45ee-9911-5f39cd9b3c25, Num. Persistent maps = 4,  Persistent maps:9fe966d0-a5c8-4a86-97d4-ab48222989f7,96e793be-30e1-4fb3-ab36-9648e5d6d916,b327ec11-1d2b-4f13-9aad-47d47f025f0c,250ba7fd-8d3e-45ee-9911-5f39cd9b3c25,, Ser. Disabled = 00000000-0000-0000-0000-000000000000
04-10 19:17:29.942   718 12046 I [CT]    : VIPER: Status=6DoF,TRACKING,KF=46,Inl=303,Pts=176,Jit=0.2mm,Issues(Cam/min=0.0,IMU/min=0.0),Exp=(8.4ms,g=11.0,I=64)(7.9ms,g=10.0,I=70)(8.4ms,g=11.0,I=75)(7.4ms,g=8.0,I=68)
04-10 19:17:30.316  1729 12016 I libjingle: [10944:854] [12016] (videoadapter.cc:313): VAdapt Frame: scaled 0 / out 1260 / in 1260 Changes: 0 Input: 512x512 i33333333 Scale: 1 Output: 512x512 i33333333 Changed: false
04-10 19:17:30.703 11787 12127 I VrApi   : FPS=70,Prd=43ms,Tear=0,Early=0,Stale=5,VSnc=1,Lat=1,Fov=0,CPU4/GPU=4/5,2304/710MHz,OC=FF,TA=0/E0/E0,SP=N/F/F,Mem=1804MHz,Free=1627MB,PSM=0,PLS=0,Temp=28.0C/0.0C,TW=2.29ms,App=9.46ms,GD=0.00ms,CPU&GPU=20.19ms,LCnt=2,GPU%=0.75,CPU%=0.33(W0.40),DSF=1.00
04-10 19:17:30.811  1729 12016 I libjingle: [10945:349] [12016] (network.cc:786): Connect failed with 101
04-10 19:17:30.817  1245  1375 D BtGatt.GattService: onResponseSendCompleted() handle=42
04-10 19:17:30.819  1524 12306 D CompanionBLEReceiver: Received HMD_CAPABILITIES Request
04-10 19:17:30.822   696  9951 D GatekeeperNativeService: Using value 1 for gk oculus_horizon_chromecasting, user=0
04-10 19:17:30.825   696   696 D GatekeeperNativeService: Using value 0 for gk oculus_mobile_multi_user_enabled, user=0
04-10 19:17:30.831   696  4622 D GatekeeperNativeService: Using value 1 for gk oculus_tour_guide, user=0
04-10 19:17:30.831  1524 12306 I CompanionServer: ====== HmdCapabilities ======
04-10 19:17:30.831  1524 12306 I CompanionServer: chromecast_available: true
04-10 19:17:30.831  1524 12306 I CompanionServer: multi_user_available: false
04-10 19:17:30.831  1524 12306 I CompanionServer: manual_ota_version: 1
04-10 19:17:30.831  1524 12306 I CompanionServer: chromecast_native_receiver_available: true
04-10 19:17:30.831  1524 12306 I CompanionServer: tour_guide_v2_available: true
04-10 19:17:30.831  1524 12306 I CompanionServer: =============================
04-10 19:17:30.875  1245  1375 D BtGatt.GattService: onResponseSendCompleted() handle=42
04-10 19:17:30.898  1729 12190 D OVRPlatform-RenderFrameCapturer: still capturing frames
04-10 19:17:31.315   718 12045 W [CT]    : CONSTELLATION: LED Mahalanobis distance p50 = 100.334 too high. Fallback to pose update.
04-10 19:17:31.316   718 12045 W [CT]    : CONSTELLATION: LED Mahalanobis distance p50 = 60.9805 too high. Fallback to pose update.
04-10 19:17:31.509  1729 12212 I MediaCodecVideoEncoder: [10946:047] [12212] MediaCodecVideoEncoder: Encoded frames: 1294. Bitrate: 2905, target: 3000 kbps, fps: 36, encTime: 19. QP: 0 for last 3001 ms.
04-10 19:17:31.703 11787 12127 I VrApi   : FPS=72,Prd=44ms,Tear=0,Early=1,Stale=0,VSnc=1,Lat=1,Fov=0,CPU4/GPU=4/5,2304/710MHz,OC=FF,TA=0/E0/E0,SP=N/F/F,Mem=1804MHz,Free=1625MB,PSM=0,PLS=0,Temp=28.0C/0.0C,TW=2.38ms,App=10.11ms,GD=0.00ms,CPU&GPU=16.48ms,LCnt=2,GPU%=0.76,CPU%=0.28(W0.33),DSF=1.00
04-10 19:17:31.832  2072 11971 I TimeWarp: UpdateClockLevels: Apply pending clock request change: 4,5 -> 3,5
04-10 19:17:31.832  2072 11970 I Clocks  : ReleaseClocks - start
04-10 19:17:31.832   721   830 D         : CPU_CLUSTER_0: No client requests exists, release clocks
04-10 19:17:31.832   721   830 D         : CPU_CLUSTER_1: No client requests exists, release clocks
04-10 19:17:31.832   721   830 D         : GPU: No client requests exists, release clocks
04-10 19:17:31.833   721   830 D         : CPUBW: No client requests exists, release clocks
04-10 19:17:31.833  2072 11970 I Clocks  : ReleaseClocks - end (1.5 ms)
04-10 19:17:31.833  2072 11970 I Clocks  : LockClocks( cpu=3, gpu=5 ) - start
04-10 19:17:31.835  2072 11970 I Clocks  : CPU levels [0, 4]
04-10 19:17:31.836  2072 11970 I Clocks  : GPU levels [0, 5]
04-10 19:17:31.836   721  3000 D         : CPU_CLUSTER_0: Client 2072 sends freq request [21, 21]
04-10 19:17:31.836   721  3000 D         : CPU_CLUSTER_0: Next Perf Level = (21, 21)
04-10 19:17:31.836   721  3000 D         : CPU_CLUSTER_1: Client 2072 sends freq request [22, 22]
04-10 19:17:31.836   721  3000 D         : CPU_CLUSTER_1: Next Perf Level = (22, 22)
04-10 19:17:31.836   721  3000 D         : CPUBW: Client 2072 sends freq request [8, 11]
04-10 19:17:31.836   721  3000 D         : CPUBW: Next Perf Level = (8, 11)
04-10 19:17:31.837   721  3000 D         : GPU: Client 2072 sends freq request [7, 7]
04-10 19:17:31.838   721  3000 D         : GPU: Next Perf Level = (7, 7)
04-10 19:17:31.839  2072 11970 I Clocks  : LockClocks( cpu=3, gpu=5 ) - end (5.4 ms)
04-10 19:17:32.418   718 12045 I [CT]    : MANAGEMENT:CONSTELLATION: Status=GREEN,, Obj=6394927626409450688,6DOF=1,FusJit=0.01mm,Issues(Cam/min=  0,IMU/min=0), Obj=9595495658424524695,6DOF=1,FusJit=0.0mm,Issues(Cam/min=  0,IMU/min=0)
04-10 19:17:32.439  1729  1739 I art     : Background sticky concurrent mark sweep GC freed 17277(2MB) AllocSpace objects, 0(0B) LOS objects, 36% free, 4MB/7MB, paused 5.005ms total 29.115ms
04-10 19:17:32.597  1729 12190 D OVRPlatform-RenderFrameCapturer: still capturing frames
04-10 19:17:32.700 11787 12127 I VrApi   : FPS=72,Prd=45ms,Tear=0,Early=0,Stale=0,VSnc=1,Lat=1,Fov=0,CPU4/GPU=3/5,1958/710MHz,OC=FF,TA=0/E0/E0,SP=N/F/F,Mem=1804MHz,Free=1624MB,PSM=0,PLS=0,Temp=28.0C/0.0C,TW=2.40ms,App=10.33ms,GD=0.00ms,CPU&GPU=14.51ms,LCnt=2,GPU%=0.76,CPU%=0.38(W0.41),DSF=1.00
04-10 19:17:32.814  1729 12016 I libjingle: [10947:352] [12016] (network.cc:786): Connect failed with 101
04-10 19:17:32.821  1729 12016 I libjingle: [10947:359] [12016] (videoadapter.cc:313): VAdapt Frame: scaled 0 / out 1350 / in 1350 Changes: 0 Input: 512x512 i33333333 Scale: 1 Output: 512x512 i33333333 Changed: false
04-10 19:17:32.907   718 12046 I [CT]    : VIPER:MAP_MANAGER: State: TRACKING_PERSISTENT, UUID=250ba7fd-8d3e-45ee-9911-5f39cd9b3c25, Num. Persistent maps = 4,  Persistent maps:9fe966d0-a5c8-4a86-97d4-ab48222989f7,96e793be-30e1-4fb3-ab36-9648e5d6d916,b327ec11-1d2b-4f13-9aad-47d47f025f0c,250ba7fd-8d3e-45ee-9911-5f39cd9b3c25,, Ser. Disabled = 00000000-0000-0000-0000-000000000000
04-10 19:17:32.939   718 12046 I [CT]    : VIPER: Status=6DoF,TRACKING,KF=46,Inl=222,Pts=176,Jit=0.6mm,Issues(Cam/min=0.0,IMU/min=0.0),Exp=(8.5ms,g=11.0,I=57)(8.1ms,g=11.0,I=65)(8.5ms,g=11.0,I=76)(6.7ms,g=7.0,I=67)
04-10 19:17:32.983   718 12045 W [CT]    : CONSTELLATION: LED Mahalanobis distance p50 = 7.29946 too high. Fallback to pose update.
04-10 19:17:33.003  1245  1375 D BtGatt.GattService: onResponseSendCompleted() handle=42
04-10 19:17:33.004  1524 12311 D CompanionBLEReceiver: Received HMD_CAPABILITIES Request
04-10 19:17:33.005   696   792 D GatekeeperNativeService: Using value 1 for gk oculus_horizon_chromecasting, user=0
04-10 19:17:33.007   696  9951 D GatekeeperNativeService: Using value 0 for gk oculus_mobile_multi_user_enabled, user=0
04-10 19:17:33.015   696   696 D GatekeeperNativeService: Using value 1 for gk oculus_tour_guide, user=0
04-10 19:17:33.016  1524 12311 I CompanionServer: ====== HmdCapabilities ======
04-10 19:17:33.016  1524 12311 I CompanionServer: chromecast_available: true
04-10 19:17:33.016  1524 12311 I CompanionServer: multi_user_available: false
04-10 19:17:33.016  1524 12311 I CompanionServer: manual_ota_version: 1
04-10 19:17:33.016  1524 12311 I CompanionServer: chromecast_native_receiver_available: true
04-10 19:17:33.016  1524 12311 I CompanionServer: tour_guide_v2_available: true
04-10 19:17:33.016  1524 12311 I CompanionServer: =============================
04-10 19:17:33.063  1245  1375 D BtGatt.GattService: onResponseSendCompleted() handle=42
04-10 19:17:33.190   718 12076 I [CT]    : floorplane: Failed detection of groundplane. Took 0.089 ms
04-10 19:17:33.242   718 12046 W [CT]    : VIPER: StereoEpipolarSearch: No search points in epipolar search.
04-10 19:17:33.243   718 12046 I [CT]    : HealthReport: ==================================================
04-10 19:17:33.243   718 12046 I [CT]    : Health Report
04-10 19:17:33.243   718 12046 I [CT]    : -------------
04-10 19:17:33.243   718 12046 I [CT]    : 
04-10 19:17:33.243   718 12046 I [CT]    : Reporter #1 (InsideOutHealthMonitor) summary:
04-10 19:17:33.243   718 12046 I [CT]    : Camera: Total Dropped: 0.000000, Total Frame Count: 1720 (0.000000%), Camera Reset Count: 0
04-10 19:17:33.243   718 12046 I [CT]    : Camera: Total Single Camera Frame Dropped: 0, Total Frame Count: 1720 (0.000000%)
04-10 19:17:33.243   718 12046 I [CT]    : IMU: Total Dropped: 0.000000, Total Sample Count: 57544 (0.000000%)
04-10 19:17:33.243   718 12046 I [CT]    : Magnetometer: Total Dropped: 0.000000, Total Sample Count: 1727 (0.000000%)
04-10 19:17:33.243   718 12046 I [CT]    : 
04-10 19:17:33.243   718 12046 I [CT]    : Reporter #1 (InsideOutHealthMonitor) Passed
04-10 19:17:33.243   718 12046 I [CT]    : --------------------------------------------------
04-10 19:17:33.243   718 12046 I [CT]    : Reporter #2 (ConstellationHealthMonitor) summary:
04-10 19:17:33.243   718 12046 I [CT]    : Camera: Total Dropped: 0.000000, Total Frame Count: 1721 (0.000000%), Camera Reset Count: 1
04-10 19:17:33.243   718 12046 I [CT]    : Camera: Total Single Camera Frame Dropped: 0, Total Frame Count: 1721 (0.000000%)
04-10 19:17:33.243   718 12046 I [CT]    : Controller 6394927626409450688:
04-10 19:17:33.243   718 12046 I [CT]    : IMU: Capture period exceeded threshold.  Largest period: 1.116476 sec
04-10 19:17:33.243   718 12046 I [CT]    : Controllers may have been sleeping
04-10 19:17:33.243   718 12046 I [CT]    : IMU: Total Dropped: 0.000000, Total Sample Count: 28230.110500 (0.000000%)
04-10 19:17:33.243   718 12046 I [CT]    : Controller 9595495658424524695:
04-10 19:17:33.243   718 12046 I [CT]    : I
04-10 19:17:33.699 11787 12127 I VrApi   : FPS=72,Prd=45ms,Tear=0,Early=1,Stale=0,VSnc=1,Lat=1,Fov=0,CPU4/GPU=3/5,1958/710MHz,OC=FF,TA=0/E0/E0,SP=N/F/F,Mem=1804MHz,Free=1627MB,PSM=0,PLS=0,Temp=28.0C/0.0C,TW=2.29ms,App=8.89ms,GD=0.00ms,CPU&GPU=15.01ms,LCnt=2,GPU%=0.71,CPU%=0.34(W0.38),DSF=1.00
04-10 19:17:33.837  2072 11971 I TimeWarp: UpdateClockLevels: Apply pending clock request change: 3,5 -> 2,5
04-10 19:17:33.837  2072 11970 I Clocks  : ReleaseClocks - start
04-10 19:17:33.837   721  2170 D         : CPU_CLUSTER_0: No client requests exists, release clocks
04-10 19:17:33.837   721  2170 D         : CPU_CLUSTER_1: No client requests exists, release clocks
04-10 19:17:33.838   721  2170 D         : GPU: No client requests exists, release clocks
04-10 19:17:33.838   721  2170 D         : CPUBW: No client requests exists, release clocks
04-10 19:17:33.838  2072 11970 I Clocks  : ReleaseClocks - end (1.4 ms)
04-10 19:17:33.838  2072 11970 I Clocks  : LockClocks( cpu=2, gpu=5 ) - start
04-10 19:17:33.839  2072 11970 I Clocks  : CPU levels [0, 4]
04-10 19:17:33.839  2072 11970 I Clocks  : GPU levels [0, 5]
04-10 19:17:33.839   721   830 D         : CPU_CLUSTER_0: Client 2072 sends freq request [21, 21]
04-10 19:17:33.840   721   830 D         : CPU_CLUSTER_0: Next Perf Level = (21, 21)
04-10 19:17:33.840   721   830 D         : CPU_CLUSTER_1: Client 2072 sends freq request [18, 18]
04-10 19:17:33.840   721   830 D         : CPU_CLUSTER_1: Next Perf Level = (18, 18)
04-10 19:17:33.841   721   830 D         : CPUBW: Client 2072 sends freq request [8, 11]
04-10 19:17:33.841   721   830 D         : CPUBW: Next Perf Level = (8, 11)
04-10 19:17:33.841   721   830 D         : GPU: Client 2072 sends freq request [7, 7]
04-10 19:17:33.841   721   830 D         : GPU: Next Perf Level = (7, 7)
04-10 19:17:33.841  2072 11970 I Clocks  : LockClocks( cpu=2, gpu=5 ) - end (3.1 ms)
04-10 19:17:34.182   718 12045 W [CT]    : CONSTELLATION: LED Mahalanobis distance p50 = 31.4097 too high. Fallback to pose update.
04-10 19:17:34.297  1729 12190 D OVRPlatform-RenderFrameCapturer: still capturing frames
04-10 19:17:34.513  1729 12212 I MediaCodecVideoEncoder: [10949:051] [12212] MediaCodecVideoEncoder: Encoded frames: 1402. Bitrate: 2917, target: 3000 kbps, fps: 36, encTime: 18. QP: 0 for last 3004 ms.
04-10 19:17:34.701 11787 12127 I VrApi   : FPS=72,Prd=45ms,Tear=0,Early=42,Stale=0,VSnc=1,Lat=1,Fov=0,CPU4/GPU=2/5,1651/710MHz,OC=FF,TA=0/E0/E0,SP=N/F/F,Mem=1804MHz,Free=1626MB,PSM=0,PLS=0,Temp=28.0C/0.0C,TW=2.29ms,App=6.42ms,GD=0.00ms,CPU&GPU=14.18ms,LCnt=2,GPU%=0.56,CPU%=0.37(W0.39),DSF=1.00
04-10 19:17:34.818  1729 12016 I libjingle: [10949:355] [12016] (network.cc:786): Connect failed with 101
04-10 19:17:35.164  1729 12191 I libjingle: [10949:702] [12191] (videoadapter.cc:543): VAdapt CPU Request: up Steps: 0 Changed: false To: 512x512
04-10 19:17:35.192  1245  1375 D BtGatt.GattService: onResponseSendCompleted() handle=42
04-10 19:17:35.196  1524 12316 D CompanionBLEReceiver: Received HMD_CAPABILITIES Request
04-10 19:17:35.199   696  4622 D GatekeeperNativeService: Using value 1 for gk oculus_horizon_chromecasting, user=0
04-10 19:17:35.200   696   792 D GatekeeperNativeService: Using value 0 for gk oculus_mobile_multi_user_enabled, user=0
04-10 19:17:35.203   696  9951 D GatekeeperNativeService: Using value 1 for gk oculus_tour_guide, user=0
04-10 19:17:35.203  1524 12316 I CompanionServer: ====== HmdCapabilities ======
04-10 19:17:35.203  1524 12316 I CompanionServer: chromecast_available: true
04-10 19:17:35.203  1524 12316 I CompanionServer: multi_user_available: false
04-10 19:17:35.203  1524 12316 I CompanionServer: manual_ota_version: 1
04-10 19:17:35.203  1524 12316 I CompanionServer: chromecast_native_receiver_available: true
04-10 19:17:35.203  1524 12316 I CompanionServer: tour_guide_v2_available: true
04-10 19:17:35.203  1524 12316 I CompanionServer: =============================
04-10 19:17:35.252  1245  1375 D BtGatt.GattService: onResponseSendCompleted() handle=42
04-10 19:17:35.327  1729 12016 I libjingle: [10949:865] [12016] (videoadapter.cc:313): VAdapt Frame: scaled 0 / out 1440 / in 1440 Changes: 0 Input: 512x512 i33333333 Scale: 1 Output: 512x512 i33333333 Changed: false
04-10 19:17:35.416   718 12045 I [CT]    : MANAGEMENT:CONSTELLATION: Status=GREEN,, Obj=6394927626409450688,6DOF=1,FusJit=0.002mm,Issues(Cam/min=  0,IMU/min=0), Obj=9595495658424524695,6DOF=1,FusJit=0.0mm,Issues(Cam/min=  0,IMU/min=0)
04-10 19:17:35.567   718 11974 I [CT]    : boltlib: DSP utilization(%): 18
04-10 19:17:35.582   718 12045 W [CT]    : CONSTELLATION: LED Mahalanobis distance p50 = 222.524 too high. Fallback to pose update.
04-10 19:17:35.582   718 12045 W [CT]    : CONSTELLATION: LED Mahalanobis distance p50 = 85.344 too high. Fallback to pose update.
04-10 19:17:35.718 11787 12127 I VrApi   : FPS=72,Prd=45ms,Tear=0,Early=2,Stale=0,VSnc=1,Lat=1,Fov=0,CPU4/GPU=2/5,1651/710MHz,OC=FF,TA=0/E0/E0,SP=N/F/F,Mem=1804MHz,Free=1626MB,PSM=0,PLS=0,Temp=28.0C/0.0C,TW=2.36ms,App=9.38ms,GD=0.00ms,CPU&GPU=12.29ms,LCnt=2,GPU%=0.71,CPU%=0.41(W0.45),DSF=1.00
04-10 19:17:35.837   696   696 D GatekeeperNativeService: Using value 0 for gk arvr_gk_nimble_mfjlp, user=0
04-10 19:17:35.838   696  4622 D GatekeeperNativeService: Using value 1 for gk oculus_blob_size_checker_gk, user=0
04-10 19:17:35.842   696   792 D GatekeeperNativeService: Using value 1 for gk oculus_enable_background_subtraction_gk, user=0
04-10 19:17:35.843   696  9951 D GatekeeperNativeService: Using value 0 for gk oculus_enable_ht_quest_vrsrecording, user=0
04-10 19:17:35.844   696   696 D GatekeeperNativeService: Using value 0 for gk oculus_gk_is_dogfood, user=0
04-10 19:17:35.845   696  4622 D GatekeeperNativeService: Using value 0 for gk oculus_gk_is_employee, user=0
04-10 19:17:35.850   696   792 D GatekeeperNativeService: Using value 0 for gk oculus_gk_is_qa, user=0
04-10 19:17:35.851   696  9951 D GatekeeperNativeService: Using value 0 for gk oculus_gk_is_spatial_ai, user=0
04-10 19:17:35.852   696   696 D GatekeeperNativeService: Using value 1 for gk oculus_mapmerging_gk, user=0
04-10 19:17:35.853   696  4622 D GatekeeperNativeService: Using value 0 for gk oculus_telemetry_gk_generic_1, user=0
04-10 19:17:35.854   696   792 D GatekeeperNativeService: Using value 0 for gk oculus_telemetry_gk_generic_2, user=0
04-10 19:17:35.855   696  9951 D GatekeeperNativeService: Using value 0 for gk oculus_telemetry_gk_generic_3, user=0
04-10 19:17:35.858   696   696 D GatekeeperNativeService: Using value 0 for gk oculus_telemetry_gk_generic_4, user=0
04-10 19:17:35.859   696  4622 D GatekeeperNativeService: Using value 0 for gk oculus_telemetry_gk_generic_5, user=0
04-10 19:17:35.861   696   792 D GatekeeperNativeService: Using value 0 for gk oculus_vr_keyboard_enabled, user=0
04-10 19:17:35.862   718 12055 I [CT]    : TELEMETRY_COLLECTOR: Sending event: constellation_periodic
04-10 19:17:35.863   718 12055 I [CT]    : TELEMETRY_COLLECTOR: Sending event: relocalization_periodic
04-10 19:17:35.864   718 12055 I [CT]    : TELEMETRY_COLLECTOR: Sending event: oculus_boltcv_periodic
04-10 19:17:35.864   718 12055 I [CT]    : TELEMETRY_COLLECTOR: Sending event: attitude_ekf_periodic
04-10 19:17:35.865   718 12055 I [CT]    : TELEMETRY_COLLECTOR: Sending event: insideout_periodic
04-10 19:17:35.867   718 12055 I [CT]    : TELEMETRY_COLLECTOR: Sending event: constellation_periodic
04-10 19:17:35.870   718 12055 I [CT]    : TELEMETRY_COLLECTOR: Sending event: constellation_periodic
04-10 19:17:35.871   718 12055 I [CT]    : TELEMETRY_COLLECTOR: Sending event: map_periodic
04-10 19:17:35.872   718 12055 I [CT]    : NIMBLE:HLOG: NimbleTelemetryAggregator::populateTelemetry
04-10 19:17:35.909   718 12046 I [CT]    : VIPER:MAP_MANAGER: State: TRACKING_PERSISTENT, UUID=250ba7fd-8d3e-45ee-9911-5f39cd9b3c25, Num. Persistent maps = 4,  Persistent maps:9fe966d0-a5c8-4a86-97d4-ab48222989f7,96e793be-30e1-4fb3-ab36-9648e5d6d916,b327ec11-1d2b-4f13-9aad-47d47f025f0c,250ba7fd-8d3e-45ee-9911-5f39cd9b3c25,, Ser. Disabled = 00000000-0000-0000-0000-000000000000
04-10 19:17:35.943   718 12046 I [CT]    : VIPER: Status=6DoF,TRACKING,KF=49,Inl=280,Pts=184,Jit=0.2mm,Issues(Cam/min=0.0,IMU/min=0.0),Exp=(8.7ms,g=10.0,I=59)(8.3ms,g=10.0,I=69)(8.7ms,g=10.0,I=80)(6.5ms,g=7.0,I=67)
04-10 19:17:35.996  1729 12190 D OVRPlatform-RenderFrameCapturer: still capturing frames
04-10 19:17:36.703 11787 12127 I VrApi   : FPS=72,Prd=45ms,Tear=0,Early=23,Stale=0,VSnc=1,Lat=1,Fov=0,CPU4/GPU=2/5,1651/710MHz,OC=FF,TA=0/E0/E0,SP=N/F/F,Mem=1804MHz,Free=1629MB,PSM=0,PLS=0,Temp=28.0C/0.0C,TW=2.28ms,App=9.35ms,GD=0.00ms,CPU&GPU=13.79ms,LCnt=2,GPU%=0.71,CPU%=0.50(W0.50),DSF=1.00
04-10 19:17:36.823  1729 12016 I libjingle: [10951:361] [12016] (network.cc:786): Connect failed with 101
04-10 19:17:37.352  1245  1375 D BtGatt.GattService: onResponseSendCompleted() handle=42
04-10 19:17:37.354  1524 12321 D CompanionBLEReceiver: Received HMD_CAPABILITIES Request
04-10 19:17:37.355   696  9951 D GatekeeperNativeService: Using value 1 for gk oculus_horizon_chromecasting, user=0
04-10 19:17:37.356   696   696 D GatekeeperNativeService: Using value 0 for gk oculus_mobile_multi_user_enabled, user=0
04-10 19:17:37.358   696  4622 D GatekeeperNativeService: Using value 1 for gk oculus_tour_guide, user=0
04-10 19:17:37.360  1524 12321 I CompanionServer: ====== HmdCapabilities ======
04-10 19:17:37.360  1524 12321 I CompanionServer: chromecast_available: true
04-10 19:17:37.360  1524 12321 I CompanionServer: multi_user_available: false
04-10 19:17:37.360  1524 12321 I CompanionServer: manual_ota_version: 1
04-10 19:17:37.360  1524 12321 I CompanionServer: chromecast_native_receiver_available: true
04-10 19:17:37.360  1524 12321 I CompanionServer: tour_guide_v2_available: true
04-10 19:17:37.360  1524 12321 I CompanionServer: =============================
04-10 19:17:37.412  1245  1375 D BtGatt.GattService: onResponseSendCompleted() handle=42
04-10 19:17:37.519  1729 12212 I MediaCodecVideoEncoder: [10952:056] [12212] MediaCodecVideoEncoder: Encoded frames: 1510. Bitrate: 2938, target: 3000 kbps, fps: 36, encTime: 18. QP: 0 for last 3005 ms.
04-10 19:17:37.697  1729 12190 D OVRPlatform-RenderFrameCapturer: still capturing frames
04-10 19:17:37.702 11787 12127 I VrApi   : FPS=72,Prd=44ms,Tear=0,Early=18,Stale=0,VSnc=1,Lat=1,Fov=0,CPU4/GPU=2/5,1651/710MHz,OC=FF,TA=0/E0/E0,SP=N/F/F,Mem=1804MHz,Free=1628MB,PSM=0,PLS=0,Temp=28.0C/0.0C,TW=2.23ms,App=9.84ms,GD=0.00ms,CPU&GPU=14.81ms,LCnt=2,GPU%=0.73,CPU%=0.32(W0.38),DSF=1.00
04-10 19:17:37.804 11787 11806 D UE4     : [GameActivity] Used memory: 379943
04-10 19:17:37.834  1729 12016 I libjingle: [10952:372] [12016] (videoadapter.cc:313): VAdapt Frame: scaled 0 / out 1530 / in 1530 Changes: 0 Input: 512x512 i33333333 Scale: 1 Output: 512x512 i33333333 Changed: false
04-10 19:17:38.244   718 12046 I [CT]    : HealthReport: ==================================================
04-10 19:17:38.244   718 12046 I [CT]    : Health Report
04-10 19:17:38.244   718 12046 I [CT]    : -------------
04-10 19:17:38.244   718 12046 I [CT]    : 
04-10 19:17:38.244   718 12046 I [CT]    : Reporter #1 (InsideOutHealthMonitor) summary:
04-10 19:17:38.244   718 12046 I [CT]    : Camera: Total Dropped: 0.000000, Total Frame Count: 1870 (0.000000%), Camera Reset Count: 0
04-10 19:17:38.244   718 12046 I [CT]    : Camera: Total Single Camera Frame Dropped: 0, Total Frame Count: 1870 (0.000000%)
04-10 19:17:38.244   718 12046 I [CT]    : IMU: Total Dropped: 0.000000, Total Sample Count: 62544 (0.000000%)
04-10 19:17:38.244   718 12046 I [CT]    : Magnetometer: Total Dropped: 0.000000, Total Sample Count: 1877 (0.000000%)
04-10 19:17:38.244   718 12046 I [CT]    : 
04-10 19:17:38.244   718 12046 I [CT]    : Reporter #1 (InsideOutHealthMonitor) Passed
04-10 19:17:38.244   718 12046 I [CT]    : --------------------------------------------------
04-10 19:17:38.244   718 12046 I [CT]    : Reporter #2 (ConstellationHealthMonitor) summary:
04-10 19:17:38.244   718 12046 I [CT]    : Camera: Total Dropped: 0.000000, Total Frame Count: 1871 (0.000000%), Camera Reset Count: 1
04-10 19:17:38.244   718 12046 I [CT]    : Camera: Total Single Camera Frame Dropped: 0, Total Frame Count: 1871 (0.000000%)
04-10 19:17:38.244   718 12046 I [CT]    : Controller 6394927626409450688:
04-10 19:17:38.244   718 12046 I [CT]    : IMU: Capture period exceeded threshold.  Largest period: 1.116476 sec
04-10 19:17:38.244   718 12046 I [CT]    : Controllers may have been sleeping
04-10 19:17:38.244   718 12046 I [CT]    : IMU: Total Dropped: 0.000000, Total Sample Count: 30730.595500 (0.000000%)
04-10 19:17:38.244   718 12046 I [CT]    : Controller 9595495658424524695:
04-10 19:17:38.244   718 12046 I [CT]    : I
04-10 19:17:38.261  2087 12075 I Telemetry: App memory usage: PSS=56MB
04-10 19:17:38.284  1729  1739 I art     : Background sticky concurrent mark sweep GC freed 16849(2MB) AllocSpace objects, 0(0B) LOS objects, 36% free, 4MB/7MB, paused 5.104ms total 31.957ms
04-10 19:17:38.417   718 12045 I [CT]    : MANAGEMENT:CONSTELLATION: Status=GREEN,, Obj=6394927626409450688,6DOF=1,FusJit=0.004mm,Issues(Cam/min=  0,IMU/min=0), Obj=9595495658424524695,6DOF=1,FusJit=0.0mm,Issues(Cam/min=  0,IMU/min=0)
04-10 19:17:38.711 11787 12127 I VrApi   : FPS=72,Prd=44ms,Tear=0,Early=0,Stale=0,VSnc=1,Lat=1,Fov=0,CPU4/GPU=2/5,1651/710MHz,OC=FF,TA=0/E0/E0,SP=N/F/F,Mem=1804MHz,Free=1627MB,PSM=0,PLS=0,Temp=28.0C/0.0C,TW=2.28ms,App=9.44ms,GD=0.00ms,CPU&GPU=14.26ms,LCnt=2,GPU%=0.72,CPU%=0.42(W0.43),DSF=1.00
04-10 19:17:38.826  1729 12016 I libjingle: [10953:364] [12016] (network.cc:786): Connect failed with 101
04-10 19:17:38.911   718 12046 I [CT]    : VIPER:MAP_MANAGER: State: TRACKING_PERSISTENT, UUID=250ba7fd-8d3e-45ee-9911-5f39cd9b3c25, Num. Persistent maps = 4,  Persistent maps:9fe966d0-a5c8-4a86-97d4-ab48222989f7,96e793be-30e1-4fb3-ab36-9648e5d6d916,b327ec11-1d2b-4f13-9aad-47d47f025f0c,250ba7fd-8d3e-45ee-9911-5f39cd9b3c25,, Ser. Disabled = 00000000-0000-0000-0000-000000000000
04-10 19:17:38.945   718 12046 I [CT]    : VIPER: Status=6DoF,TRACKING,KF=49,Inl=386,Pts=184,Jit=0.3mm,Issues(Cam/min=0.0,IMU/min=0.0),Exp=(8.6ms,g=10.0,I=64)(9.3ms,g=11.0,I=70)(8.6ms,g=10.0,I=75)(7.2ms,g=9.0,I=68)
04-10 19:17:39.281  2072 11971 I TimeWarp: UpdateClockLevels: Apply pending clock request change: 2,5 -> 3,5
04-10 19:17:39.281  2072 11970 I Clocks  : ReleaseClocks - start
04-10 19:17:39.281   721  1268 D         : CPU_CLUSTER_0: No client requests exists, release clocks
04-10 19:17:39.281   721  1268 D         : CPU_CLUSTER_1: No client requests exists, release clocks
04-10 19:17:39.285   721  1268 D         : GPU: No client requests exists, release clocks
04-10 19:17:39.285   721  1268 D         : CPUBW: No client requests exists, release clocks
04-10 19:17:39.286  2072 11970 I Clocks  : ReleaseClocks - end (4.7 ms)
04-10 19:17:39.286  2072 11970 I Clocks  : LockClocks( cpu=3, gpu=5 ) - start
04-10 19:17:39.287  2072 11970 I Clocks  : CPU levels [0, 4]
04-10 19:17:39.287  2072 11970 I Clocks  : GPU levels [0, 5]
04-10 19:17:39.287   721  3000 D         : CPU_CLUSTER_0: Client 2072 sends freq request [21, 21]
04-10 19:17:39.287   721  3000 D         : CPU_CLUSTER_0: Next Perf Level = (21, 21)
04-10 19:17:39.287   721  3000 D         : CPU_CLUSTER_1: Client 2072 sends freq request [22, 22]
04-10 19:17:39.287   721  3000 D         : CPU_CLUSTER_1: Next Perf Level = (22, 22)
04-10 19:17:39.287   721  3000 D         : CPUBW: Client 2072 sends freq request [8, 11]
04-10 19:17:39.287   721  3000 D         : CPUBW: Next Perf Level = (8, 11)
04-10 19:17:39.288   721  3000 D         : GPU: Client 2072 sends freq request [7, 7]
04-10 19:17:39.288   721  3000 D         : GPU: Next Perf Level = (7, 7)
04-10 19:17:39.288  2072 11970 I Clocks  : LockClocks( cpu=3, gpu=5 ) - end (2.5 ms)
04-10 19:17:39.355 11787 11787 D UE4     : [GameActivity] Battery: status = 5, rawlevel = 100, scale = 100
04-10 19:17:39.355 11787 11787 D UE4     : nativeBatteryEvent(stat = 5, lvl = 100  temp = 29.00 C)
04-10 19:17:39.371  1091  1121 I ProcessStatsService: Prepared write state in 4ms
04-10 19:17:39.378  1442 12326 I OSUpdateService: Intent with action system_battery_changed
04-10 19:17:39.397  1729 12190 D OVRPlatform-RenderFrameCapturer: still capturing frames
04-10 19:17:39.548  1245  1375 D BtGatt.GattService: onResponseSendCompleted() handle=42
04-10 19:17:39.550  1524 12327 D CompanionBLEReceiver: Received HMD_CAPABILITIES Request
04-10 19:17:39.553   696   792 D GatekeeperNativeService: Using value 1 for gk oculus_horizon_chromecasting, user=0
04-10 19:17:39.555   696  9951 D GatekeeperNativeService: Using value 0 for gk oculus_mobile_multi_user_enabled, user=0
04-10 19:17:39.565   696   696 D GatekeeperNativeService: Using value 1 for gk oculus_tour_guide, user=0
04-10 19:17:39.565  1524 12327 I CompanionServer: ====== HmdCapabilities ======
04-10 19:17:39.565  1524 12327 I CompanionServer: chromecast_available: true
04-10 19:17:39.565  1524 12327 I CompanionServer: multi_user_available: false
04-10 19:17:39.565  1524 12327 I CompanionServer: manual_ota_version: 1
04-10 19:17:39.565  1524 12327 I CompanionServer: chromecast_native_receiver_available: true
04-10 19:17:39.565  1524 12327 I CompanionServer: tour_guide_v2_available: true
04-10 19:17:39.565  1524 12327 I CompanionServer: =============================
04-10 19:17:39.602  1245  1375 D BtGatt.GattService: onResponseSendCompleted() handle=42
04-10 19:17:39.782  2072 11971 I TimeWarp: UpdateClockLevels: Apply pending clock request change: 3,5 -> 4,5
04-10 19:17:39.782  2072 11970 I Clocks  : ReleaseClocks - start
04-10 19:17:39.784   721   721 D         : CPU_CLUSTER_0: No client requests exists, release clocks
04-10 19:17:39.784   721   721 D         : CPU_CLUSTER_1: No client requests exists, release clocks
04-10 19:17:39.785   721   721 D         : GPU: No client requests exists, release clocks
04-10 19:17:39.786   721   721 D         : CPUBW: No client requests exists, release clocks
04-10 19:17:39.787  2072 11970 I Clocks  : ReleaseClocks - end (4.6 ms)
04-10 19:17:39.787  2072 11970 I Clocks  : LockClocks( cpu=4, gpu=5 ) - start
04-10 19:17:39.789  2072 11970 I Clocks  : CPU levels [0, 4]
04-10 19:17:39.789  2072 11970 I Clocks  : GPU levels [0, 5]
04-10 19:17:39.790   721   830 D         : CPU_CLUSTER_0: Client 2072 sends freq request [21, 21]
04-10 19:17:39.790   721   830 D         : CPU_CLUSTER_0: Next Perf Level = (21, 21)
04-10 19:17:39.790   721   830 D         : CPU_CLUSTER_1: Client 2072 sends freq request [26, 26]
04-10 19:17:39.790   721   830 D         : CPU_CLUSTER_1: Next Perf Level = (26, 26)
04-10 19:17:39.790   721   830 D         : CPUBW: Client 2072 sends freq request [8, 11]
04-10 19:17:39.790   721   830 D         : CPUBW: Next Perf Level = (8, 11)
04-10 19:17:39.792   721   830 D         : GPU: Client 2072 sends freq request [7, 7]
04-10 19:17:39.792   721   830 D         : GPU: Next Perf Level = (7, 7)
04-10 19:17:39.793  2072 11970 I Clocks  : LockClocks( cpu=4, gpu=5 ) - end (5.8 ms)
04-10 19:17:39.849   718 12045 W [CT]    : CONSTELLATION: LED Mahalanobis distance p50 = 48.7325 too high. Fallback to pose update.
04-10 19:17:39.850   718 12045 W [CT]    : CONSTELLATION: LED Mahalanobis distance p50 = 55.8846 too high. Fallback to pose update.
04-10 19:17:40.051 11787 12127 I Telemetry: App memory usage: PSS=375MB
04-10 19:17:40.053 11787 12127 I VrApi   : FPS=72,Prd=44ms,Tear=0,Early=0,Stale=0,VSnc=1,Lat=1,Fov=0,CPU4/GPU=2/5,1958/710MHz,OC=FF,TA=0/E0/E0,SP=N/F/F,Mem=1804MHz,Free=1624MB,PSM=0,PLS=0,Temp=28.0C/0.0C,TW=2.40ms,App=10.30ms,GD=0.00ms,CPU&GPU=15.47ms,LCnt=2,GPU%=0.84,CPU%=0.61(W0.70),DSF=1.00
04-10 19:17:40.346  1729 12016 I libjingle: [10954:884] [12016] (videoadapter.cc:313): VAdapt Frame: scaled 0 / out 1620 / in 1620 Changes: 0 Input: 512x512 i33333333 Scale: 1 Output: 512x512 i33333333 Changed: false
04-10 19:17:40.531 11787 11787 D UE4     : [GameActivity] Battery: status = 2, rawlevel = 100, scale = 100
04-10 19:17:40.532 11787 11787 D UE4     : nativeBatteryEvent(stat = 2, lvl = 100  temp = 29.00 C)
04-10 19:17:40.534  1729 12212 I MediaCodecVideoEncoder: [10955:072] [12212] MediaCodecVideoEncoder: Encoded frames: 1618. Bitrate: 2851, target: 3000 kbps, fps: 36, encTime: 20. QP: 0 for last 3015 ms.
04-10 19:17:40.536  1524  1524 I BleModule: Notifying device: 5B:3B:E4:CD:B1:DE
04-10 19:17:40.557  1442 12330 I OSUpdateService: Intent with action system_battery_changed
04-10 19:17:40.591  1245  1375 D BtGatt.GattService: onResponseSendCompleted() handle=42
04-10 19:17:40.591  1524 12331 D CompanionBLEReceiver: Received HMD_STATUS Request
04-10 19:17:40.651  1245  1375 D BtGatt.GattService: onResponseSendCompleted() handle=42
04-10 19:17:40.703 11787 12127 I VrApi   : FPS=72,Prd=44ms,Tear=0,Early=0,Stale=14,VSnc=1,Lat=1,Fov=0,CPU4/GPU=4/5,2304/710MHz,OC=FF,TA=0/E0/E0,SP=N/F/F,Mem=1804MHz,Free=1619MB,PSM=0,PLS=0,Temp=29.0C/0.0C,TW=2.37ms,App=10.22ms,GD=0.00ms,CPU&GPU=18.59ms,LCnt=2,GPU%=0.74,CPU%=0.52(W0.58),DSF=1.00
04-10 19:17:40.830  1729 12016 I libjingle: [10955:368] [12016] (network.cc:786): Connect failed with 101
04-10 19:17:41.091  1729 12190 D OVRPlatform-RenderFrameCapturer: still capturing frames
04-10 19:17:41.417   718 12045 I [CT]    : MANAGEMENT:CONSTELLATION: Status=GREEN,, Obj=6394927626409450688,6DOF=1,FusJit=0.007mm,Issues(Cam/min=  0,IMU/min=0), Obj=9595495658424524695,6DOF=1,FusJit=0.0mm,Issues(Cam/min=  0,IMU/min=0)
04-10 19:17:41.596   718 11974 I [CT]    : boltlib: DSP utilization(%): 18
04-10 19:17:41.701 11787 12127 I VrApi   : FPS=63,Prd=42ms,Tear=0,Early=2,Stale=10,VSnc=1,Lat=1,Fov=0,CPU4/GPU=4/5,2304/710MHz,OC=FF,TA=0/E0/E0,SP=N/F/F,Mem=1804MHz,Free=1622MB,PSM=0,PLS=0,Temp=29.0C/0.0C,TW=2.41ms,App=8.80ms,GD=0.00ms,CPU&GPU=20.16ms,LCnt=2,GPU%=0.68,CPU%=0.36(W0.41),DSF=1.00
04-10 19:17:41.735  1245  1375 D BtGatt.GattService: onResponseSendCompleted() handle=42
04-10 19:17:41.746  1524 12334 D CompanionBLEReceiver: Received HMD_CAPABILITIES Request
04-10 19:17:41.748   696  4622 D GatekeeperNativeService: Using value 1 for gk oculus_horizon_chromecasting, user=0
04-10 19:17:41.751   696   792 D GatekeeperNativeService: Using value 0 for gk oculus_mobile_multi_user_enabled, user=0
04-10 19:17:41.755   696  9951 D GatekeeperNativeService: Using value 1 for gk oculus_tour_guide, user=0
04-10 19:17:41.755  1524 12334 I CompanionServer: ====== HmdCapabilities ======
04-10 19:17:41.755  1524 12334 I CompanionServer: chromecast_available: true
04-10 19:17:41.755  1524 12334 I CompanionServer: multi_user_available: false
04-10 19:17:41.755  1524 12334 I CompanionServer: manual_ota_version: 1
04-10 19:17:41.755  1524 12334 I CompanionServer: chromecast_native_receiver_available: true
04-10 19:17:41.755  1524 12334 I CompanionServer: tour_guide_v2_available: true
04-10 19:17:41.755  1524 12334 I CompanionServer: =============================
04-10 19:17:41.791  1245  1375 D BtGatt.GattService: onResponseSendCompleted() handle=42
04-10 19:17:41.908   718 12046 I [CT]    : VIPER:MAP_MANAGER: State: TRACKING_PERSISTENT, UUID=250ba7fd-8d3e-45ee-9911-5f39cd9b3c25, Num. Persistent maps = 4,  Persistent maps:9fe966d0-a5c8-4a86-97d4-ab48222989f7,96e793be-30e1-4fb3-ab36-9648e5d6d916,b327ec11-1d2b-4f13-9aad-47d47f025f0c,250ba7fd-8d3e-45ee-9911-5f39cd9b3c25,, Ser. Disabled = 00000000-0000-0000-0000-000000000000
04-10 19:17:41.942   718 12046 I [CT]    : VIPER: Status=6DoF,TRACKING,KF=49,Inl=299,Pts=184,Jit=0.2mm,Issues(Cam/min=0.0,IMU/min=0.0),Exp=(8.0ms,g=11.0,I=64)(7.5ms,g=10.0,I=70)(8.0ms,g=11.0,I=77)(7.1ms,g=8.0,I=68)
04-10 19:17:42.483  2072 11971 I TimeWarp: UpdateClockLevels: Apply pending clock request change: 4,5 -> 3,5
04-10 19:17:42.483  2072 11970 I Clocks  : ReleaseClocks - start
04-10 19:17:42.484   721   830 D         : CPU_CLUSTER_0: No client requests exists, release clocks
04-10 19:17:42.485   721   830 D         : CPU_CLUSTER_1: No client requests exists, release clocks
04-10 19:17:42.485   721   830 D         : GPU: No client requests exists, release clocks
04-10 19:17:42.485   721   830 D         : CPUBW: No client requests exists, release clocks
04-10 19:17:42.486  2072 11970 I Clocks  : ReleaseClocks - end (2.3 ms)
04-10 19:17:42.486  2072 11970 I Clocks  : LockClocks( cpu=3, gpu=5 ) - start
04-10 19:17:42.487  2072 11970 I Clocks  : CPU levels [0, 4]
04-10 19:17:42.487  2072 11970 I Clocks  : GPU levels [0, 5]
04-10 19:17:42.487   721  2170 D         : CPU_CLUSTER_0: Client 2072 sends freq request [21, 21]
04-10 19:17:42.487   721  2170 D         : CPU_CLUSTER_0: Next Perf Level = (21, 21)
04-10 19:17:42.488   721  2170 D         : CPU_CLUSTER_1: Client 2072 sends freq request [22, 22]
04-10 19:17:42.488   721  2170 D         : CPU_CLUSTER_1: Next Perf Level = (22, 22)
04-10 19:17:42.488   721  2170 D         : CPUBW: Client 2072 sends freq request [8, 11]
04-10 19:17:42.488   721  2170 D         : CPUBW: Next Perf Level = (8, 11)
04-10 19:17:42.488   721  2170 D         : GPU: Client 2072 sends freq request [7, 7]
04-10 19:17:42.489   721  2170 D         : GPU: Next Perf Level = (7, 7)
04-10 19:17:42.489  2072 11970 I Clocks  : LockClocks( cpu=3, gpu=5 ) - end (2.9 ms)
04-10 19:17:42.704 11787 12127 I VrApi   : FPS=72,Prd=44ms,Tear=0,Early=0,Stale=0,VSnc=1,Lat=1,Fov=0,CPU4/GPU=4/5,1958/710MHz,OC=FF,TA=0/E0/E0,SP=N/F/F,Mem=1804MHz,Free=1643MB,PSM=0,PLS=0,Temp=29.0C/0.0C,TW=2.37ms,App=8.89ms,GD=0.00ms,CPU&GPU=14.00ms,LCnt=2,GPU%=0.69,CPU%=0.47(W0.50),DSF=1.00
04-10 19:17:42.789  1729 12190 D OVRPlatform-RenderFrameCapturer: still capturing frames
04-10 19:17:42.833  1729 12016 I libjingle: [10957:371] [12016] (network.cc:786): Connect failed with 101
04-10 19:17:42.849  1729 12016 I libjingle: [10957:387] [12016] (videoadapter.cc:313): VAdapt Frame: scaled 0 / out 1710 / in 1710 Changes: 0 Input: 512x512 i33333333 Scale: 1 Output: 512x512 i33333333 Changed: false
04-10 19:17:43.244   718 12046 I [CT]    : HealthReport: ==================================================
04-10 19:17:43.244   718 12046 I [CT]    : Health Report
04-10 19:17:43.244   718 12046 I [CT]    : -------------
04-10 19:17:43.244   718 12046 I [CT]    : 
04-10 19:17:43.244   718 12046 I [CT]    : Reporter #1 (InsideOutHealthMonitor) summary:
04-10 19:17:43.244   718 12046 I [CT]    : Camera: Total Dropped: 0.000000, Total Frame Count: 2020 (0.000000%), Camera Reset Count: 0
04-10 19:17:43.244   718 12046 I [CT]    : Camera: Total Single Camera Frame Dropped: 0, Total Frame Count: 2020 (0.000000%)
04-10 19:17:43.244   718 12046 I [CT]    : IMU: Total Dropped: 0.000000, Total Sample Count: 67544 (0.000000%)
04-10 19:17:43.244   718 12046 I [CT]    : Magnetometer: Total Dropped: 0.000000, Total Sample Count: 2026 (0.000000%)
04-10 19:17:43.244   718 12046 I [CT]    : 
04-10 19:17:43.244   718 12046 I [CT]    : Reporter #1 (InsideOutHealthMonitor) Passed
04-10 19:17:43.244   718 12046 I [CT]    : --------------------------------------------------
04-10 19:17:43.244   718 12046 I [CT]    : Reporter #2 (ConstellationHealthMonitor) summary:
04-10 19:17:43.244   718 12046 I [CT]    : Camera: Total Dropped: 0.000000, Total Frame Count: 2021 (0.000000%), Camera Reset Count: 1
04-10 19:17:43.244   718 12046 I [CT]    : Camera: Total Single Camera Frame Dropped: 0, Total Frame Count: 2021 (0.000000%)
04-10 19:17:43.244   718 12046 I [CT]    : Controller 6394927626409450688:
04-10 19:17:43.244   718 12046 I [CT]    : IMU: Capture period exceeded threshold.  Largest period: 1.116476 sec
04-10 19:17:43.244   718 12046 I [CT]    : Controllers may have been sleeping
04-10 19:17:43.244   718 12046 I [CT]    : IMU: Total Dropped: 0.000000, Total Sample Count: 33230.084000 (0.000000%)
04-10 19:17:43.244   718 12046 I [CT]    : Controller 9595495658424524695:
04-10 19:17:43.244   718 12046 I [CT]    : I
04-10 19:17:43.559  1729 12212 I MediaCodecVideoEncoder: [10958:097] [12212] MediaCodecVideoEncoder: Encoded frames: 1727. Bitrate: 2794, target: 3000 kbps, fps: 36, encTime: 18. QP: 0 for last 3024 ms.
04-10 19:17:43.705 11787 12127 I VrApi   : FPS=72,Prd=45ms,Tear=0,Early=0,Stale=0,VSnc=1,Lat=1,Fov=0,CPU4/GPU=3/5,1958/710MHz,OC=FF,TA=0/E0/E0,SP=N/F/F,Mem=1804MHz,Free=1642MB,PSM=0,PLS=0,Temp=29.0C/0.0C,TW=2.40ms,App=8.75ms,GD=0.00ms,CPU&GPU=14.50ms,LCnt=2,GPU%=0.70,CPU%=0.46(W0.48),DSF=1.00
04-10 19:17:43.892  1245  1375 D BtGatt.GattService: onResponseSendCompleted() handle=42
04-10 19:17:43.893  1524 12340 D CompanionBLEReceiver: Received HMD_CAPABILITIES Request
